Component: ARM Compiler 5.06 update 6 (build 750) Tool: armlink [4d35ed]

==============================================================================

Section Cross References

    main.o(i.assert_nrf_callback) refers to app_error_handler_keil.o(.emb_text) for app_error_handler
    main.o(i.inv_icm20948_get_dataready_interrupt_time_us) refers to main.o(.data) for .data
    main.o(i.main) refers to usr_ble.o(i.usr_ble_init) for usr_ble_init
    main.o(i.main) refers to app_scheduler.o(i.app_sched_init) for app_sched_init
    main.o(i.main) refers to app_error.o(i.app_error_handler_bare) for app_error_handler_bare
    main.o(i.main) refers to printfa.o(i.__0printf) for __2printf
    main.o(i.main) refers to nrf_log_frontend.o(i.nrf_log_frontend_std_0) for nrf_log_frontend_std_0
    main.o(i.main) refers to usr_gpio.o(i.gpio_init) for gpio_init
    main.o(i.main) refers to usr_tmr.o(i.timers_init) for timers_init
    main.o(i.main) refers to imu.o(i.imu_init) for imu_init
    main.o(i.main) refers to imu.o(i.usr_ringbuf_init) for usr_ringbuf_init
    main.o(i.main) refers to app_scheduler.o(i.app_sched_execute) for app_sched_execute
    main.o(i.main) refers to imu.o(i.imu_get_bytes_available) for imu_get_bytes_available
    main.o(i.main) refers to imu.o(i.IMU_data_get) for IMU_data_get
    main.o(i.main) refers to imu.o(i.imu_set_bytes_available) for imu_set_bytes_available
    main.o(i.main) refers to nrf_log_frontend.o(i.nrf_log_frontend_std_1) for nrf_log_frontend_std_1
    main.o(i.main) refers to usr_ble.o(i.nus_send) for nus_send
    main.o(i.main) refers to nrf_log_frontend.o(i.nrf_log_frontend_dequeue) for nrf_log_frontend_dequeue
    main.o(i.main) refers to usr_ble.o(i.idle_state_handle) for idle_state_handle
    main.o(i.main) refers to main.o(.bss) for .bss
    main.o(i.main) refers to nrf_log_frontend.o(log_const_data) for m_nrf_log_app_logs_data_const
    main.o(i.main) refers to main.o(.constdata) for .constdata
    main.o(i.main) refers to usr_ble.o(.data) for nus_buffer_full
    main.o(i.main) refers to usr_ble.o(.data) for NUS_send_OK
    boards.o(i.bsp_board_button_idx_to_pin) refers to boards.o(.constdata) for .constdata
    boards.o(i.bsp_board_button_state_get) refers to boards.o(.constdata) for .constdata
    boards.o(i.bsp_board_init) refers to boards.o(i.nrf_gpio_cfg) for nrf_gpio_cfg
    boards.o(i.bsp_board_init) refers to boards.o(i.bsp_board_leds_off) for bsp_board_leds_off
    boards.o(i.bsp_board_init) refers to boards.o(.constdata) for .constdata
    boards.o(i.bsp_board_led_idx_to_pin) refers to boards.o(.constdata) for .constdata
    boards.o(i.bsp_board_led_invert) refers to boards.o(.constdata) for .constdata
    boards.o(i.bsp_board_led_off) refers to boards.o(i.nrf_gpio_pin_write) for nrf_gpio_pin_write
    boards.o(i.bsp_board_led_off) refers to boards.o(.constdata) for .constdata
    boards.o(i.bsp_board_led_on) refers to boards.o(i.nrf_gpio_pin_write) for nrf_gpio_pin_write
    boards.o(i.bsp_board_led_on) refers to boards.o(.constdata) for .constdata
    boards.o(i.bsp_board_led_state_get) refers to boards.o(.constdata) for .constdata
    boards.o(i.bsp_board_leds_off) refers to boards.o(i.bsp_board_led_off) for bsp_board_led_off
    boards.o(i.bsp_board_leds_on) refers to boards.o(i.bsp_board_led_on) for bsp_board_led_on
    boards.o(i.bsp_board_pin_to_button_idx) refers to boards.o(.constdata) for .constdata
    boards.o(i.bsp_board_pin_to_led_idx) refers to boards.o(.constdata) for .constdata
    bsp.o(i.alert_timer_handler) refers to boards.o(i.bsp_board_led_invert) for bsp_board_led_invert
    bsp.o(i.bsp_button_event_handler) refers to boards.o(i.bsp_board_pin_to_button_idx) for bsp_board_pin_to_button_idx
    bsp.o(i.bsp_button_event_handler) refers to app_timer2.o(i.app_timer_start) for app_timer_start
    bsp.o(i.bsp_button_event_handler) refers to app_timer2.o(i.app_timer_stop) for app_timer_stop
    bsp.o(i.bsp_button_event_handler) refers to bsp.o(.constdata) for .constdata
    bsp.o(i.bsp_button_event_handler) refers to bsp.o(.data) for .data
    bsp.o(i.bsp_button_event_handler) refers to bsp.o(.bss) for .bss
    bsp.o(i.bsp_button_is_pressed) refers to boards.o(i.bsp_board_button_state_get) for bsp_board_button_state_get
    bsp.o(i.bsp_buttons_disable) refers to app_button.o(i.app_button_disable) for app_button_disable
    bsp.o(i.bsp_buttons_enable) refers to app_button.o(i.app_button_enable) for app_button_enable
    bsp.o(i.bsp_event_to_button_action_assign) refers to bsp.o(.bss) for .bss
    bsp.o(i.bsp_indication_set) refers to bsp.o(i.bsp_led_indication) for bsp_led_indication
    bsp.o(i.bsp_indication_set) refers to bsp.o(.data) for .data
    bsp.o(i.bsp_init) refers to bsp.o(i.bsp_event_to_button_action_assign) for bsp_event_to_button_action_assign
    bsp.o(i.bsp_init) refers to app_button.o(i.app_button_init) for app_button_init
    bsp.o(i.bsp_init) refers to app_button.o(i.app_button_enable) for app_button_enable
[...]
    0x0002a352   0x0002a352   0x0000003a   Code   RO         7270    i.dmp_icm20948_get_pedometer_num_of_steps  icm20948dmp3driver.o
    0x0002a38c   0x0002a38c   0x00000050   Code   RO         7272    i.dmp_icm20948_reset_control_registers  icm20948dmp3driver.o
    0x0002a3dc   0x0002a3dc   0x000000e4   Code   RO         7273    i.dmp_icm20948_set_B2S_matrix  icm20948dmp3driver.o
    0x0002a4c0   0x0002a4c0   0x00000022   Code   RO         7274    i.dmp_icm20948_set_FIFO_watermark  icm20948dmp3driver.o
    0x0002a4e2   0x0002a4e2   0x00000058   Code   RO         7275    i.dmp_icm20948_set_accel_cal_params  icm20948dmp3driver.o
    0x0002a53a   0x0002a53a   0x00000022   Code   RO         7276    i.dmp_icm20948_set_accel_feedback_gain  icm20948dmp3driver.o
    0x0002a55c   0x0002a55c   0x00000054   Code   RO         7277    i.dmp_icm20948_set_accel_fsr  icm20948dmp3driver.o
    0x0002a5b0   0x0002a5b0   0x00000054   Code   RO         7278    i.dmp_icm20948_set_accel_scale2  icm20948dmp3driver.o
    0x0002a604   0x0002a604   0x00000052   Code   RO         7279    i.dmp_icm20948_set_b2s_rate  icm20948dmp3driver.o
    0x0002a656   0x0002a656   0x00000052   Code   RO         7280    i.dmp_icm20948_set_bac_rate  icm20948dmp3driver.o
    0x0002a6a8   0x0002a6a8   0x00000054   Code   RO         7281    i.dmp_icm20948_set_batchmode_params  icm20948dmp3driver.o
    0x0002a6fc   0x0002a6fc   0x00000054   Code   RO         7282    i.dmp_icm20948_set_bias_acc  icm20948dmp3driver.o
    0x0002a750   0x0002a750   0x00000054   Code   RO         7283    i.dmp_icm20948_set_bias_cmp  icm20948dmp3driver.o
    0x0002a7a4   0x0002a7a4   0x00000054   Code   RO         7284    i.dmp_icm20948_set_bias_gyr  icm20948dmp3driver.o
    0x0002a7f8   0x0002a7f8   0x000000e4   Code   RO         7286    i.dmp_icm20948_set_compass_matrix  icm20948dmp3driver.o
    0x0002a8dc   0x0002a8dc   0x00000020   Code   RO         7287    i.dmp_icm20948_set_data_interrupt_control  icm20948dmp3driver.o
    0x0002a8fc   0x0002a8fc   0x00000018   Code   RO         7288    i.dmp_icm20948_set_data_output_control1  icm20948dmp3driver.o
    0x0002a914   0x0002a914   0x00000018   Code   RO         7289    i.dmp_icm20948_set_data_output_control2  icm20948dmp3driver.o
    0x0002a92c   0x0002a92c   0x00000020   Code   RO         7290    i.dmp_icm20948_set_data_rdy_status  icm20948dmp3driver.o
    0x0002a94c   0x0002a94c   0x0000001e   Code   RO         7293    i.dmp_icm20948_set_gyro_sf  icm20948dmp3driver.o
    0x0002a96a   0x0002a96a   0x00000018   Code   RO         7294    i.dmp_icm20948_set_motion_event_control  icm20948dmp3driver.o
    0x0002a982   0x0002a982   0x00000022   Code   RO         7295    i.dmp_icm20948_set_ped_y_ratio  icm20948dmp3driver.o
    0x0002a9a4   0x0002a9a4   0x0000005e   Code   RO         7297    i.dmp_icm20948_set_sensor_rate  icm20948dmp3driver.o
    0x0002aa02   0x0002aa02   0x00000066   Code   RO         7513    i.dmp_reset_fifo    icm20948mpufifocontrol.o
    0x0002aa68   0x0002aa68   0x00000014   Code   RO         5065    i.dropped_sat16_get  nrf_log_frontend.o
    0x0002aa7c   0x0002aa7c   0x00000014   Code   RO         3947    i.drv_rtc_compare_disable  drv_rtc.o
    0x0002aa90   0x0002aa90   0x0000000e   Code   RO         3950    i.drv_rtc_compare_pending  drv_rtc.o
    0x0002aa9e   0x0002aa9e   0x00000050   Code   RO         3951    i.drv_rtc_compare_set  drv_rtc.o
    0x0002aaee   0x0002aaee   0x00000008   Code   RO         3952    i.drv_rtc_counter_get  drv_rtc.o
    0x0002aaf6   0x0002aaf6   0x00000002   PAD
    0x0002aaf8   0x0002aaf8   0x000000d8   Code   RO         3953    i.drv_rtc_init      drv_rtc.o
    0x0002abd0   0x0002abd0   0x0000001e   Code   RO         3954    i.drv_rtc_irq_trigger  drv_rtc.o
    0x0002abee   0x0002abee   0x00000008   Code   RO         3956    i.drv_rtc_overflow_enable  drv_rtc.o
    0x0002abf6   0x0002abf6   0x00000008   Code   RO         3957    i.drv_rtc_overflow_pending  drv_rtc.o
    0x0002abfe   0x0002abfe   0x00000008   Code   RO         3958    i.drv_rtc_start     drv_rtc.o
    0x0002ac06   0x0002ac06   0x00000008   Code   RO         3959    i.drv_rtc_stop      drv_rtc.o
    0x0002ac0e   0x0002ac0e   0x000000de   Code   RO         3964    i.drv_rtc_windowed_compare_set  drv_rtc.o
    0x0002acec   0x0002acec   0x00000012   Code   RO         3965    i.evt_enable        drv_rtc.o
    0x0002acfe   0x0002acfe   0x00000002   PAD
    0x0002ad00   0x0002ad00   0x000000e0   Code   RO         3324    i.evt_handle        app_button.o
    0x0002ade0   0x0002ade0   0x00000014   Code   RO         3966    i.evt_pending       drv_rtc.o
    0x0002adf4   0x0002adf4   0x00000074   Code   RO         7514    i.extract_sample_cnt  icm20948mpufifocontrol.o
    0x0002ae68   0x0002ae68   0x00000014   Code   RO         3540    i.fifo_get          app_fifo.o
    0x0002ae7c   0x0002ae7c   0x00000012   Code   RO         3541    i.fifo_put          app_fifo.o
    0x0002ae8e   0x0002ae8e   0x0000000a   Code   RO         1235    i.flag_toggle       ble_conn_state.o
    0x0002ae98   0x0002ae98   0x00000028   Code   RO         1028    i.flags_set         ble_advertising.o
    0x0002aec0   0x0002aec0   0x0000000e   Code   RO         4887    i.fputc             retarget.o
    0x0002aece   0x0002aece   0x00000002   PAD
    0x0002aed0   0x0002aed0   0x00000050   Code   RO         9642    i.free              mc_w.l(malloc.o)
    0x0002af20   0x0002af20   0x00000130   Code   RO         9076    i.gatt_evt_handler  usr_ble.o
    0x0002b050   0x0002b050   0x00000030   Code   RO         9077    i.gatt_init         usr_ble.o
    0x0002b080   0x0002b080   0x000000c4   Code   RO         6684    i.getMinDlyAccel    icm20948databasecontrol.o
    0x0002b144   0x0002b144   0x00000078   Code   RO         6685    i.getMinDlyGyro     icm20948databasecontrol.o
    0x0002b1bc   0x0002b1bc   0x00000038   Code   RO         6686    i.get_multiple_56_rate  icm20948databasecontrol.o
    0x0002b1f4   0x0002b1f4   0x00000034   Code   RO         3669    i.get_now           app_timer2.o
    0x0002b228   0x0002b228   0x00000118   Code   RO         7515    i.get_packet_size_and_samplecnt  icm20948mpufifocontrol.o
    0x0002b340   0x0002b340   0x00000074   Code   RO         5939    i.gpio_init         usr_gpio.o
    0x0002b3b4   0x0002b3b4   0x0000003c   Code   RO         3325    i.gpiote_event_handler  app_button.o
    0x0002b3f0   0x0002b3f0   0x00000040   Code   RO         5998    i.gpiote_evt_handler  imu.o
    0x0002b430   0x0002b430   0x0000003c   Code   RO         5999    i.gpiote_evt_sceduled  imu.o
    0x0002b46c   0x0002b46c   0x00000014   Code   RO         6202    i.host_serif_read_reg_legacy  deviceicm20948.o
    0x0002b480   0x0002b480   0x00000014   Code   RO         6203    i.host_serif_write_reg_legacy  deviceicm20948.o
    0x0002b494   0x0002b494   0x00000078   Code   RO         5785    i.i2c_read_bytes    usr_twi.o
    0x0002b50c   0x0002b50c   0x00000084   Code   RO         5787    i.i2c_write_byte    usr_twi.o
    0x0002b590   0x0002b590   0x00000070   Code   RO         6204    i.idd_driver_2_sensortype  deviceicm20948.o
    0x0002b600   0x0002b600   0x0000007e   Code   RO         6205    i.idd_sensortype_2_driver  deviceicm20948.o
    0x0002b67e   0x0002b67e   0x00000014   Code   RO         9078    i.idle_state_handle  usr_ble.o
    0x0002b692   0x0002b692   0x00000002   PAD
    0x0002b694   0x0002b694   0x0000000c   Code   RO         6000    i.imu_get_bytes_available  imu.o
    0x0002b6a0   0x0002b6a0   0x00000408   Code   RO         6001    i.imu_init          imu.o
    0x0002baa8   0x0002baa8   0x0000000c   Code   RO         6002    i.imu_set_bytes_available  imu.o
    0x0002bab4   0x0002bab4   0x00000028   Code   RO         1134    i.instance_get      ble_conn_params.o
    0x0002badc   0x0002badc   0x000000a4   Code   RO         4503    i.int_print         nrf_fprintf_format.o
    0x0002bb80   0x0002bb80   0x00000088   Code   RO         2739    i.interrupts_enable  nrfx_uarte.o
    0x0002bc08   0x0002bc08   0x00000078   Code   RO         7700    i.inv_check_accelgyro_self_test  icm20948selftest.o
    0x0002bc80   0x0002bc80   0x00000096   Code   RO         6687    i.inv_convert_androidSensor_to_control  icm20948databasecontrol.o
    0x0002bd16   0x0002bd16   0x00000014   Code   RO         7516    i.inv_decode_3_16bit_elements  icm20948mpufifocontrol.o
    0x0002bd2a   0x0002bd2a   0x0000002c   Code   RO         7517    i.inv_decode_3_32bit_elements  icm20948mpufifocontrol.o
    0x0002bd56   0x0002bd56   0x0000002c   Code   RO         6206    i.inv_device_icm20948_cleanup  deviceicm20948.o
    0x0002bd82   0x0002bd82   0x0000001c   Code   RO         6207    i.inv_device_icm20948_enable_sensor  deviceicm20948.o
    0x0002bd9e   0x0002bd9e   0x0000004e   Code   RO         6208    i.inv_device_icm20948_get_sensor_config  deviceicm20948.o
    0x0002bdec   0x0002bdec   0x00000050   Code   RO         6209    i.inv_device_icm20948_init  deviceicm20948.o
    0x0002be3c   0x0002be3c   0x000000a0   Code   RO         6210    i.inv_device_icm20948_init2  deviceicm20948.o
    0x0002bedc   0x0002bedc   0x00000008   Code   RO         6211    i.inv_device_icm20948_init_aux_compass  deviceicm20948.o
    0x0002bee4   0x0002bee4   0x0000000a   Code   RO         6212    i.inv_device_icm20948_load  deviceicm20948.o
    0x0002beee   0x0002beee   0x00000064   Code   RO         6213    i.inv_device_icm20948_ping_sensor  deviceicm20948.o
    0x0002bf52   0x0002bf52   0x00000002   PAD
    0x0002bf54   0x0002bf54   0x00000010   Code   RO         6214    i.inv_device_icm20948_poll  deviceicm20948.o
    0x0002bf64   0x0002bf64   0x00000012   Code   RO         6215    i.inv_device_icm20948_read_mems_register  deviceicm20948.o
    0x0002bf76   0x0002bf76   0x00000002   PAD
    0x0002bf78   0x0002bf78   0x00000064   Code   RO         6216    i.inv_device_icm20948_reset  deviceicm20948.o
    0x0002bfdc   0x0002bfdc   0x00000084   Code   RO         6217    i.inv_device_icm20948_self_test  deviceicm20948.o
    0x0002c060   0x0002c060   0x00000074   Code   RO         6218    i.inv_device_icm20948_set_sensor_config  deviceicm20948.o
    0x0002c0d4   0x0002c0d4   0x0000001c   Code   RO         6219    i.inv_device_icm20948_set_sensor_mounting_matrix  deviceicm20948.o
    0x0002c0f0   0x0002c0f0   0x00000022   Code   RO         6220    i.inv_device_icm20948_set_sensor_period_us  deviceicm20948.o
    0x0002c112   0x0002c112   0x00000008   Code   RO         6221    i.inv_device_icm20948_set_sensor_timeout  deviceicm20948.o
    0x0002c11a   0x0002c11a   0x00000002   PAD
    0x0002c11c   0x0002c11c   0x000001b8   Code   RO         6222    i.inv_device_icm20948_setup  deviceicm20948.o
    0x0002c2d4   0x0002c2d4   0x00000012   Code   RO         6223    i.inv_device_icm20948_whoami  deviceicm20948.o
    0x0002c2e6   0x0002c2e6   0x00000012   Code   RO         6224    i.inv_device_icm20948_write_mems_register  deviceicm20948.o
    0x0002c2f8   0x0002c2f8   0x0000001e   Code   RO         6003    i.inv_device_ping_sensor  imu.o
    0x0002c316   0x0002c316   0x00000024   Code   RO         6004    i.inv_device_set_sensor_period  imu.o
    0x0002c33a   0x0002c33a   0x00000020   Code   RO         6005    i.inv_device_start_sensor  imu.o
    0x0002c35a   0x0002c35a   0x00000090   Code   RO         7701    i.inv_do_test_accelgyro  icm20948selftest.o
    0x0002c3ea   0x0002c3ea   0x00000002   PAD
    0x0002c3ec   0x0002c3ec   0x000003c4   Code   RO         6688    i.inv_enable_sensor_internal  icm20948databasecontrol.o
    0x0002c7b0   0x0002c7b0   0x0000000e   Code   RO         6881    i.inv_icm20948_allow_lpen_control  icm20948databasedriver.o
    0x0002c7be   0x0002c7be   0x0000003e   Code   RO         6534    i.inv_icm20948_apply_raw_compass_matrix  icm20948auxcompassakm.o
    0x0002c7fc   0x0002c7fc   0x00000030   Code   RO         6449    i.inv_icm20948_augmented_init  icm20948augmented.o
    0x0002c82c   0x0002c82c   0x00000090   Code   RO         6450    i.inv_icm20948_augmented_sensors_get_gravity  icm20948augmented.o
    0x0002c8bc   0x0002c8bc   0x0000002c   Code   RO         6451    i.inv_icm20948_augmented_sensors_get_linearacceleration  icm20948augmented.o
    0x0002c8e8   0x0002c8e8   0x0000009c   Code   RO         6452    i.inv_icm20948_augmented_sensors_get_orientation  icm20948augmented.o
    0x0002c984   0x0002c984   0x0000013c   Code   RO         6453    i.inv_icm20948_augmented_sensors_set_odr  icm20948augmented.o
    0x0002cac0   0x0002cac0   0x000000f2   Code   RO         6454    i.inv_icm20948_augmented_sensors_update_odr  icm20948augmented.o
    0x0002cbb2   0x0002cbb2   0x000000fc   Code   RO         6689    i.inv_icm20948_base_control_init  icm20948databasecontrol.o
    0x0002ccae   0x0002ccae   0x000001de   Code   RO         6535    i.inv_icm20948_check_akm_self_test  icm20948auxcompassakm.o
    0x0002ce8c   0x0002ce8c   0x0000012c   Code   RO         6536    i.inv_icm20948_compass_dmp_cal  icm20948auxcompassakm.o
    0x0002cfb8   0x0002cfb8   0x00000010   Code   RO         6538    i.inv_icm20948_compass_isconnected  icm20948auxcompassakm.o
    0x0002cfc8   0x0002cfc8   0x0000000e   Code   RO         7075    i.inv_icm20948_convert_big8_to_int32  icm20948dataconverter.o
    0x0002cfd6   0x0002cfd6   0x0000003c   Code   RO         7076    i.inv_icm20948_convert_compute_scalar_part_fxp  icm20948dataconverter.o
    0x0002d012   0x0002d012   0x0000004e   Code   RO         7078    i.inv_icm20948_convert_dmp3_to_body  icm20948dataconverter.o
    0x0002d060   0x0002d060   0x000000c4   Code   RO         7079    i.inv_icm20948_convert_fast_sqrt_fxp  icm20948dataconverter.o
    0x0002d124   0x0002d124   0x00000042   Code   RO         7080    i.inv_icm20948_convert_get_highest_bit_position  icm20948dataconverter.o
    0x0002d166   0x0002d166   0x0000000a   Code   RO         7081    i.inv_icm20948_convert_int16_to_big8  icm20948dataconverter.o
    0x0002d170   0x0002d170   0x00000012   Code   RO         7082    i.inv_icm20948_convert_int32_to_big8  icm20948dataconverter.o
    0x0002d182   0x0002d182   0x00000002   PAD
    0x0002d184   0x0002d184   0x00000210   Code   RO         7085    i.inv_icm20948_convert_matrix_to_quat_flt  icm20948dataconverter.o
    0x0002d394   0x0002d394   0x0000000c   Code   RO         7087    i.inv_icm20948_convert_mult_q30_fxp  icm20948dataconverter.o
    0x0002d3a0   0x0002d3a0   0x0000000c   Code   RO         7088    i.inv_icm20948_convert_mult_qfix_fxp  icm20948dataconverter.o
    0x0002d3ac   0x0002d3ac   0x0000004c   Code   RO         7089    i.inv_icm20948_convert_quat_rotate_fxp  icm20948dataconverter.o
    0x0002d3f8   0x0002d3f8   0x000000da   Code   RO         7090    i.inv_icm20948_convert_quat_to_col_major_matrix_fxp  icm20948dataconverter.o
    0x0002d4d2   0x0002d4d2   0x00000002   PAD
    0x0002d4d4   0x0002d4d4   0x000000b8   Code   RO         7091    i.inv_icm20948_convert_rotation_vector  icm20948dataconverter.o
    0x0002d58c   0x0002d58c   0x00000090   Code   RO         7095    i.inv_icm20948_convert_test_limits_and_scale_fxp  icm20948dataconverter.o
    0x0002d61c   0x0002d61c   0x00000016   Code   RO         6690    i.inv_icm20948_ctrl_androidSensor_enabled  icm20948databasecontrol.o
    0x0002d632   0x0002d632   0x0000004a   Code   RO         6691    i.inv_icm20948_ctrl_enable_activity_classifier  icm20948databasecontrol.o
    0x0002d67c   0x0002d67c   0x00000030   Code   RO         6692    i.inv_icm20948_ctrl_enable_batch  icm20948databasecontrol.o
    0x0002d6ac   0x0002d6ac   0x0000005a   Code   RO         6694    i.inv_icm20948_ctrl_enable_sensor  icm20948databasecontrol.o
    0x0002d706   0x0002d706   0x00000040   Code   RO         6695    i.inv_icm20948_ctrl_enable_tilt  icm20948databasecontrol.o
    0x0002d746   0x0002d746   0x00000004   Code   RO         6696    i.inv_icm20948_ctrl_get_acc_bias  icm20948databasecontrol.o
    0x0002d74a   0x0002d74a   0x00000006   Code   RO         6697    i.inv_icm20948_ctrl_get_activitiy_classifier_on_flag  icm20948databasecontrol.o
    0x0002d750   0x0002d750   0x00000006   Code   RO         6699    i.inv_icm20948_ctrl_get_batch_mode_status  icm20948databasecontrol.o
    0x0002d756   0x0002d756   0x00000004   Code   RO         6700    i.inv_icm20948_ctrl_get_gyr_bias  icm20948databasecontrol.o
    0x0002d75a   0x0002d75a   0x00000004   Code   RO         6701    i.inv_icm20948_ctrl_get_mag_bias  icm20948databasecontrol.o
    0x0002d75e   0x0002d75e   0x0000001a   Code   RO         6703    i.inv_icm20948_ctrl_set_acc_bias  icm20948databasecontrol.o
    0x0002d778   0x0002d778   0x00000098   Code   RO         6704    i.inv_icm20948_ctrl_set_accel_cal_params  icm20948databasecontrol.o
    0x0002d810   0x0002d810   0x00000030   Code   RO         6705    i.inv_icm20948_ctrl_set_accel_quaternion_gain  icm20948databasecontrol.o
    0x0002d840   0x0002d840   0x0000000a   Code   RO         6706    i.inv_icm20948_ctrl_set_batch_mode_status  icm20948databasecontrol.o
    0x0002d84a   0x0002d84a   0x0000009a   Code   RO         6708    i.inv_icm20948_ctrl_set_batch_timeout_ms  icm20948databasecontrol.o
    0x0002d8e4   0x0002d8e4   0x0000001a   Code   RO         6709    i.inv_icm20948_ctrl_set_gyr_bias  icm20948databasecontrol.o
    0x0002d8fe   0x0002d8fe   0x0000001a   Code   RO         6710    i.inv_icm20948_ctrl_set_mag_bias  icm20948databasecontrol.o
    0x0002d918   0x0002d918   0x00000018   Code   RO         7518    i.inv_icm20948_dmp_get_6quaternion  icm20948mpufifocontrol.o
    0x0002d930   0x0002d930   0x00000018   Code   RO         7519    i.inv_icm20948_dmp_get_9quaternion  icm20948mpufifocontrol.o
    0x0002d948   0x0002d948   0x00000018   Code   RO         7520    i.inv_icm20948_dmp_get_accel  icm20948mpufifocontrol.o
    0x0002d960   0x0002d960   0x00000018   Code   RO         7521    i.inv_icm20948_dmp_get_bac_state  icm20948mpufifocontrol.o
    0x0002d978   0x0002d978   0x00000018   Code   RO         7522    i.inv_icm20948_dmp_get_bac_ts  icm20948mpufifocontrol.o
    0x0002d990   0x0002d990   0x00000018   Code   RO         7523    i.inv_icm20948_dmp_get_calibrated_compass  icm20948mpufifocontrol.o
    0x0002d9a8   0x0002d9a8   0x0000002c   Code   RO         7524    i.inv_icm20948_dmp_get_calibrated_gyro  icm20948mpufifocontrol.o
    0x0002d9d4   0x0002d9d4   0x00000018   Code   RO         7525    i.inv_icm20948_dmp_get_flip_pickup_state  icm20948mpufifocontrol.o
    0x0002d9ec   0x0002d9ec   0x00000018   Code   RO         7526    i.inv_icm20948_dmp_get_gmrvquaternion  icm20948mpufifocontrol.o
    0x0002da04   0x0002da04   0x0000001c   Code   RO         7527    i.inv_icm20948_dmp_get_gyro_bias  icm20948mpufifocontrol.o
    0x0002da20   0x0002da20   0x00000018   Code   RO         7528    i.inv_icm20948_dmp_get_raw_compass  icm20948mpufifocontrol.o
    0x0002da38   0x0002da38   0x00000020   Code   RO         7529    i.inv_icm20948_dmp_get_raw_gyro  icm20948mpufifocontrol.o
    0x0002da58   0x0002da58   0x0000001a   Code   RO         7745    i.inv_icm20948_enable_batch_timeout  icm20948setup.o
    0x0002da72   0x0002da72   0x00000066   Code   RO         6882    i.inv_icm20948_enable_hw_sensors  icm20948databasedriver.o
    0x0002dad8   0x0002dad8   0x00000030   Code   RO         7746    i.inv_icm20948_enable_sensor  icm20948setup.o
    0x0002db08   0x0002db08   0x00000018   Code   RO         6883    i.inv_icm20948_enter_duty_cycle_mode  icm20948databasedriver.o
    0x0002db20   0x0002db20   0x00000018   Code   RO         6884    i.inv_icm20948_enter_low_noise_mode  icm20948databasedriver.o
    0x0002db38   0x0002db38   0x00000054   Code   RO         6611    i.inv_icm20948_execute_read_secondary  icm20948auxtransport.o
    0x0002db8c   0x0002db8c   0x0000003c   Code   RO         6612    i.inv_icm20948_execute_write_secondary  icm20948auxtransport.o
    0x0002dbc8   0x0002dbc8   0x00000070   Code   RO         7531    i.inv_icm20948_fifo_pop  icm20948mpufifocontrol.o
    0x0002dc38   0x0002dc38   0x00000054   Code   RO         7532    i.inv_icm20948_fifo_swmirror  icm20948mpufifocontrol.o
    0x0002dc8c   0x0002dc8c   0x000000b0   Code   RO         7498    i.inv_icm20948_firmware_load  icm20948loadfirmware.o
    0x0002dd3c   0x0002dd3c   0x0000000c   Code   RO         7533    i.inv_icm20948_get_accel_accuracy  icm20948mpufifocontrol.o
    0x0002dd48   0x0002dd48   0x00000006   Code   RO         6885    i.inv_icm20948_get_accel_divider  icm20948databasedriver.o
    0x0002dd4e   0x0002dd4e   0x00000006   Code   RO         6886    i.inv_icm20948_get_accel_fullscale  icm20948databasedriver.o
    0x0002dd54   0x0002dd54   0x00000082   Code   RO         7747    i.inv_icm20948_get_bias  icm20948setup.o
    0x0002ddd6   0x0002ddd6   0x00000004   Code   RO         6887    i.inv_icm20948_get_chip_power_state  icm20948databasedriver.o
    0x0002ddda   0x0002ddda   0x00000006   Code   RO         6888    i.inv_icm20948_get_compass_availability  icm20948databasedriver.o
    0x0002dde0   0x0002dde0   0x00000008   Code   RO         7301    i.inv_icm20948_get_dmp_start_address  icm20948dmp3driver.o
    0x0002dde8   0x0002dde8   0x00000078   Code   RO         7748    i.inv_icm20948_get_fsr  icm20948setup.o
    0x0002de60   0x0002de60   0x0000000c   Code   RO         7534    i.inv_icm20948_get_gmrv_accuracy  icm20948mpufifocontrol.o
    0x0002de6c   0x0002de6c   0x0000000c   Code   RO         7535    i.inv_icm20948_get_gyro_accuracy  icm20948mpufifocontrol.o
    0x0002de78   0x0002de78   0x00000004   Code   RO         6889    i.inv_icm20948_get_gyro_divider  icm20948databasedriver.o
    0x0002de7c   0x0002de7c   0x00000006   Code   RO         6890    i.inv_icm20948_get_gyro_fullscale  icm20948databasedriver.o
    0x0002de82   0x0002de82   0x00000008   Code   RO         7749    i.inv_icm20948_get_lowpower_or_highperformance  icm20948setup.o
    0x0002de8a   0x0002de8a   0x00000002   PAD
    0x0002de8c   0x0002de8c   0x0000000c   Code   RO         7536    i.inv_icm20948_get_mag_accuracy  icm20948mpufifocontrol.o
    0x0002de98   0x0002de98   0x0000000c   Code   RO         7537    i.inv_icm20948_get_rv_accuracy  icm20948mpufifocontrol.o
    0x0002dea4   0x0002dea4   0x00000004   Code   RO         6893    i.inv_icm20948_get_secondary_divider  icm20948databasedriver.o
    0x0002dea8   0x0002dea8   0x00000014   Code   RO         6006    i.inv_icm20948_get_time_us  imu.o
    0x0002debc   0x0002debc   0x0000000a   Code   RO         7750    i.inv_icm20948_get_whoami  icm20948setup.o
    0x0002dec6   0x0002dec6   0x0000003e   Code   RO         7538    i.inv_icm20948_identify_interrupt  icm20948mpufifocontrol.o
    0x0002df04   0x0002df04   0x00000050   Code   RO         7751    i.inv_icm20948_init_matrix  icm20948setup.o
    0x0002df54   0x0002df54   0x00000016   Code   RO         7752    i.inv_icm20948_init_scale  icm20948setup.o
    0x0002df6a   0x0002df6a   0x0000006e   Code   RO         6613    i.inv_icm20948_init_secondary  icm20948auxtransport.o
    0x0002dfd8   0x0002dfd8   0x0000003a   Code   RO         7753    i.inv_icm20948_init_structure  icm20948setup.o
    0x0002e012   0x0002e012   0x00000022   Code   RO         7754    i.inv_icm20948_initialize  icm20948setup.o
    0x0002e034   0x0002e034   0x00000014   Code   RO         7755    i.inv_icm20948_initialize_auxiliary  icm20948setup.o
    0x0002e048   0x0002e048   0x000001c4   Code   RO         6894    i.inv_icm20948_initialize_lower_driver  icm20948databasedriver.o
    0x0002e20c   0x0002e20c   0x00000188   Code   RO         7539    i.inv_icm20948_inv_decode_one_ivory_fifo_packet  icm20948mpufifocontrol.o
    0x0002e394   0x0002e394   0x00000028   Code   RO         7756    i.inv_icm20948_is_streamed_sensor  icm20948setup.o
    0x0002e3bc   0x0002e3bc   0x00000006   Code   RO         7757    i.inv_icm20948_load  icm20948setup.o
    0x0002e3c2   0x0002e3c2   0x00000008   Code   RO         7302    i.inv_icm20948_load_firmware  icm20948dmp3driver.o
    0x0002e3ca   0x0002e3ca   0x00000002   PAD
    0x0002e3cc   0x0002e3cc   0x000000cc   Code   RO         7097    i.inv_icm20948_math_atan2_q15_fxp  icm20948dataconverter.o
    0x0002e498   0x0002e498   0x00000030   Code   RO         7540    i.inv_icm20948_mpu_set_FIFO_RST_Diamond  icm20948mpufifocontrol.o
    0x0002e4c8   0x0002e4c8   0x0000093c   Code   RO         7758    i.inv_icm20948_poll_sensor  icm20948setup.o
    0x0002ee04   0x0002ee04   0x00000008   Code   RO         6895    i.inv_icm20948_prevent_lpen_control  icm20948databasedriver.o
    0x0002ee0c   0x0002ee0c   0x000000b2   Code   RO         7098    i.inv_icm20948_q_mult_q_qi  icm20948dataconverter.o
    0x0002eebe   0x0002eebe   0x00000118   Code   RO         7950    i.inv_icm20948_read_mems  icm20948transport.o
    0x0002efd6   0x0002efd6   0x000000ca   Code   RO         7951    i.inv_icm20948_read_mems_reg  icm20948transport.o
    0x0002f0a0   0x0002f0a0   0x00000026   Code   RO         7952    i.inv_icm20948_read_reg  icm20948transport.o
    0x0002f0c6   0x0002f0c6   0x00000054   Code   RO         6614    i.inv_icm20948_read_secondary  icm20948auxtransport.o
    0x0002f11a   0x0002f11a   0x0000002c   Code   RO         6540    i.inv_icm20948_register_aux_compass  icm20948auxcompassakm.o
    0x0002f146   0x0002f146   0x0000005a   Code   RO         6541    i.inv_icm20948_resume_akm  icm20948auxcompassakm.o
    0x0002f1a0   0x0002f1a0   0x00000096   Code   RO         7702    i.inv_icm20948_run_selftest  icm20948selftest.o
    0x0002f236   0x0002f236   0x0000000e   Code   RO         6615    i.inv_icm20948_secondary_disable_i2c  icm20948auxtransport.o
    0x0002f244   0x0002f244   0x0000000e   Code   RO         6616    i.inv_icm20948_secondary_enable_i2c  icm20948auxtransport.o
    0x0002f252   0x0002f252   0x00000020   Code   RO         6619    i.inv_icm20948_secondary_set_odr  icm20948auxtransport.o
    0x0002f272   0x0002f272   0x0000000c   Code   RO         6620    i.inv_icm20948_secondary_stop_channel  icm20948auxtransport.o
    0x0002f27e   0x0002f27e   0x0000009c   Code   RO         7759    i.inv_icm20948_sensor_android_2_sensor_type  icm20948setup.o
    0x0002f31a   0x0002f31a   0x00000020   Code   RO         6896    i.inv_icm20948_set_accel_divider  icm20948databasedriver.o
    0x0002f33a   0x0002f33a   0x00000032   Code   RO         6897    i.inv_icm20948_set_accel_fullscale  icm20948databasedriver.o
    0x0002f36c   0x0002f36c   0x0000009a   Code   RO         7760    i.inv_icm20948_set_bias  icm20948setup.o
    0x0002f406   0x0002f406   0x000000ac   Code   RO         6898    i.inv_icm20948_set_chip_power_state  icm20948databasedriver.o
    0x0002f4b2   0x0002f4b2   0x0000000c   Code   RO         7099    i.inv_icm20948_set_chip_to_body  icm20948dataconverter.o
    0x0002f4be   0x0002f4be   0x00000002   PAD
    0x0002f4c0   0x0002f4c0   0x000000f4   Code   RO         7100    i.inv_icm20948_set_chip_to_body_axis_quaternion  icm20948dataconverter.o
    0x0002f5b4   0x0002f5b4   0x0000002e   Code   RO         6899    i.inv_icm20948_set_dmp_address  icm20948databasedriver.o
    0x0002f5e2   0x0002f5e2   0x00000078   Code   RO         7761    i.inv_icm20948_set_fsr  icm20948setup.o
    0x0002f65a   0x0002f65a   0x00000014   Code   RO         6900    i.inv_icm20948_set_gyro_divider  icm20948databasedriver.o
    0x0002f66e   0x0002f66e   0x0000001e   Code   RO         6901    i.inv_icm20948_set_gyro_fullscale  icm20948databasedriver.o
    0x0002f68c   0x0002f68c   0x000000a8   Code   RO         6902    i.inv_icm20948_set_gyro_sf  icm20948databasedriver.o
    0x0002f734   0x0002f734   0x0000009e   Code   RO         6903    i.inv_icm20948_set_icm20948_accel_fullscale  icm20948databasedriver.o
    0x0002f7d2   0x0002f7d2   0x000000c0   Code   RO         6904    i.inv_icm20948_set_icm20948_gyro_fullscale  icm20948databasedriver.o
    0x0002f892   0x0002f892   0x00000010   Code   RO         7762    i.inv_icm20948_set_lowpower_or_highperformance  icm20948setup.o
    0x0002f8a2   0x0002f8a2   0x00000002   PAD
    0x0002f8a4   0x0002f8a4   0x000000b8   Code   RO         7763    i.inv_icm20948_set_matrix  icm20948setup.o
    0x0002f95c   0x0002f95c   0x00000232   Code   RO         6711    i.inv_icm20948_set_odr  icm20948databasecontrol.o
    0x0002fb8e   0x0002fb8e   0x00000002   PAD
    0x0002fb90   0x0002fb90   0x00000034   Code   RO         6906    i.inv_icm20948_set_secondary  icm20948databasedriver.o
    0x0002fbc4   0x0002fbc4   0x00000010   Code   RO         6907    i.inv_icm20948_set_secondary_divider  icm20948databasedriver.o
    0x0002fbd4   0x0002fbd4   0x0000003c   Code   RO         7764    i.inv_icm20948_set_sensor_period  icm20948setup.o
    0x0002fc10   0x0002fc10   0x0000004a   Code   RO         6909    i.inv_icm20948_set_slave_compass_id  icm20948databasedriver.o
    0x0002fc5a   0x0002fc5a   0x00000002   PAD
    0x0002fc5c   0x0002fc5c   0x0000008c   Code   RO         6542    i.inv_icm20948_setup_compass_akm  icm20948auxcompassakm.o
    0x0002fce8   0x0002fce8   0x00000008   Code   RO         7953    i.inv_icm20948_sleep_100us  icm20948transport.o
    0x0002fcf0   0x0002fcf0   0x00000026   Code   RO         6910    i.inv_icm20948_sleep_mems  icm20948databasedriver.o
    0x0002fd16   0x0002fd16   0x00000004   Code   RO         6007    i.inv_icm20948_sleep_us  imu.o
    0x0002fd1a   0x0002fd1a   0x00000002   PAD
    0x0002fd1c   0x0002fd1c   0x0000001c   Code   RO         7765    i.inv_icm20948_soft_reset  icm20948setup.o
    0x0002fd38   0x0002fd38   0x00000030   Code   RO         6543    i.inv_icm20948_suspend_akm  icm20948auxcompassakm.o
    0x0002fd68   0x0002fd68   0x0000000e   Code   RO         7954    i.inv_icm20948_transport_init  icm20948transport.o
    0x0002fd76   0x0002fd76   0x000001a6   Code   RO         7766    i.inv_icm20948_updateTs  icm20948setup.o
    0x0002ff1c   0x0002ff1c   0x00000064   Code   RO         6911    i.inv_icm20948_wakeup_mems  icm20948databasedriver.o
    0x0002ff80   0x0002ff80   0x000000c0   Code   RO         7955    i.inv_icm20948_write_mems  icm20948transport.o
    0x00030040   0x00030040   0x00000090   Code   RO         7956    i.inv_icm20948_write_mems_reg  icm20948transport.o
    0x000300d0   0x000300d0   0x00000026   Code   RO         7957    i.inv_icm20948_write_reg  icm20948transport.o
    0x000300f6   0x000300f6   0x00000060   Code   RO         6621    i.inv_icm20948_write_secondary  icm20948auxtransport.o
    0x00030156   0x00030156   0x0000006c   Code   RO         7958    i.inv_icm20948_write_single_mems_reg  icm20948transport.o
    0x000301c2   0x000301c2   0x00000022   Code   RO         7959    i.inv_icm20948_write_single_mems_reg_core  icm20948transport.o
    0x000301e4   0x000301e4   0x00000028   Code   RO         8691    i.inv_msg           message.o
    0x0003020c   0x0003020c   0x0000001c   Code   RO         8694    i.inv_msg_setup     message.o
    0x00030228   0x00030228   0x00000038   Code   RO         6712    i.inv_reGenerate_sensorControl  icm20948databasecontrol.o
    0x00030260   0x00030260   0x0000013a   Code   RO         7703    i.inv_recover_setting  icm20948selftest.o
    0x0003039a   0x0003039a   0x0000011a   Code   RO         7704    i.inv_save_setting  icm20948selftest.o
    0x000304b4   0x000304b4   0x0000006c   Code   RO         7705    i.inv_selftest_read_samples  icm20948selftest.o
    0x00030520   0x00030520   0x0000002c   Code   RO         6408    i.inv_sensor_str    sensor.o
    0x0003054c   0x0003054c   0x0000004a   Code   RO         7960    i.inv_set_bank      icm20948transport.o
    0x00030596   0x00030596   0x00000002   PAD
    0x00030598   0x00030598   0x00000374   Code   RO         6713    i.inv_set_hw_smplrt_dmp_odrs  icm20948databasecontrol.o
    0x0003090c   0x0003090c   0x0000015c   Code   RO         7706    i.inv_setup_selftest  icm20948selftest.o
    0x00030a68   0x00030a68   0x00000034   Code   RO         5066    i.invalid_packets_omit  nrf_log_frontend.o
    0x00030a9c   0x00030a9c   0x0000009c   Code   RO         7101    i.invn_convert_inv_sqrt_q15_fxp  icm20948dataconverter.o
    0x00030b38   0x00030b38   0x00000038   Code   RO         7102    i.invn_convert_inverse_q15_fxp  icm20948dataconverter.o
    0x00030b70   0x00030b70   0x0000000c   Code   RO         7103    i.invn_convert_mult_q15_fxp  icm20948dataconverter.o
    0x00030b7c   0x00030b7c   0x0000000c   Code   RO         7104    i.invn_convert_mult_q29_fxp  icm20948dataconverter.o
    0x00030b88   0x00030b88   0x000000b0   Code   RO         7105    i.invn_convert_quat_mult_fxp  icm20948dataconverter.o
    0x00030c38   0x00030c38   0x00000044   Code   RO         3152    i.irq_handler       nrfx_timer.o
    0x00030c7c   0x00030c7c   0x00000044   Code   RO         1135    i.is_conn_params_ok  ble_conn_params.o
    0x00030cc0   0x00030cc0   0x0000002c   Code   RO          648    i.leds_off          bsp.o
    0x00030cec   0x00030cec   0x00000014   Code   RO          649    i.leds_timer_handler  bsp.o
    0x00030d00   0x00030d00   0x00000018   Code   RO         1480    i.link_init         nrf_ble_gatt.o
    0x00030d18   0x00030d18   0x000000a4   Code   RO         5067    i.log_skip          nrf_log_frontend.o
    0x00030dbc   0x00030dbc   0x0000015c   Code   RO            6    i.main              main.o
    0x00030f18   0x00030f18   0x0000006c   Code   RO         9643    i.malloc            mc_w.l(malloc.o)
    0x00030f84   0x00030f84   0x00000064   Code   RO          917    i.manuf_specific_data_encode  ble_advdata.o
    0x00030fe8   0x00030fe8   0x0000007c   Code   RO         4542    i.memobj_op         nrf_memobj.o
    0x00031064   0x00031064   0x00000030   Code   RO         5068    i.module_idx_get    nrf_log_frontend.o
    0x00031094   0x00031094   0x00000028   Code   RO         6008    i.msg_printer       imu.o
    0x000310bc   0x000310bc   0x00000004   Code   RO         6009    i.my_adapter_register_interrupt_callback  imu.o
    0x000310c0   0x000310c0   0x00000004   Code   RO         6010    i.my_serif_close_adapter  imu.o
    0x000310c4   0x000310c4   0x00000004   Code   RO         6011    i.my_serif_open_adapter  imu.o
    0x000310c8   0x000310c8   0x00000020   Code   RO         6012    i.my_serif_open_read_reg  imu.o
    0x000310e8   0x000310e8   0x00000020   Code   RO         6013    i.my_serif_open_write_reg  imu.o
    0x00031108   0x00031108   0x000000a6   Code   RO          918    i.name_encode       ble_advdata.o
    0x000311ae   0x000311ae   0x00000002   PAD
    0x000311b0   0x000311b0   0x00000018   Code   RO         3610    i.next_index        app_scheduler.o
    0x000311c8   0x000311c8   0x00000026   Code   RO         4161    i.nrf_atfifo_init   nrf_atfifo.o
    0x000311ee   0x000311ee   0x00000016   Code   RO         4162    i.nrf_atfifo_item_alloc  nrf_atfifo.o
    0x00031204   0x00031204   0x00000016   Code   RO         4163    i.nrf_atfifo_item_free  nrf_atfifo.o
    0x0003121a   0x0003121a   0x00000016   Code   RO         4164    i.nrf_atfifo_item_get  nrf_atfifo.o
    0x00031230   0x00031230   0x00000016   Code   RO         4165    i.nrf_atfifo_item_put  nrf_atfifo.o
    0x00031246   0x00031246   0x00000016   Code   RO         4227    i.nrf_atflags_clear  nrf_atflags.o
    0x0003125c   0x0003125c   0x00000016   Code   RO         4232    i.nrf_atflags_get   nrf_atflags.o
    0x00031272   0x00031272   0x00000014   Code   RO         4234    i.nrf_atflags_set   nrf_atflags.o
    0x00031286   0x00031286   0x00000006   Code   RO         4294    i.nrf_atomic_flag_clear  nrf_atomic.o
    0x0003128c   0x0003128c   0x00000006   Code   RO         4295    i.nrf_atomic_flag_clear_fetch  nrf_atomic.o
    0x00031292   0x00031292   0x00000006   Code   RO         4296    i.nrf_atomic_flag_set  nrf_atomic.o
    0x00031298   0x00031298   0x00000006   Code   RO         4297    i.nrf_atomic_flag_set_fetch  nrf_atomic.o
    0x0003129e   0x0003129e   0x0000000c   Code   RO         4298    i.nrf_atomic_u32_add  nrf_atomic.o
    0x000312aa   0x000312aa   0x0000000c   Code   RO         4299    i.nrf_atomic_u32_and  nrf_atomic.o
    0x000312b6   0x000312b6   0x0000000a   Code   RO         4302    i.nrf_atomic_u32_fetch_and  nrf_atomic.o
    0x000312c0   0x000312c0   0x0000000a   Code   RO         4303    i.nrf_atomic_u32_fetch_or  nrf_atomic.o
    0x000312ca   0x000312ca   0x0000000a   Code   RO         4304    i.nrf_atomic_u32_fetch_store  nrf_atomic.o
    0x000312d4   0x000312d4   0x0000000c   Code   RO         4308    i.nrf_atomic_u32_or  nrf_atomic.o
    0x000312e0   0x000312e0   0x0000000c   Code   RO         4310    i.nrf_atomic_u32_sub  nrf_atomic.o
    0x000312ec   0x000312ec   0x00000044   Code   RO         4429    i.nrf_balloc_alloc  nrf_balloc.o
    0x00031330   0x00031330   0x00000030   Code   RO         4430    i.nrf_balloc_free   nrf_balloc.o
    0x00031360   0x00031360   0x00000030   Code   RO         4431    i.nrf_balloc_init   nrf_balloc.o
    0x00031390   0x00031390   0x00000010   Code   RO         2195    i.nrf_bitmask_bit_is_set  nrfx_gpiote.o
    0x000313a0   0x000313a0   0x00000018   Code   RO         1482    i.nrf_ble_gatt_att_mtu_periph_set  nrf_ble_gatt.o
    0x000313b8   0x000313b8   0x0000002a   Code   RO         1486    i.nrf_ble_gatt_init  nrf_ble_gatt.o
    0x000313e2   0x000313e2   0x00000002   PAD
    0x000313e4   0x000313e4   0x000000ec   Code   RO         1487    i.nrf_ble_gatt_on_ble_evt  nrf_ble_gatt.o
    0x000314d0   0x000314d0   0x00000016   Code   RO         1596    i.nrf_ble_qwr_conn_handle_assign  nrf_ble_qwr.o
    0x000314e6   0x000314e6   0x00000024   Code   RO         1597    i.nrf_ble_qwr_init  nrf_ble_qwr.o
    0x0003150a   0x0003150a   0x000000b6   Code   RO         1598    i.nrf_ble_qwr_on_ble_evt  nrf_ble_qwr.o
    0x000315c0   0x000315c0   0x0000000e   Code   RO         2053    i.nrf_clock_event_check  nrfx_clock.o
    0x000315ce   0x000315ce   0x00000010   Code   RO         2054    i.nrf_clock_event_clear  nrfx_clock.o
    0x000315de   0x000315de   0x00000002   PAD
    0x000315e0   0x000315e0   0x0000001c   Code   RO         5940    i.nrf_delay_ms      usr_gpio.o
    0x000315fc   0x000315fc   0x00000040   Code   RO         1709    i.nrf_drv_clock_init  nrf_drv_clock.o
    0x0003163c   0x0003163c   0x00000034   Code   RO         1713    i.nrf_drv_clock_lfclk_release  nrf_drv_clock.o
    0x00031670   0x00031670   0x00000040   Code   RO         2898    i.nrf_drv_twi_init  nrf_drv_twi.o
    0x000316b0   0x000316b0   0x0000002c   Code   RO         5788    i.nrf_drv_twi_xfer  usr_twi.o
    0x000316dc   0x000316dc   0x00000068   Code   RO         1861    i.nrf_drv_uart_init  nrf_drv_uart.o
    0x00031744   0x00031744   0x00000020   Code   RO         3803    i.nrf_drv_uart_rx   app_uart_fifo.o
    0x00031764   0x00031764   0x00000020   Code   RO         3804    i.nrf_drv_uart_tx   app_uart_fifo.o
    0x00031784   0x00031784   0x0000001a   Code   RO         4466    i.nrf_fprintf       nrf_fprintf.o
    0x0003179e   0x0003179e   0x00000018   Code   RO         4467    i.nrf_fprintf_buffer_flush  nrf_fprintf.o
    0x000317b6   0x000317b6   0x000001c2   Code   RO         4504    i.nrf_fprintf_fmt   nrf_fprintf_format.o
    0x00031978   0x00031978   0x00000024   Code   RO          503    i.nrf_gpio_cfg      boards.o
    0x0003199c   0x0003199c   0x00000024   Code   RO         2196    i.nrf_gpio_cfg      nrfx_gpiote.o
    0x000319c0   0x000319c0   0x00000024   Code   RO         2551    i.nrf_gpio_cfg      nrfx_uart.o
    0x000319e4   0x000319e4   0x00000024   Code   RO         2740    i.nrf_gpio_cfg      nrfx_uarte.o
    0x00031a08   0x00031a08   0x00000024   Code   RO         2989    i.nrf_gpio_cfg      nrfx_twim.o
    0x00031a2c   0x00031a2c   0x00000012   Code   RO         2990    i.nrf_gpio_cfg_default  nrfx_twim.o
    0x00031a3e   0x00031a3e   0x00000012   Code   RO         2553    i.nrf_gpio_cfg_input  nrfx_uart.o
    0x00031a50   0x00031a50   0x00000012   Code   RO         2742    i.nrf_gpio_cfg_input  nrfx_uarte.o
    0x00031a62   0x00031a62   0x00000014   Code   RO         2554    i.nrf_gpio_cfg_output  nrfx_uart.o
    0x00031a76   0x00031a76   0x00000014   Code   RO         2743    i.nrf_gpio_cfg_output  nrfx_uarte.o
    0x00031a8a   0x00031a8a   0x00000010   Code   RO         5941    i.nrf_gpio_cfg_output  usr_gpio.o
    0x00031a9a   0x00031a9a   0x00000022   Code   RO         2198    i.nrf_gpio_cfg_sense_set  nrfx_gpiote.o
    0x00031abc   0x00031abc   0x00000028   Code   RO         2199    i.nrf_gpio_latches_read_and_clear  nrfx_gpiote.o
    0x00031ae4   0x00031ae4   0x0000001e   Code   RO         2200    i.nrf_gpio_pin_present_check  nrfx_gpiote.o
    0x00031b02   0x00031b02   0x0000000e   Code   RO         2899    i.nrf_gpio_pin_set  nrf_drv_twi.o
    0x00031b10   0x00031b10   0x0000001c   Code   RO         6014    i.nrf_gpio_pin_toggle  imu.o
    0x00031b2c   0x00031b2c   0x00000016   Code   RO          504    i.nrf_gpio_pin_write  boards.o
    0x00031b42   0x00031b42   0x00000002   PAD
    0x00031b44   0x00031b44   0x00000014   Code   RO         2201    i.nrf_gpiote_event_clear  nrfx_gpiote.o
    0x00031b58   0x00031b58   0x00000010   Code   RO         2202    i.nrf_gpiote_event_is_set  nrfx_gpiote.o
    0x00031b68   0x00031b68   0x0000005c   Code   RO         5069    i.nrf_log_backend_add  nrf_log_frontend.o
    0x00031bc4   0x00031bc4   0x00000002   Code   RO         4924    i.nrf_log_backend_rtt_flush  nrf_log_backend_rtt.o
    0x00031bc6   0x00031bc6   0x00000004   Code   RO         4925    i.nrf_log_backend_rtt_init  nrf_log_backend_rtt.o
    0x00031bca   0x00031bca   0x00000002   Code   RO         4926    i.nrf_log_backend_rtt_panic_set  nrf_log_backend_rtt.o
    0x00031bcc   0x00031bcc   0x00000018   Code   RO         4927    i.nrf_log_backend_rtt_put  nrf_log_backend_rtt.o
    0x00031be4   0x00031be4   0x000000c8   Code   RO         4993    i.nrf_log_backend_serial_put  nrf_log_backend_serial.o
    0x00031cac   0x00031cac   0x00000030   Code   RO         5071    i.nrf_log_color_id_get  nrf_log_frontend.o
    0x00031cdc   0x00031cdc   0x0000001c   Code   RO         5027    i.nrf_log_default_backends_init  nrf_log_default_backends.o
    0x00031cf8   0x00031cf8   0x00000250   Code   RO         5072    i.nrf_log_frontend_dequeue  nrf_log_frontend.o
    0x00031f48   0x00031f48   0x000000a8   Code   RO         5073    i.nrf_log_frontend_hexdump  nrf_log_frontend.o
    0x00031ff0   0x00031ff0   0x00000008   Code   RO         5074    i.nrf_log_frontend_std_0  nrf_log_frontend.o
    0x00031ff8   0x00031ff8   0x0000000e   Code   RO         5075    i.nrf_log_frontend_std_1  nrf_log_frontend.o
    0x00032006   0x00032006   0x00000010   Code   RO         5076    i.nrf_log_frontend_std_2  nrf_log_frontend.o
    0x00032016   0x00032016   0x00000012   Code   RO         5077    i.nrf_log_frontend_std_3  nrf_log_frontend.o
    0x00032028   0x00032028   0x0000001c   Code   RO         5079    i.nrf_log_frontend_std_5  nrf_log_frontend.o
    0x00032044   0x00032044   0x0000001c   Code   RO         5080    i.nrf_log_frontend_std_6  nrf_log_frontend.o
    0x00032060   0x00032060   0x000000ac   Code   RO         5250    i.nrf_log_hexdump_entry_process  nrf_log_str_formatter.o
    0x0003210c   0x0003210c   0x00000028   Code   RO         5081    i.nrf_log_init      nrf_log_frontend.o
    0x00032134   0x00032134   0x00000014   Code   RO         5082    i.nrf_log_module_cnt_get  nrf_log_frontend.o
    0x00032148   0x00032148   0x0000001c   Code   RO         5085    i.nrf_log_module_name_get  nrf_log_frontend.o
    0x00032164   0x00032164   0x00000028   Code   RO         5086    i.nrf_log_panic     nrf_log_frontend.o
    0x0003218c   0x0003218c   0x000000b6   Code   RO         5251    i.nrf_log_std_entry_process  nrf_log_str_formatter.o
    0x00032242   0x00032242   0x0000005e   Code   RO         4543    i.nrf_memobj_alloc  nrf_memobj.o
    0x000322a0   0x000322a0   0x00000032   Code   RO         4544    i.nrf_memobj_free   nrf_memobj.o
    0x000322d2   0x000322d2   0x00000008   Code   RO         4545    i.nrf_memobj_get    nrf_memobj.o
    0x000322da   0x000322da   0x00000004   Code   RO         4546    i.nrf_memobj_pool_init  nrf_memobj.o
    0x000322de   0x000322de   0x0000001e   Code   RO         4547    i.nrf_memobj_put    nrf_memobj.o
    0x000322fc   0x000322fc   0x00000010   Code   RO         4548    i.nrf_memobj_read   nrf_memobj.o
    0x0003230c   0x0003230c   0x00000010   Code   RO         4549    i.nrf_memobj_write  nrf_memobj.o
    0x0003231c   0x0003231c   0x00000028   Code   RO         4621    i.nrf_pwr_mgmt_init  nrf_pwr_mgmt.o
    0x00032344   0x00032344   0x00000044   Code   RO         4622    i.nrf_pwr_mgmt_run  nrf_pwr_mgmt.o
    0x00032388   0x00032388   0x00000004   Code   RO         9079    i.nrf_qwr_error_handler  usr_ble.o
    0x0003238c   0x0003238c   0x0000007c   Code   RO         4700    i.nrf_ringbuf_cpy_get  nrf_ringbuf.o
    0x00032408   0x00032408   0x00000072   Code   RO         4701    i.nrf_ringbuf_cpy_put  nrf_ringbuf.o
    0x0003247a   0x0003247a   0x0000001c   Code   RO         4704    i.nrf_ringbuf_init  nrf_ringbuf.o
    0x00032496   0x00032496   0x0000000c   Code   RO         3967    i.nrf_rtc_event_clear  drv_rtc.o
    0x000324a2   0x000324a2   0x00000002   PAD
    0x000324a4   0x000324a4   0x00000014   Code   RO         5696    i.nrf_sdh_ble_app_ram_start_get  nrf_sdh_ble.o
    0x000324b8   0x000324b8   0x00000134   Code   RO         5697    i.nrf_sdh_ble_default_cfg_set  nrf_sdh_ble.o
    0x000325ec   0x000325ec   0x00000130   Code   RO         5698    i.nrf_sdh_ble_enable  nrf_sdh_ble.o
    0x0003271c   0x0003271c   0x00000060   Code   RO         5699    i.nrf_sdh_ble_evts_poll  nrf_sdh_ble.o
    0x0003277c   0x0003277c   0x00000074   Code   RO         5581    i.nrf_sdh_enable_request  nrf_sdh.o
    0x000327f0   0x000327f0   0x00000024   Code   RO         5582    i.nrf_sdh_evts_poll  nrf_sdh.o
    0x00032814   0x00032814   0x0000000c   Code   RO         5583    i.nrf_sdh_is_enabled  nrf_sdh.o
    0x00032820   0x00032820   0x0000003c   Code   RO         5750    i.nrf_sdh_soc_evts_poll  nrf_sdh_soc.o
    0x0003285c   0x0003285c   0x0000000a   Code   RO         4762    i.nrf_section_iter_init  nrf_section_iter.o
    0x00032866   0x00032866   0x00000024   Code   RO         4763    i.nrf_section_iter_item_set  nrf_section_iter.o
    0x0003288a   0x0003288a   0x00000020   Code   RO         4764    i.nrf_section_iter_next  nrf_section_iter.o
    0x000328aa   0x000328aa   0x00000022   Code   RO         4797    i.nrf_sortlist_add  nrf_sortlist.o
    0x000328cc   0x000328cc   0x00000006   Code   RO         4799    i.nrf_sortlist_peek  nrf_sortlist.o
    0x000328d2   0x000328d2   0x0000000e   Code   RO         4800    i.nrf_sortlist_pop  nrf_sortlist.o
    0x000328e0   0x000328e0   0x0000001e   Code   RO         4801    i.nrf_sortlist_remove  nrf_sortlist.o
    0x000328fe   0x000328fe   0x00000002   PAD
    0x00032900   0x00032900   0x00000038   Code   RO         4853    i.nrf_strerror_find  nrf_strerror.o
    0x00032938   0x00032938   0x00000014   Code   RO         4854    i.nrf_strerror_get  nrf_strerror.o
    0x0003294c   0x0003294c   0x0000000c   Code   RO         3153    i.nrf_timer_compare_event_get  nrfx_timer.o
    0x00032958   0x00032958   0x0000000c   Code   RO         3154    i.nrf_timer_event_clear  nrfx_timer.o
    0x00032964   0x00032964   0x0000000a   Code   RO         2991    i.nrf_twim_event_check  nrfx_twim.o
    0x0003296e   0x0003296e   0x0000000c   Code   RO         2992    i.nrf_twim_event_clear  nrfx_twim.o
    0x0003297a   0x0003297a   0x0000000a   Code   RO         2555    i.nrf_uart_event_check  nrfx_uart.o
    0x00032984   0x00032984   0x0000000c   Code   RO         2556    i.nrf_uart_event_clear  nrfx_uart.o
    0x00032990   0x00032990   0x0000000c   Code   RO         2557    i.nrf_uart_int_enable_check  nrfx_uart.o
    0x0003299c   0x0003299c   0x0000000a   Code   RO         2744    i.nrf_uarte_event_check  nrfx_uarte.o
    0x000329a6   0x000329a6   0x0000000c   Code   RO         2745    i.nrf_uarte_event_clear  nrfx_uarte.o
    0x000329b2   0x000329b2   0x00000002   PAD
    0x000329b4   0x000329b4   0x00000010   Code   RO         1716    i.nrf_wdt_started   nrf_drv_clock.o
    0x000329c4   0x000329c4   0x0000002c   Code   RO         2059    i.nrfx_clock_enable  nrfx_clock.o
    0x000329f0   0x000329f0   0x00000020   Code   RO         2062    i.nrfx_clock_init   nrfx_clock.o
    0x00032a10   0x00032a10   0x00000030   Code   RO         2065    i.nrfx_clock_lfclk_stop  nrfx_clock.o
    0x00032a40   0x00032a40   0x00000010   Code   RO         2900    i.nrfx_coredep_delay_us  nrf_drv_twi.o
    0x00032a50   0x00032a50   0x00000010   Code   RO         3968    i.nrfx_coredep_delay_us  drv_rtc.o
    0x00032a60   0x00032a60   0x00000010   Code   RO         6015    i.nrfx_coredep_delay_us  imu.o
    0x00032a70   0x00032a70   0x000000a0   Code   RO         2208    i.nrfx_gpiote_in_event_enable  nrfx_gpiote.o
    0x00032b10   0x00032b10   0x000000cc   Code   RO         2210    i.nrfx_gpiote_in_init  nrfx_gpiote.o
    0x00032bdc   0x00032bdc   0x00000014   Code   RO         2211    i.nrfx_gpiote_in_is_set  nrfx_gpiote.o
    0x00032bf0   0x00032bf0   0x00000074   Code   RO         2213    i.nrfx_gpiote_init  nrfx_gpiote.o
    0x00032c64   0x00032c64   0x00000014   Code   RO         2214    i.nrfx_gpiote_is_init  nrfx_gpiote.o
    0x00032c78   0x00032c78   0x00000010   Code   RO         2746    i.nrfx_is_in_ram    nrfx_uarte.o
    0x00032c88   0x00032c88   0x00000010   Code   RO         2993    i.nrfx_is_in_ram    nrfx_twim.o
    0x00032c98   0x00032c98   0x00000038   Code   RO         2497    i.nrfx_prs_acquire  nrfx_prs.o
    0x00032cd0   0x00032cd0   0x00000012   Code   RO         2498    i.nrfx_prs_release  nrfx_prs.o
    0x00032ce2   0x00032ce2   0x0000001c   Code   RO         3155    i.nrfx_timer_capture  nrfx_timer.o
    0x00032cfe   0x00032cfe   0x00000008   Code   RO         3156    i.nrfx_timer_clear  nrfx_timer.o
    0x00032d06   0x00032d06   0x0000003c   Code   RO         3157    i.nrfx_timer_compare  nrfx_timer.o
    0x00032d42   0x00032d42   0x00000002   PAD
    0x00032d44   0x00032d44   0x0000001c   Code   RO         3161    i.nrfx_timer_enable  nrfx_timer.o
    0x00032d60   0x00032d60   0x0000002a   Code   RO         3162    i.nrfx_timer_extended_compare  nrfx_timer.o
    0x00032d8a   0x00032d8a   0x00000002   PAD
    0x00032d8c   0x00032d8c   0x000000c0   Code   RO         3164    i.nrfx_timer_init   nrfx_timer.o
    0x00032e4c   0x00032e4c   0x00000038   Code   RO         2994    i.nrfx_twim_disable  nrfx_twim.o
    0x00032e84   0x00032e84   0x00000020   Code   RO         2995    i.nrfx_twim_enable  nrfx_twim.o
    0x00032ea4   0x00032ea4   0x000000e4   Code   RO         2996    i.nrfx_twim_init    nrfx_twim.o
    0x00032f88   0x00032f88   0x00000036   Code   RO         3001    i.nrfx_twim_tx      nrfx_twim.o
    0x00032fbe   0x00032fbe   0x00000002   PAD
    0x00032fc0   0x00032fc0   0x0000006c   Code   RO         3002    i.nrfx_twim_uninit  nrfx_twim.o
    0x0003302c   0x0003302c   0x00000024   Code   RO         3003    i.nrfx_twim_xfer    nrfx_twim.o
    0x00033050   0x00033050   0x00000010   Code   RO         2558    i.nrfx_uart_0_irq_handler  nrfx_uart.o
    0x00033060   0x00033060   0x000000d4   Code   RO         2560    i.nrfx_uart_init    nrfx_uart.o
    0x00033134   0x00033134   0x000000f0   Code   RO         2561    i.nrfx_uart_rx      nrfx_uart.o
    0x00033224   0x00033224   0x0000003c   Code   RO         2564    i.nrfx_uart_rx_enable  nrfx_uart.o
    0x00033260   0x00033260   0x000000a8   Code   RO         2566    i.nrfx_uart_tx      nrfx_uart.o
    0x00033308   0x00033308   0x00000020   Code   RO         2568    i.nrfx_uart_tx_in_progress  nrfx_uart.o
    0x00033328   0x00033328   0x00000010   Code   RO         2747    i.nrfx_uarte_0_irq_handler  nrfx_uarte.o
    0x00033338   0x00033338   0x0000006c   Code   RO         2749    i.nrfx_uarte_init   nrfx_uarte.o
    0x000333a4   0x000333a4   0x00000100   Code   RO         2750    i.nrfx_uarte_rx     nrfx_uarte.o
    0x000334a4   0x000334a4   0x000000ac   Code   RO         2753    i.nrfx_uarte_tx     nrfx_uarte.o
    0x00033550   0x00033550   0x0000001c   Code   RO         2755    i.nrfx_uarte_tx_in_progress  nrfx_uarte.o
    0x0003356c   0x0003356c   0x000000f0   Code   RO         9080    i.nus_data_handler  usr_ble.o
    0x0003365c   0x0003365c   0x00000030   Code   RO         9083    i.nus_send          usr_ble.o
    0x0003368c   0x0003368c   0x00000024   Code   RO         9084    i.on_adv_evt        usr_ble.o
    0x000336b0   0x000336b0   0x0000001c   Code   RO         9085    i.on_conn_params_evt  usr_ble.o
    0x000336cc   0x000336cc   0x0000006a   Code   RO         1643    i.on_connect        ble_nus.o
    0x00033736   0x00033736   0x00000002   PAD
    0x00033738   0x00033738   0x00000108   Code   RO         1488    i.on_connected_evt  nrf_ble_gatt.o
    0x00033840   0x00033840   0x00000114   Code   RO         1489    i.on_data_length_update_evt  nrf_ble_gatt.o
    0x00033954   0x00033954   0x00000080   Code   RO         1490    i.on_data_length_update_request_evt  nrf_ble_gatt.o
    0x000339d4   0x000339d4   0x0000014c   Code   RO         1491    i.on_exchange_mtu_request_evt  nrf_ble_gatt.o
    0x00033b20   0x00033b20   0x000000ac   Code   RO         1492    i.on_exchange_mtu_rsp_evt  nrf_ble_gatt.o
    0x00033bcc   0x00033bcc   0x00000084   Code   RO         1644    i.on_write          ble_nus.o
    0x00033c50   0x00033c50   0x00000012   Code   RO         1029    i.phy_is_valid      ble_advertising.o
    0x00033c62   0x00033c62   0x00000002   PAD
    0x00033c64   0x00033c64   0x0000001c   Code   RO         2232    i.pin_configured_set  nrfx_gpiote.o
    0x00033c80   0x00033c80   0x00000018   Code   RO         2233    i.pin_in_use_by_port  nrfx_gpiote.o
    0x00033c98   0x00033c98   0x00000018   Code   RO         2234    i.pin_in_use_by_te  nrfx_gpiote.o
    0x00033cb0   0x00033cb0   0x000000b0   Code   RO         2235    i.port_event_handle  nrfx_gpiote.o
    0x00033d60   0x00033d60   0x00000010   Code   RO         2236    i.port_handler_polarity_get  nrfx_gpiote.o
    0x00033d70   0x00033d70   0x0000003c   Code   RO         5253    i.postfix_process   nrf_log_str_formatter.o
    0x00033dac   0x00033dac   0x00000088   Code   RO         8941    i.ppi_sync_timer_adjust_configure  time_sync.o
    0x00033e34   0x00033e34   0x00000098   Code   RO         5254    i.prefix_process    nrf_log_str_formatter.o
    0x00033ecc   0x00033ecc   0x00000018   Code   RO         2499    i.prs_box_get       nrfx_prs.o
    0x00033ee4   0x00033ee4   0x00000178   Code   RO         8942    i.radio_callback    time_sync.o
    0x0003405c   0x0003405c   0x0000005c   Code   RO         3670    i.rtc_irq           app_timer2.o
    0x000340b8   0x000340b8   0x00000064   Code   RO         3671    i.rtc_schedule      app_timer2.o
    0x0003411c   0x0003411c   0x00000074   Code   RO         3672    i.rtc_update        app_timer2.o
    0x00034190   0x00034190   0x00000032   Code   RO         2570    i.rx_byte           nrfx_uart.o
    0x000341c2   0x000341c2   0x00000016   Code   RO         2571    i.rx_done_event     nrfx_uart.o
    0x000341d8   0x000341d8   0x00000016   Code   RO         2757    i.rx_done_event     nrfx_uarte.o
    0x000341ee   0x000341ee   0x00000020   Code   RO         2572    i.rx_enable         nrfx_uart.o
    0x0003420e   0x0003420e   0x00000002   PAD
    0x00034210   0x00034210   0x00000058   Code   RO         1717    i.sd_state_evt_handler  nrf_drv_clock.o
    0x00034268   0x00034268   0x00000030   Code   RO         5588    i.sdh_request_observer_notify  nrf_sdh.o
    0x00034298   0x00034298   0x00000028   Code   RO         5589    i.sdh_state_observer_notify  nrf_sdh.o
    0x000342c0   0x000342c0   0x00000010   Code   RO         1136    i.send_error_evt    ble_conn_params.o
    0x000342d0   0x000342d0   0x000003f0   Code   RO         6016    i.sensor_event_cb   imu.o
    0x000346c0   0x000346c0   0x0000002c   Code   RO         6714    i.sensor_needs_compass  icm20948databasecontrol.o
    0x000346ec   0x000346ec   0x00000070   Code   RO         7767    i.sensor_type_2_android_sensor  icm20948setup.o
    0x0003475c   0x0003475c   0x00000064   Code   RO         4928    i.serial_tx         nrf_log_backend_rtt.o
    0x000347c0   0x000347c0   0x00000082   Code   RO          919    i.service_data_encode  ble_advdata.o
    0x00034842   0x00034842   0x00000030   Code   RO         1419    i.set_security_req  ble_srv_common.o
    0x00034872   0x00034872   0x0000001c   Code   RO         7768    i.skip_sensor       icm20948setup.o
    0x0003488e   0x0003488e   0x00000028   Code   RO         9086    i.sleep_mode_enter  usr_ble.o
    0x000348b6   0x000348b6   0x00000002   PAD
    0x000348b8   0x000348b8   0x00000018   Code   RO         1718    i.soc_evt_handler   nrf_drv_clock.o
    0x000348d0   0x000348d0   0x00000060   Code   RO         5591    i.softdevices_evt_irq_enable  nrf_sdh.o
    0x00034930   0x00034930   0x0000000c   Code   RO         3673    i.sortlist_pop      app_timer2.o
    0x0003493c   0x0003493c   0x00000030   Code   RO         3326    i.state_set         app_button.o
    0x0003496c   0x0003496c   0x00000090   Code   RO         5088    i.std_n             nrf_log_frontend.o
    0x000349fc   0x000349fc   0x00000140   Code   RO         9087    i.sync_timer_button_init  usr_ble.o
    0x00034b3c   0x00034b3c   0x0000012c   Code   RO         8943    i.sync_timer_offset_compensate  time_sync.o
    0x00034c68   0x00034c68   0x00000058   Code   RO         8944    i.sync_timer_start  time_sync.o
    0x00034cc0   0x00034cc0   0x00000060   Code   RO         5866    i.timer_datasend_event_handler  usr_tmr.o
    0x00034d20   0x00034d20   0x0000005c   Code   RO         5867    i.timer_datasend_init  usr_tmr.o
    0x00034d7c   0x00034d7c   0x00000070   Code   RO         5868    i.timer_event_handler  usr_tmr.o
    0x00034dec   0x00034dec   0x00000058   Code   RO         3674    i.timer_expire      app_timer2.o
    0x00034e44   0x00034e44   0x0000002c   Code   RO         5869    i.timer_init        usr_tmr.o
    0x00034e70   0x00034e70   0x00000078   Code   RO         3675    i.timer_req_process  app_timer2.o
    0x00034ee8   0x00034ee8   0x00000038   Code   RO         3676    i.timer_req_schedule  app_timer2.o
    0x00034f20   0x00034f20   0x00000018   Code   RO         3327    i.timer_start       app_button.o
    0x00034f38   0x00034f38   0x0000000e   Code   RO         5870    i.timers_init       usr_tmr.o
    0x00034f46   0x00034f46   0x00000002   PAD
    0x00034f48   0x00034f48   0x0000016c   Code   RO         8946    i.timeslot_begin_handler  time_sync.o
    0x000350b4   0x000350b4   0x000000ec   Code   RO         8948    i.ts_enable         time_sync.o
    0x000351a0   0x000351a0   0x0000006c   Code   RO         8949    i.ts_init           time_sync.o
    0x0003520c   0x0003520c   0x0000013c   Code   RO         8950    i.ts_on_sys_evt     time_sync.o
    0x00035348   0x00035348   0x00000028   Code   RO         8953    i.ts_tx_start       time_sync.o
    0x00035370   0x00035370   0x0000000c   Code   RO         8954    i.ts_tx_stop        time_sync.o
    0x0003537c   0x0003537c   0x000000aa   Code   RO         2901    i.twi_clear_bus     nrf_drv_twi.o
    0x00035426   0x00035426   0x00000002   PAD
    0x00035428   0x00035428   0x00000018   Code   RO         5789    i.twi_close         usr_twi.o
    0x00035440   0x00035440   0x00000068   Code   RO         5790    i.twi_handler       usr_twi.o
    0x000354a8   0x000354a8   0x00000034   Code   RO         5791    i.twi_open          usr_twi.o
    0x000354dc   0x000354dc   0x00000044   Code   RO         2902    i.twim_evt_handler  nrf_drv_twi.o
    0x00035520   0x00035520   0x000001e4   Code   RO         3004    i.twim_irq_handler  nrfx_twim.o
    0x00035704   0x00035704   0x00000028   Code   RO         3005    i.twim_list_enable_handle  nrfx_twim.o
    0x0003572c   0x0003572c   0x000002b4   Code   RO         3006    i.twim_xfer         nrfx_twim.o
    0x000359e0   0x000359e0   0x00000020   Code   RO         2573    i.tx_byte           nrfx_uart.o
    0x00035a00   0x00035a00   0x0000001a   Code   RO         2574    i.tx_done_event     nrfx_uart.o
    0x00035a1a   0x00035a1a   0x0000001a   Code   RO         2758    i.tx_done_event     nrfx_uarte.o
    0x00035a34   0x00035a34   0x000000c0   Code   RO         9088    i.uart_event_handle  usr_ble.o
    0x00035af4   0x00035af4   0x000000a4   Code   RO         3805    i.uart_event_handler  app_uart_fifo.o
    0x00035b98   0x00035b98   0x00000030   Code   RO         1862    i.uart_evt_handler  nrf_drv_uart.o
    0x00035bc8   0x00035bc8   0x0000012a   Code   RO         2575    i.uart_irq_handler  nrfx_uart.o
    0x00035cf2   0x00035cf2   0x00000002   PAD
    0x00035cf4   0x00035cf4   0x00000030   Code   RO         1863    i.uarte_evt_handler  nrf_drv_uart.o
    0x00035d24   0x00035d24   0x00000112   Code   RO         2759    i.uarte_irq_handler  nrfx_uarte.o
    0x00035e36   0x00035e36   0x0000000a   Code   RO          920    i.uint16_encode     ble_advdata.o
    0x00035e40   0x00035e40   0x000000ac   Code   RO         4505    i.unsigned_print    nrf_fprintf_format.o
    0x00035eec   0x00035eec   0x000000a4   Code   RO         8955    i.update_radio_parameters  time_sync.o
    0x00035f90   0x00035f90   0x0000006c   Code   RO         1137    i.update_timeout_handler  ble_conn_params.o
    0x00035ffc   0x00035ffc   0x00000018   Code   RO         1030    i.use_whitelist     ble_advertising.o
    0x00036014   0x00036014   0x00000024   Code   RO         1599    i.user_mem_reply    nrf_ble_qwr.o
    0x00036038   0x00036038   0x00000200   Code   RO         9089    i.usr_ble_init      usr_ble.o
    0x00036238   0x00036238   0x00000020   Code   RO         3328    i.usr_event         app_button.o
    0x00036258   0x00036258   0x0000000c   Code   RO         6017    i.usr_ringbuf_init  imu.o
    0x00036264   0x00036264   0x00000030   Code   RO          921    i.uuid_list_encode  ble_advdata.o
    0x00036294   0x00036294   0x000000a0   Code   RO          922    i.uuid_list_sized_encode  ble_advdata.o
    0x00036334   0x00036334   0x0000003a   Code   RO          650    i.wakeup_button_cfg  bsp.o
    0x0003636e   0x0003636e   0x00000064   Code   RO         3007    i.xfer_completeness_check  nrfx_twim.o
    0x000363d2   0x000363d2   0x0000000e   PAD
    0x000363e0   0x000363e0   0x00000006   Data   RO            8    .constdata          main.o
    0x000363e6   0x000363e6   0x00000008   Data   RO          505    .constdata          boards.o
    0x000363ee   0x000363ee   0x00000002   PAD
    0x000363f0   0x000363f0   0x0000002c   Data   RO          655    .constdata          bsp.o
    0x0003641c   0x0003641c   0x00000016   Data   RO         1493    .constdata          nrf_ble_gatt.o
    0x00036432   0x00036432   0x00000002   PAD
    0x00036434   0x00036434   0x00000010   Data   RO         1645    .constdata          ble_nus.o
    0x00036444   0x00036444   0x00000004   Data   RO         2238    .constdata          nrfx_gpiote.o
    0x00036448   0x00036448   0x00000004   Data   RO         2578    .constdata          nrfx_uart.o
    0x0003644c   0x0003644c   0x00000004   Data   RO         2762    .constdata          nrfx_uarte.o
    0x00036450   0x00036450   0x00000006   Data   RO         2903    .constdata          nrf_drv_twi.o
    0x00036456   0x00036456   0x00000002   PAD
    0x00036458   0x00036458   0x00000018   Data   RO         3010    .constdata          nrfx_twim.o
    0x00036470   0x00036470   0x00000008   Data   RO         3331    .constdata          app_button.o
    0x00036478   0x00036478   0x00000014   Data   RO         3679    .constdata          app_timer2.o
    0x0003648c   0x0003648c   0x00000020   Data   RO         3807    .constdata          app_uart_fifo.o
    0x000364ac   0x000364ac   0x00000004   PAD
    0x000364b0   0x000364b0   0x00000006   Data   RO         3969    .constdata          drv_rtc.o
    0x000364b6   0x000364b6   0x00000010   Data   RO         4506    .constdata          nrf_fprintf_format.o
    0x000364c6   0x000364c6   0x00000002   PAD
    0x000364c8   0x000364c8   0x00000018   Data   RO         4626    .constdata          nrf_pwr_mgmt.o
    0x000364e0   0x000364e0   0x0000000c   Data   RO         4627    .constdata          nrf_pwr_mgmt.o
    0x000364ec   0x000364ec   0x0000013c   Data   RO         4855    .constdata          nrf_strerror.o
    0x00036628   0x00036628   0x0000000c   Data   RO         4930    .constdata          nrf_log_backend_rtt.o
    0x00036634   0x00036634   0x0000000c   PAD
    0x00036640   0x00036640   0x00000006   Data   RO         4931    .constdata          nrf_log_backend_rtt.o
    0x00036646   0x00036646   0x00000002   PAD
    0x00036648   0x00036648   0x0000000c   Data   RO         5093    .constdata          nrf_log_frontend.o
    0x00036654   0x00036654   0x00000010   Data   RO         5592    .constdata          nrf_sdh.o
    0x00036664   0x00036664   0x00000028   Data   RO         5593    .constdata          nrf_sdh.o
    0x0003668c   0x0003668c   0x00000010   Data   RO         5594    .constdata          nrf_sdh.o
    0x0003669c   0x0003669c   0x00000010   Data   RO         5595    .constdata          nrf_sdh.o
    0x000366ac   0x000366ac   0x00000020   Data   RO         5700    .constdata          nrf_sdh_ble.o
    0x000366cc   0x000366cc   0x00000010   Data   RO         5701    .constdata          nrf_sdh_ble.o
    0x000366dc   0x000366dc   0x00000010   Data   RO         5751    .constdata          nrf_sdh_soc.o
    0x000366ec   0x000366ec   0x0000000c   Data   RO         5752    .constdata          nrf_sdh_soc.o
    0x000366f8   0x000366f8   0x00000020   Data   RO         5792    .constdata          usr_twi.o
    0x00036718   0x00036718   0x00000020   Data   RO         5871    .constdata          usr_tmr.o
    0x00036738   0x00036738   0x00000008   PAD
    0x00036740   0x00036740   0x00000016   Data   RO         5942    .constdata          usr_gpio.o
    0x00036756   0x00036756   0x0000000a   PAD
    0x00036760   0x00036760   0x00000034   Data   RO         6023    .constdata          imu.o
    0x00036794   0x00036794   0x00000070   Data   RO         6225    .constdata          deviceicm20948.o
    0x00036804   0x00036804   0x0000000c   Data   RO         6545    .constdata          icm20948auxcompassakm.o
    0x00036810   0x00036810   0x00000108   Data   RO         6715    .constdata          icm20948databasecontrol.o
    0x00036918   0x00036918   0x00000200   Data   RO         7707    .constdata          icm20948selftest.o
    0x00036b18   0x00036b18   0x0000000c   Data   RO         7769    .constdata          icm20948setup.o
    0x00036b24   0x00036b24   0x00000018   Data   RO         9091    .constdata          usr_ble.o
    0x00036b3c   0x00036b3c   0x00000081   Data   RO         9332    .constdata          mc_w.l(ctype_o.o)
    0x00036bbd   0x00036bbd   0x00000003   PAD
    0x00036bc0   0x00036bc0   0x00000004   Data   RO         9333    .constdata          mc_w.l(ctype_o.o)
    0x00036bc4   0x00036bc4   0x00000020   Data   RO         9687    .constdata          m_wm.l(rredf.o)
    0x00036be4   0x00036be4   0x0000013e   Data   RO         1494    .conststring        nrf_ble_gatt.o
    0x00036d22   0x00036d22   0x00000002   PAD
    0x00036d24   0x00036d24   0x000003eb   Data   RO         4856    .conststring        nrf_strerror.o
    0x0003710f   0x0003710f   0x00000001   PAD
    0x00037110   0x00037110   0x00000066   Data   RO         5255    .conststring        nrf_log_str_formatter.o
    0x00037176   0x00037176   0x00000002   PAD
    0x00037178   0x00037178   0x000001cf   Data   RO         5702    .conststring        nrf_sdh_ble.o
    0x00037347   0x00037347   0x00000001   PAD
    0x00037348   0x00037348   0x00000af7   Data   RO         6409    .conststring        sensor.o
    0x00037e3f   0x00037e3f   0x00000001   PAD
    0x00037e40   0x00037e40   0x0000000d   Data   RO         1495    .conststrlit        nrf_ble_gatt.o
    0x00037e4d   0x00037e4d   0x00000003   PAD
    0x00037e50   0x00037e50   0x00000008   Data   RO         1646    .conststrlit        ble_nus.o
    0x00037e58   0x00037e58   0x00000006   Data   RO         1724    .conststrlit        nrf_drv_clock.o
    0x00037e5e   0x00037e5e   0x00000002   PAD
    0x00037e60   0x00037e60   0x00000006   Data   RO         2069    .conststrlit        nrfx_clock.o
    0x00037e66   0x00037e66   0x00000002   PAD
    0x00037e68   0x00037e68   0x00000007   Data   RO         2242    .conststrlit        nrfx_gpiote.o
    0x00037e6f   0x00037e6f   0x00000001   PAD
    0x00037e70   0x00037e70   0x00000004   Data   RO         2501    .conststrlit        nrfx_prs.o
    0x00037e74   0x00037e74   0x00000005   Data   RO         2581    .conststrlit        nrfx_uart.o
    0x00037e79   0x00037e79   0x00000003   PAD
    0x00037e7c   0x00037e7c   0x00000006   Data   RO         2765    .conststrlit        nrfx_uarte.o
    0x00037e82   0x00037e82   0x00000002   PAD
    0x00037e84   0x00037e84   0x00000005   Data   RO         3013    .conststrlit        nrfx_twim.o
    0x00037e89   0x00037e89   0x00000003   PAD
    0x00037e8c   0x00037e8c   0x00000006   Data   RO         3171    .conststrlit        nrfx_timer.o
    0x00037e92   0x00037e92   0x00000002   PAD
    0x00037e94   0x00037e94   0x0000000b   Data   RO         3332    .conststrlit        app_button.o
    0x00037e9f   0x00037e9f   0x00000001   PAD
    0x00037ea0   0x00037ea0   0x0000000a   Data   RO         3680    .conststrlit        app_timer2.o
    0x00037eaa   0x00037eaa   0x00000002   PAD
    0x00037eac   0x00037eac   0x00000009   Data   RO         4628    .conststrlit        nrf_pwr_mgmt.o
    0x00037eb5   0x00037eb5   0x00000003   PAD
    0x00037eb8   0x00037eb8   0x00000009   Data   RO         4802    .conststrlit        nrf_sortlist.o
    0x00037ec1   0x00037ec1   0x00000003   PAD
    0x00037ec4   0x00037ec4   0x00000010   Data   RO         5028    .conststrlit        nrf_log_default_backends.o
    0x00037ed4   0x00037ed4   0x00000004   Data   RO         5094    .conststrlit        nrf_log_frontend.o
    0x00037ed8   0x00037ed8   0x00000008   Data   RO         5596    .conststrlit        nrf_sdh.o
    0x00037ee0   0x00037ee0   0x0000000c   Data   RO         5703    .conststrlit        nrf_sdh_ble.o
    0x00037eec   0x00037eec   0x0000000c   Data   RO         5753    .conststrlit        nrf_sdh_soc.o
    0x00037ef8   0x00037ef8   0x0000000a   Data   RO         8959    .conststrlit        time_sync.o
    0x00037f02   0x00037f02   0x00000002   PAD
    0x00037f04   0x00037f04   0x00000020   Data   RO         9729    Region$$Table       anon$$obj.o
    0x00037f24   0x00037f24   0x00000010   Data   RO         5030    log_backends        nrf_log_default_backends.o
    0x00037f34   0x00037f34   0x00000008   Data   RO         1496    log_const_data      nrf_ble_gatt.o
    0x00037f3c   0x00037f3c   0x00000008   Data   RO         1647    log_const_data      ble_nus.o
    0x00037f44   0x00037f44   0x00000008   Data   RO         1725    log_const_data      nrf_drv_clock.o
    0x00037f4c   0x00037f4c   0x00000008   Data   RO         2071    log_const_data      nrfx_clock.o
    0x00037f54   0x00037f54   0x00000008   Data   RO         2243    log_const_data      nrfx_gpiote.o
    0x00037f5c   0x00037f5c   0x00000008   Data   RO         2503    log_const_data      nrfx_prs.o
    0x00037f64   0x00037f64   0x00000008   Data   RO         2582    log_const_data      nrfx_uart.o
    0x00037f6c   0x00037f6c   0x00000008   Data   RO         2766    log_const_data      nrfx_uarte.o
    0x00037f74   0x00037f74   0x00000008   Data   RO         3014    log_const_data      nrfx_twim.o
    0x00037f7c   0x00037f7c   0x00000008   Data   RO         3172    log_const_data      nrfx_timer.o
    0x00037f84   0x00037f84   0x00000008   Data   RO         3334    log_const_data      app_button.o
    0x00037f8c   0x00037f8c   0x00000008   Data   RO         3683    log_const_data      app_timer2.o
    0x00037f94   0x00037f94   0x00000008   Data   RO         4630    log_const_data      nrf_pwr_mgmt.o
    0x00037f9c   0x00037f9c   0x00000008   Data   RO         4803    log_const_data      nrf_sortlist.o
    0x00037fa4   0x00037fa4   0x00000008   Data   RO         5098    log_const_data      nrf_log_frontend.o
    0x00037fac   0x00037fac   0x00000008   Data   RO         5598    log_const_data      nrf_sdh.o
    0x00037fb4   0x00037fb4   0x00000008   Data   RO         5705    log_const_data      nrf_sdh_ble.o
    0x00037fbc   0x00037fbc   0x00000008   Data   RO         5754    log_const_data      nrf_sdh_soc.o
    0x00037fc4   0x00037fc4   0x00000008   Data   RO         8962    log_const_data      time_sync.o
    0x00037fcc   0x00037fcc   0x00000014   Data   RO         5099    nrf_balloc          nrf_log_frontend.o
    0x00037fe0   0x00037fe0   0x00000014   Data   RO         8963    nrf_balloc          time_sync.o
    0x00037ff4   0x00037ff4   0x00000008   Data   RO         1239    sdh_ble_observers0  ble_conn_state.o
    0x00037ffc   0x00037ffc   0x00000008   Data   RO          774    sdh_ble_observers1  bsp_btn_ble.o
    0x00038004   0x00038004   0x00000008   Data   RO         1140    sdh_ble_observers1  ble_conn_params.o
    0x0003800c   0x0003800c   0x00000010   Data   RO         9096    sdh_ble_observers1  usr_ble.o
    0x0003801c   0x0003801c   0x00000010   Data   RO         9097    sdh_ble_observers2  usr_ble.o
    0x0003802c   0x0003802c   0x00000008   Data   RO         9098    sdh_ble_observers3  usr_ble.o
    0x00038034   0x00038034   0x00000008   Data   RO         1726    sdh_soc_observers0  nrf_drv_clock.o
    0x0003803c   0x0003803c   0x00000008   Data   RO         8964    sdh_soc_observers0  time_sync.o
    0x00038044   0x00038044   0x00000008   Data   RO         5706    sdh_stack_observers0  nrf_sdh_ble.o
    0x0003804c   0x0003804c   0x00000008   Data   RO         5755    sdh_stack_observers0  nrf_sdh_soc.o
    0x00038054   0x00038054   0x00000008   Data   RO         1727    sdh_state_observers0  nrf_drv_clock.o


    Execution Region RW_IRAM1 (Exec base: 0x20002be0, Load base: 0x0003805c, Size: 0x0000a728, Max: 0x0000d420, ABSOLUTE, COMPRESSED[0x00002a48])

    Exec Addr    Load Addr    Size         Type   Attr      Idx    E Section Name        Object

    0x20002be0   COMPRESSED   0x00000001   Data   RW           10    .data               main.o
    0x20002be1   COMPRESSED   0x00000003   PAD
    0x20002be4   COMPRESSED   0x00000010   Data   RW          656    .data               bsp.o
    0x20002bf4   COMPRESSED   0x00000008   Data   RW          773    .data               bsp_btn_ble.o
    0x20002bfc   COMPRESSED   0x00000008   Data   RW         1139    .data               ble_conn_params.o
    0x20002c04   COMPRESSED   0x0000000c   Data   RW         1864    .data               nrf_drv_uart.o
    0x20002c10   COMPRESSED   0x00000008   Data   RW         2070    .data               nrfx_clock.o
    0x20002c18   COMPRESSED   0x00000008   Data   RW         2502    .data               nrfx_prs.o
    0x20002c20   COMPRESSED   0x00000010   Data   RW         2904    .data               nrf_drv_twi.o
    0x20002c30   COMPRESSED   0x00000018   Data   RW         3333    .data               app_button.o
    0x20002c48   COMPRESSED   0x00000010   Data   RW         3611    .data               app_scheduler.o
    0x20002c58   COMPRESSED   0x00000020   Data   RW         3681    .data               app_timer2.o
    0x20002c78   COMPRESSED   0x00000004   Data   RW         3682    .data               app_timer2.o
    0x20002c7c   COMPRESSED   0x0000001c   Data   RW         3808    .data               app_uart_fifo.o
    0x20002c98   COMPRESSED   0x0000000c   Data   RW         3970    .data               drv_rtc.o
    0x20002ca4   COMPRESSED   0x00000008   Data   RW         4629    .data               nrf_pwr_mgmt.o
    0x20002cac   COMPRESSED   0x00000004   Data   RW         4888    .data               retarget.o
    0x20002cb0   COMPRESSED   0x00000001   Data   RW         4932    .data               nrf_log_backend_rtt.o
    0x20002cb1   COMPRESSED   0x00000003   PAD
    0x20002cb4   COMPRESSED   0x00000008   Data   RW         5029    .data               nrf_log_default_backends.o
    0x20002cbc   COMPRESSED   0x00000004   Data   RW         5095    .data               nrf_log_frontend.o
    0x20002cc0   COMPRESSED   0x00000008   Data   RW         5096    .data               nrf_log_frontend.o
    0x20002cc8   COMPRESSED   0x00000008   Data   RW         5097    .data               nrf_log_frontend.o
    0x20002cd0   COMPRESSED   0x00000040   Data   RW         5256    .data               nrf_log_str_formatter.o
    0x20002d10   COMPRESSED   0x00000003   Data   RW         5597    .data               nrf_sdh.o
    0x20002d13   COMPRESSED   0x00000001   Data   RW         5704    .data               nrf_sdh_ble.o
    0x20002d14   COMPRESSED   0x00000002   Data   RW         5793    .data               usr_twi.o
    0x20002d16   COMPRESSED   0x00000002   PAD
    0x20002d18   COMPRESSED   0x000037ea   Data   RW         6024    .data               imu.o
    0x20006502   COMPRESSED   0x00000002   PAD
    0x20006504   COMPRESSED   0x00000208   Data   RW         6410    .data               sensor.o
    0x2000670c   COMPRESSED   0x00000008   Data   RW         6912    .data               icm20948databasedriver.o
    0x20006714   COMPRESSED   0x00000014   Data   RW         7106    .data               icm20948dataconverter.o
    0x20006728   COMPRESSED   0x00000002   Data   RW         7303    .data               icm20948dmp3driver.o
    0x2000672a   COMPRESSED   0x00000002   PAD
    0x2000672c   COMPRESSED   0x00000004   Data   RW         7961    .data               icm20948transport.o
    0x20006730   COMPRESSED   0x00000008   Data   RW         8697    .data               message.o
    0x20006738   COMPRESSED   0x00000060   Data   RW         8960    .data               time_sync.o
    0x20006798   COMPRESSED   0x00000008   Data   RW         8961    .data               time_sync.o
    0x200067a0   COMPRESSED   0x00000030   Data   RW         9092    .data               usr_ble.o
    0x200067d0   COMPRESSED   0x00000008   Data   RW         9093    .data               usr_ble.o
    0x200067d8   COMPRESSED   0x00000001   Data   RW         9094    .data               usr_ble.o
    0x200067d9   COMPRESSED   0x00000003   PAD
    0x200067dc   COMPRESSED   0x00000004   Data   RW         9095    .data               usr_ble.o
    0x200067e0   COMPRESSED   0x00000004   Data   RW         9235    .data               system_nrf52.o
    0x200067e4   COMPRESSED   0x00000004   Data   RW         9705    .data               mc_w.l(mvars.o)
    0x200067e8   COMPRESSED   0x00000004   Data   RW         9706    .data               mc_w.l(mvars.o)
    0x200067ec   COMPRESSED   0x00000004   Data   RW         9710    .data               mc_w.l(errno.o)
    0x200067f0        -       0x000003ec   Zero   RW            7    .bss                main.o
    0x20006bdc   COMPRESSED   0x00000004   PAD
    0x20006be0        -       0x00000020   Zero   RW          651    .bss                bsp.o
    0x20006c00        -       0x00000020   Zero   RW          652    .bss                bsp.o
    0x20006c20        -       0x0000000c   Zero   RW          653    .bss                bsp.o
    0x20006c2c   COMPRESSED   0x00000004   PAD
    0x20006c30        -       0x00000020   Zero   RW          654    .bss                bsp.o
    0x20006c50        -       0x00000050   Zero   RW         1138    .bss                ble_conn_params.o
    0x20006ca0        -       0x0000007c   Zero   RW         1238    .bss                ble_conn_state.o
    0x20006d1c        -       0x00000014   Zero   RW         1719    .bss                nrf_drv_clock.o
    0x20006d30        -       0x0000005c   Zero   RW         2237    .bss                nrfx_gpiote.o
    0x20006d8c        -       0x0000002c   Zero   RW         2576    .bss                nrfx_uart.o
    0x20006db8        -       0x00000024   Zero   RW         2760    .bss                nrfx_uarte.o
    0x20006ddc        -       0x00000038   Zero   RW         3008    .bss                nrfx_twim.o
    0x20006e14        -       0x00000024   Zero   RW         3169    .bss                nrfx_timer.o
    0x20006e38        -       0x00000020   Zero   RW         3329    .bss                app_button.o
    0x20006e58        -       0x00000010   Zero   RW         3330    .bss                app_button.o
    0x20006e68        -       0x00000010   Zero   RW         3677    .bss                app_timer2.o
    0x20006e78        -       0x00000058   Zero   RW         3678    .bss                app_timer2.o
    0x20006ed0        -       0x00000020   Zero   RW         3806    .bss                app_uart_fifo.o
    0x20006ef0        -       0x0000000c   Zero   RW         3884    .bss                app_util_platform.o
    0x20006efc        -       0x0000000c   Zero   RW         4625    .bss                nrf_pwr_mgmt.o
    0x20006f08        -       0x00000040   Zero   RW         4929    .bss                nrf_log_backend_rtt.o
    0x20006f48        -       0x000000c0   Zero   RW         5089    .bss                nrf_log_frontend.o
    0x20007008        -       0x00000080   Zero   RW         5090    .bss                nrf_log_frontend.o
    0x20007088        -       0x00000018   Zero   RW         5091    .bss                nrf_log_frontend.o
    0x200070a0        -       0x00000420   Zero   RW         5092    .bss                nrf_log_frontend.o
    0x200074c0        -       0x00000288   Zero   RW         5350    .bss                segger_rtt.o
    0x20007748        -       0x00000200   Zero   RW         6018    .bss                imu.o
    0x20007948        -       0x00000018   Zero   RW         6019    .bss                imu.o
    0x20007960        -       0x00000530   Zero   RW         6020    .bss                imu.o
    0x20007e90        -       0x000004a4   Zero   RW         7541    .bss                icm20948mpufifocontrol.o
    0x20008334        -       0x0000000a   Zero   RW         8956    .bss                time_sync.o
    0x2000833e   COMPRESSED   0x00000002   PAD
    0x20008340        -       0x00000078   Zero   RW         8957    .bss                time_sync.o
    0x200083b8        -       0x00000020   Zero   RW         8958    .bss                time_sync.o
    0x200083d8        -       0x00000f30   Zero   RW         9090    .bss                usr_ble.o
    0x20009308        -       0x00002000   Zero   RW         9224    HEAP                arm_startup_nrf52.o
    0x2000b308        -       0x00002000   Zero   RW         9223    STACK               arm_startup_nrf52.o


==============================================================================

Image component sizes


      Code (inc. data)   RO Data    RW Data    ZI Data      Debug   Object Name

       664         70         27         24         48      18062   app_button.o
        22          0          0          0          0       3789   app_error.o
        26          0          0          0          0        588   app_error_handler_keil.o
       128         44          0          0          0      42742   app_error_weak.o
       118          0          0          0          0       5138   app_fifo.o
       260         22          0         16          0      42645   app_scheduler.o
       846         90         38         36        104      16997   app_timer2.o
       528         60         32         28         32      18162   app_uart_fifo.o
       120         14          0          0         12      10766   app_util_platform.o
        36          8        512          0      16384        944   arm_startup_nrf52.o
      1358          0          0          0          0      61000   ble_advdata.o
      1092          6          0          0          0      18315   ble_advertising.o
       684         42          8          8         80      13079   ble_conn_params.o
       394          8          8          0        124       7855   ble_conn_state.o
        72          0          0          0          0       2868   ble_link_ctx_manager.o
       670          6         32          0          0       9084   ble_nus.o
       456          6          0          0          0      40733   ble_srv_common.o
       358         38          8          0          0      67709   boards.o
       994         86         44         16        108      23555   bsp.o
       256         10          8          8          0      55692   bsp_btn_ble.o
      2068        504        112          0          0      43957   deviceicm20948.o
       704         76          6         12          0      48713   drv_rtc.o
       950          4          0          0          0      23681   icm20948augmented.o
      1178         12         12          0          0      10803   icm20948auxcompassakm.o
       506          0          0          0          0       8568   icm20948auxtransport.o
      4180        128        264          0          0      30581   icm20948databasecontrol.o
      1808         22          0          8          0      23968   icm20948databasedriver.o
      2666         52          0         20          0      23004   icm20948dataconverter.o
      1986         18          0          2          0      24447   icm20948dmp3driver.o
       176          0          0          0          0       1429   icm20948loadfirmware.o
      1864         82          0          0       1188      27941   icm20948mpufifocontrol.o
      1466         12        512          0          0       9484   icm20948selftest.o
      4266         96         12          0          0      52140   icm20948setup.o
      1208          0          0          4          0      18155   icm20948transport.o
      2862        902         52      14314       1864      58264   imu.o
       348        104          6          1       1004      63777   main.o
        68         10          0          8          0       3026   message.o
       326          0          0          0          0       6075   nrf_atfifo.o
        64          0          0          0          0       3128   nrf_atflags.o
       328          0          0          0          0      10267   nrf_atomic.o
       164          0          0          0          0       3704   nrf_balloc.o
      1754        786        361          0          0      40141   nrf_ble_gatt.o
       276          0          0          0          0       6317   nrf_ble_qwr.o
       312         34         30          0         20      47880   nrf_drv_clock.o
       332         18          6         16          0      26351   nrf_drv_twi.o
       200         22          0         12          0      17996   nrf_drv_uart.o
        50          0          0          0          0       3041   nrf_fprintf.o
       832          4         16          0          0       6826   nrf_fprintf_format.o
       132         16         18          1         64       6449   nrf_log_backend_rtt.o
       200          0          0          0          0      11073   nrf_log_backend_serial.o
        28          4         32          8          0       3397   nrf_log_default_backends.o
      1748        138         44         20       1400      34284   nrf_log_frontend.o
       566        108        102         64          0       5804   nrf_log_str_formatter.o
       342          0          0          0          0       9803   nrf_memobj.o
       108         16         53          8         12      44182   nrf_pwr_mgmt.o
       266          0          0          0          0       4775   nrf_ringbuf.o
       388         46        104          3          0      41679   nrf_sdh.o
       728        236        539          1          0       6197   nrf_sdh_ble.o
        60          4         56          0          0       2664   nrf_sdh_soc.o
        78          0          0          0          0       2852   nrf_section_iter.o
        84          0         17          0          0       4217   nrf_sortlist.o
        76         10       1319          0          0       2815   nrf_strerror.o
       242         32         14          8          0      47392   nrfx_clock.o
      1272        104         19          0         92      66593   nrfx_gpiote.o
       110         16         12          8          0       4632   nrfx_prs.o
       510         38         14          0         36      18660   nrfx_timer.o
      1964         50         37          0         56      65744   nrfx_twim.o
      1432         40         17          0         44      31735   nrfx_uart.o
      1286         36         18          0         36      25655   nrfx_uarte.o
        14          0          0          4          0       2950   retarget.o
       378         34          0          0        648       9233   segger_rtt.o
         0          0          0          0          0       1220   segger_rtt_printf.o
        44         10       2807        520          0        761   sensor.o
       828         74          0          4          0      13791   system_nrf52.o
      2382        684         46        104        162      15681   time_sync.o
      2300        702         64         61       3888      26814   usr_ble.o
       160         14         22          0          0      13060   usr_gpio.o
       358        134         32          0          0      13129   usr_tmr.o
       476         68         32          2          0      23219   usr_twi.o

    ----------------------------------------------------------------------
     60698       6010       7636      15364      27416    1663847   Object Totals
         0          0         32          0          0          0   (incl. Generated)
       114          0         80         15         10          0   (incl. Padding)

    ----------------------------------------------------------------------

      Code (inc. data)   RO Data    RW Data    ZI Data      Debug   Library Member Name

       336         56          0          0          0        136   cosf.o
        38          0          0          0          0        116   fpclassifyf.o
        38         12          0          0          0        348   funder.o
       340         24         32          0          0        160   rredf.o
       400         56          0          0          0        212   sinf.o
        58          0          0          0          0        136   sqrtf.o
        86          0          0          0          0          0   __dczerorl2.o
         8          4        133          0          0         68   ctype_o.o
         0          0          0          0          0          0   entry.o
         0          0          0          0          0          0   entry10a.o
         0          0          0          0          0          0   entry11a.o
         8          4          0          0          0          0   entry2.o
         4          0          0          0          0          0   entry5.o
         0          0          0          0          0          0   entry7b.o
         0          0          0          0          0          0   entry8b.o
         8          4          0          0          0          0   entry9a.o
        12          6          0          4          0         68   errno.o
        30          0          0          0          0          0   handlers.o
        36          8          0          0          0         68   init.o
         0          0          0          0          0          0   iusefp.o
        30          0          0          0          0         68   llshl.o
        36          0          0          0          0         68   llsshr.o
        32          0          0          0          0         68   llushr.o
       188         20          0          0          0        160   malloc.o
        26          0          0          0          0         80   memcmp.o
        64          0          0          0          0         76   memmovea.o
        36          0          0          0          0        108   memseta.o
         0          0          0          8          0          0   mvars.o
      2258         90          0          0          0        452   printfa.o
        18          0          0          0          0         68   strcpy.o
        14          0          0          0          0         68   strlen.o
        44          0          0          0          0         80   uidiv.o
        98          0          0          0          0         92   uldiv.o
        48          0          0          0          0         68   cdrcmple.o
       334          0          0          0          0        148   dadd.o
       222          0          0          0          0        100   ddiv.o
       186          0          0          0          0        176   depilogue.o
        48          0          0          0          0         68   dfixul.o
       228          0          0          0          0         96   dmul.o

    ----------------------------------------------------------------------
      5318        284        168         12          0       3356   Library Totals
         6          0          3          0          0          0   (incl. Padding)

    ----------------------------------------------------------------------

      Code (inc. data)   RO Data    RW Data    ZI Data      Debug   Library Name

      1210        148         32          0          0       1108   m_wm.l
      3036        136        133         12          0       1592   mc_w.l
      1066          0          0          0          0        656   mf_w.l

    ----------------------------------------------------------------------
      5318        284        168         12          0       3356   Library Totals

    ----------------------------------------------------------------------

==============================================================================


      Code (inc. data)   RO Data    RW Data    ZI Data      Debug   

     66016       6294       7804      15376      27416    1600395   Grand Totals
     66016       6294       7804      10824      27416    1600395   ELF Image Totals (compressed)
     66016       6294       7804      10824          0          0   ROM Totals

==============================================================================

    Total RO  Size (Code + RO Data)                73820 (  72.09kB)
    Total RW  Size (RW Data + ZI Data)             42792 (  41.79kB)
    Total ROM Size (Code + RO Data + RW Data)      84644 (  82.66kB)

==============================================================================

