Component: ARM Compiler 5.06 update 6 (build 750) Tool: armlink [4d35ed]

==============================================================================

Section Cross References

    main.o(i.assert_nrf_callback) refers to app_error_handler_keil.o(.emb_text) for app_error_handler
    main.o(i.ble_evt_handler) refers to nrf_log_frontend.o(i.nrf_log_frontend_std_0) for nrf_log_frontend_std_0
    main.o(i.ble_evt_handler) refers to bsp.o(i.bsp_indication_set) for bsp_indication_set
    main.o(i.ble_evt_handler) refers to app_error.o(i.app_error_handler_bare) for app_error_handler_bare
    main.o(i.ble_evt_handler) refers to nrf_ble_qwr.o(i.nrf_ble_qwr_conn_handle_assign) for nrf_ble_qwr_conn_handle_assign
    main.o(i.ble_evt_handler) refers to nrf_log_frontend.o(log_const_data) for m_nrf_log_app_logs_data_const
    main.o(i.ble_evt_handler) refers to main.o(.data) for .data
    main.o(i.ble_evt_handler) refers to main.o(.bss) for .bss
    main.o(i.bsp_event_handler) refers to boards.o(i.bsp_board_leds_off) for bsp_board_leds_off
    main.o(i.bsp_event_handler) refers to time_sync.o(i.ts_tx_stop) for ts_tx_stop
    main.o(i.bsp_event_handler) refers to app_error.o(i.app_error_handler_bare) for app_error_handler_bare
    main.o(i.bsp_event_handler) refers to boards.o(i.bsp_board_leds_on) for bsp_board_leds_on
    main.o(i.bsp_event_handler) refers to time_sync.o(i.ts_tx_start) for ts_tx_start
    main.o(i.bsp_event_handler) refers to nrf_log_frontend.o(i.nrf_log_frontend_std_0) for nrf_log_frontend_std_0
    main.o(i.bsp_event_handler) refers to main.o(i.sleep_mode_enter) for sleep_mode_enter
    main.o(i.bsp_event_handler) refers to ble_advertising.o(i.ble_advertising_restart_without_whitelist) for ble_advertising_restart_without_whitelist
    main.o(i.bsp_event_handler) refers to main.o(.data) for .data
    main.o(i.bsp_event_handler) refers to nrf_log_frontend.o(log_const_data) for m_nrf_log_app_logs_data_const
    main.o(i.bsp_event_handler) refers to main.o(.bss) for .bss
    main.o(i.check_rc) refers to nrf_log_frontend.o(i.nrf_log_frontend_std_1) for nrf_log_frontend_std_1
    main.o(i.check_rc) refers to nrf_log_frontend.o(i.nrf_log_frontend_dequeue) for nrf_log_frontend_dequeue
    main.o(i.check_rc) refers to nrf_log_frontend.o(log_const_data) for m_nrf_log_app_logs_data_const
    main.o(i.conn_params_error_handler) refers to app_error.o(i.app_error_handler_bare) for app_error_handler_bare
    main.o(i.gatt_evt_handler) refers to nrf_log_frontend.o(i.nrf_log_frontend_std_2) for nrf_log_frontend_std_2
    main.o(i.gatt_evt_handler) refers to nrf_log_frontend.o(i.nrf_log_frontend_std_1) for nrf_log_frontend_std_1
    main.o(i.gatt_evt_handler) refers to main.o(.data) for .data
    main.o(i.gatt_evt_handler) refers to nrf_log_frontend.o(log_const_data) for m_nrf_log_app_logs_data_const
    main.o(i.gatt_init) refers to nrf_ble_gatt.o(i.nrf_ble_gatt_init) for nrf_ble_gatt_init
    main.o(i.gatt_init) refers to app_error.o(i.app_error_handler_bare) for app_error_handler_bare
    main.o(i.gatt_init) refers to nrf_ble_gatt.o(i.nrf_ble_gatt_att_mtu_periph_set) for nrf_ble_gatt_att_mtu_periph_set
    main.o(i.gatt_init) refers to main.o(i.gatt_evt_handler) for gatt_evt_handler
    main.o(i.gatt_init) refers to main.o(.bss) for .bss
    main.o(i.gpiote_evt_handler) refers to main.o(i.nrf_gpio_pin_toggle) for nrf_gpio_pin_toggle
    main.o(i.gpiote_evt_handler) refers to app_scheduler.o(i.app_sched_event_put) for app_sched_event_put
    main.o(i.gpiote_evt_handler) refers to app_error.o(i.app_error_handler_bare) for app_error_handler_bare
    main.o(i.gpiote_evt_handler) refers to main.o(.data) for .data
    main.o(i.gpiote_evt_handler) refers to main.o(i.gpiote_evt_sceduled) for gpiote_evt_sceduled
    main.o(i.gpiote_evt_sceduled) refers to main.o(i.nrf_gpio_pin_set) for nrf_gpio_pin_set
    main.o(i.gpiote_evt_sceduled) refers to main.o(i.nrf_gpio_pin_clear) for nrf_gpio_pin_clear
    main.o(i.gpiote_evt_sceduled) refers to main.o(.data) for .data
    main.o(i.idle_state_handle) refers to nrf_log_frontend.o(i.nrf_log_frontend_dequeue) for nrf_log_frontend_dequeue
    main.o(i.idle_state_handle) refers to nrf_pwr_mgmt.o(i.nrf_pwr_mgmt_run) for nrf_pwr_mgmt_run
    main.o(i.inv_icm20948_get_dataready_interrupt_time_us) refers to main.o(.data) for .data
    main.o(i.main) refers to memmovea.o(.text) for __aeabi_memcpy4
    main.o(i.main) refers to app_uart_fifo.o(i.app_uart_init) for app_uart_init
    main.o(i.main) refers to app_error.o(i.app_error_handler_bare) for app_error_handler_bare
    main.o(i.main) refers to nrf_log_frontend.o(i.nrf_log_init) for nrf_log_init
    main.o(i.main) refers to nrf_log_default_backends.o(i.nrf_log_default_backends_init) for nrf_log_default_backends_init
    main.o(i.main) refers to app_timer2.o(i.app_timer_init) for app_timer_init
    main.o(i.main) refers to bsp.o(i.bsp_init) for bsp_init
    main.o(i.main) refers to bsp_btn_ble.o(i.bsp_btn_ble_init) for bsp_btn_ble_init
[...]
    0x00029bc8   0x00029bc8   0x00000054   Code   RO         2318    i.channel_port_alloc  nrfx_gpiote.o
    0x00029c1c   0x00029c1c   0x00000010   Code   RO         2319    i.channel_port_get  nrfx_gpiote.o
    0x00029c2c   0x00029c2c   0x00000190   Code   RO         1542    i.characteristic_add  ble_srv_common.o
    0x00029dbc   0x00029dbc   0x00000024   Code   RO         7526    i.check_fifo_decoded_headers  icm20948mpufifocontrol.o
    0x00029de0   0x00029de0   0x00000040   Code   RO            7    i.check_rc          main.o
    0x00029e20   0x00029e20   0x0000004c   Code   RO         7964    i.check_reg_access_lp_disable  icm20948transport.o
    0x00029e6c   0x00029e6c   0x00000028   Code   RO         1826    i.clock_clk_started_notify  nrf_drv_clock.o
    0x00029e94   0x00029e94   0x0000001c   Code   RO         1827    i.clock_irq_handler  nrf_drv_clock.o
    0x00029eb0   0x00029eb0   0x00000018   Code   RO         3793    i.compare_func      app_timer2.o
    0x00029ec8   0x00029ec8   0x0000003e   Code   RO         1359    i.conn_handle_list_get  ble_conn_state.o
    0x00029f06   0x00029f06   0x0000008c   Code   RO         1041    i.conn_int_encode   ble_advdata.o
    0x00029f92   0x00029f92   0x00000004   Code   RO            8    i.conn_params_error_handler  main.o
    0x00029f96   0x00029f96   0x00000002   PAD
    0x00029f98   0x00029f98   0x00000048   Code   RO         1258    i.conn_params_negotiation  ble_conn_params.o
    0x00029fe0   0x00029fe0   0x00000044   Code   RO         6217    i.data_handler      deviceicm20948.o
    0x0002a024   0x0002a024   0x00000100   Code   RO         1604    i.data_length_update  nrf_ble_gatt.o
    0x0002a124   0x0002a124   0x00000048   Code   RO         3448    i.detection_delay_timeout_handler  app_button.o
    0x0002a16c   0x0002a16c   0x00000086   Code   RO         7527    i.dmp_get_fifo_all  icm20948mpufifocontrol.o
    0x0002a1f2   0x0002a1f2   0x00000036   Code   RO         7528    i.dmp_get_fifo_length  icm20948mpufifocontrol.o
    0x0002a228   0x0002a228   0x00000056   Code   RO         7282    i.dmp_icm20948_get_bias_acc  icm20948dmp3driver.o
    0x0002a27e   0x0002a27e   0x00000056   Code   RO         7283    i.dmp_icm20948_get_bias_cmp  icm20948dmp3driver.o
    0x0002a2d4   0x0002a2d4   0x00000056   Code   RO         7284    i.dmp_icm20948_get_bias_gyr  icm20948dmp3driver.o
    0x0002a32a   0x0002a32a   0x0000003a   Code   RO         7286    i.dmp_icm20948_get_pedometer_num_of_steps  icm20948dmp3driver.o
    0x0002a364   0x0002a364   0x00000050   Code   RO         7288    i.dmp_icm20948_reset_control_registers  icm20948dmp3driver.o
    0x0002a3b4   0x0002a3b4   0x000000e4   Code   RO         7289    i.dmp_icm20948_set_B2S_matrix  icm20948dmp3driver.o
    0x0002a498   0x0002a498   0x00000022   Code   RO         7290    i.dmp_icm20948_set_FIFO_watermark  icm20948dmp3driver.o
    0x0002a4ba   0x0002a4ba   0x00000058   Code   RO         7291    i.dmp_icm20948_set_accel_cal_params  icm20948dmp3driver.o
    0x0002a512   0x0002a512   0x00000022   Code   RO         7292    i.dmp_icm20948_set_accel_feedback_gain  icm20948dmp3driver.o
    0x0002a534   0x0002a534   0x00000054   Code   RO         7293    i.dmp_icm20948_set_accel_fsr  icm20948dmp3driver.o
    0x0002a588   0x0002a588   0x00000054   Code   RO         7294    i.dmp_icm20948_set_accel_scale2  icm20948dmp3driver.o
    0x0002a5dc   0x0002a5dc   0x00000052   Code   RO         7295    i.dmp_icm20948_set_b2s_rate  icm20948dmp3driver.o
    0x0002a62e   0x0002a62e   0x00000052   Code   RO         7296    i.dmp_icm20948_set_bac_rate  icm20948dmp3driver.o
    0x0002a680   0x0002a680   0x00000054   Code   RO         7297    i.dmp_icm20948_set_batchmode_params  icm20948dmp3driver.o
    0x0002a6d4   0x0002a6d4   0x00000054   Code   RO         7298    i.dmp_icm20948_set_bias_acc  icm20948dmp3driver.o
    0x0002a728   0x0002a728   0x00000054   Code   RO         7299    i.dmp_icm20948_set_bias_cmp  icm20948dmp3driver.o
    0x0002a77c   0x0002a77c   0x00000054   Code   RO         7300    i.dmp_icm20948_set_bias_gyr  icm20948dmp3driver.o
    0x0002a7d0   0x0002a7d0   0x000000e4   Code   RO         7302    i.dmp_icm20948_set_compass_matrix  icm20948dmp3driver.o
    0x0002a8b4   0x0002a8b4   0x00000020   Code   RO         7303    i.dmp_icm20948_set_data_interrupt_control  icm20948dmp3driver.o
    0x0002a8d4   0x0002a8d4   0x00000018   Code   RO         7304    i.dmp_icm20948_set_data_output_control1  icm20948dmp3driver.o
    0x0002a8ec   0x0002a8ec   0x00000018   Code   RO         7305    i.dmp_icm20948_set_data_output_control2  icm20948dmp3driver.o
    0x0002a904   0x0002a904   0x00000020   Code   RO         7306    i.dmp_icm20948_set_data_rdy_status  icm20948dmp3driver.o
    0x0002a924   0x0002a924   0x0000001e   Code   RO         7309    i.dmp_icm20948_set_gyro_sf  icm20948dmp3driver.o
    0x0002a942   0x0002a942   0x00000018   Code   RO         7310    i.dmp_icm20948_set_motion_event_control  icm20948dmp3driver.o
    0x0002a95a   0x0002a95a   0x00000022   Code   RO         7311    i.dmp_icm20948_set_ped_y_ratio  icm20948dmp3driver.o
    0x0002a97c   0x0002a97c   0x0000005e   Code   RO         7313    i.dmp_icm20948_set_sensor_rate  icm20948dmp3driver.o
    0x0002a9da   0x0002a9da   0x00000066   Code   RO         7529    i.dmp_reset_fifo    icm20948mpufifocontrol.o
    0x0002aa40   0x0002aa40   0x00000014   Code   RO         5190    i.dropped_sat16_get  nrf_log_frontend.o
    0x0002aa54   0x0002aa54   0x00000014   Code   RO         4072    i.drv_rtc_compare_disable  drv_rtc.o
    0x0002aa68   0x0002aa68   0x0000000e   Code   RO         4075    i.drv_rtc_compare_pending  drv_rtc.o
    0x0002aa76   0x0002aa76   0x00000050   Code   RO         4076    i.drv_rtc_compare_set  drv_rtc.o
    0x0002aac6   0x0002aac6   0x00000008   Code   RO         4077    i.drv_rtc_counter_get  drv_rtc.o
    0x0002aace   0x0002aace   0x00000002   PAD
    0x0002aad0   0x0002aad0   0x000000d8   Code   RO         4078    i.drv_rtc_init      drv_rtc.o
    0x0002aba8   0x0002aba8   0x0000001e   Code   RO         4079    i.drv_rtc_irq_trigger  drv_rtc.o
    0x0002abc6   0x0002abc6   0x00000008   Code   RO         4081    i.drv_rtc_overflow_enable  drv_rtc.o
    0x0002abce   0x0002abce   0x00000008   Code   RO         4082    i.drv_rtc_overflow_pending  drv_rtc.o
    0x0002abd6   0x0002abd6   0x00000008   Code   RO         4083    i.drv_rtc_start     drv_rtc.o
    0x0002abde   0x0002abde   0x00000008   Code   RO         4084    i.drv_rtc_stop      drv_rtc.o
    0x0002abe6   0x0002abe6   0x000000de   Code   RO         4089    i.drv_rtc_windowed_compare_set  drv_rtc.o
    0x0002acc4   0x0002acc4   0x00000012   Code   RO         4090    i.evt_enable        drv_rtc.o
    0x0002acd6   0x0002acd6   0x00000002   PAD
    0x0002acd8   0x0002acd8   0x000000e0   Code   RO         3449    i.evt_handle        app_button.o
    0x0002adb8   0x0002adb8   0x00000014   Code   RO         4091    i.evt_pending       drv_rtc.o
    0x0002adcc   0x0002adcc   0x00000074   Code   RO         7530    i.extract_sample_cnt  icm20948mpufifocontrol.o
    0x0002ae40   0x0002ae40   0x00000014   Code   RO         3665    i.fifo_get          app_fifo.o
    0x0002ae54   0x0002ae54   0x00000012   Code   RO         3666    i.fifo_put          app_fifo.o
    0x0002ae66   0x0002ae66   0x0000000a   Code   RO         1360    i.flag_toggle       ble_conn_state.o
    0x0002ae70   0x0002ae70   0x00000028   Code   RO         1153    i.flags_set         ble_advertising.o
    0x0002ae98   0x0002ae98   0x0000000e   Code   RO         5012    i.fputc             retarget.o
    0x0002aea6   0x0002aea6   0x00000002   PAD
    0x0002aea8   0x0002aea8   0x00000050   Code   RO         9505    i.free              mc_w.l(malloc.o)
    0x0002aef8   0x0002aef8   0x00000130   Code   RO            9    i.gatt_evt_handler  main.o
    0x0002b028   0x0002b028   0x00000030   Code   RO           10    i.gatt_init         main.o
    0x0002b058   0x0002b058   0x000000c4   Code   RO         6700    i.getMinDlyAccel    icm20948databasecontrol.o
    0x0002b11c   0x0002b11c   0x00000078   Code   RO         6701    i.getMinDlyGyro     icm20948databasecontrol.o
    0x0002b194   0x0002b194   0x00000038   Code   RO         6702    i.get_multiple_56_rate  icm20948databasecontrol.o
    0x0002b1cc   0x0002b1cc   0x00000034   Code   RO         3794    i.get_now           app_timer2.o
    0x0002b200   0x0002b200   0x00000118   Code   RO         7531    i.get_packet_size_and_samplecnt  icm20948mpufifocontrol.o
    0x0002b318   0x0002b318   0x00000030   Code   RO         6058    i.gpio_init         usr_gpio.o
    0x0002b348   0x0002b348   0x0000003c   Code   RO         3450    i.gpiote_event_handler  app_button.o
    0x0002b384   0x0002b384   0x00000040   Code   RO           11    i.gpiote_evt_handler  main.o
    0x0002b3c4   0x0002b3c4   0x00000038   Code   RO           12    i.gpiote_evt_sceduled  main.o
    0x0002b3fc   0x0002b3fc   0x00000014   Code   RO         6218    i.host_serif_read_reg_legacy  deviceicm20948.o
    0x0002b410   0x0002b410   0x00000014   Code   RO         6219    i.host_serif_write_reg_legacy  deviceicm20948.o
    0x0002b424   0x0002b424   0x00000078   Code   RO         5910    i.i2c_read_bytes    usr_twi.o
    0x0002b49c   0x0002b49c   0x00000084   Code   RO         5912    i.i2c_write_byte    usr_twi.o
    0x0002b520   0x0002b520   0x00000070   Code   RO         6220    i.idd_driver_2_sensortype  deviceicm20948.o
    0x0002b590   0x0002b590   0x0000007e   Code   RO         6221    i.idd_sensortype_2_driver  deviceicm20948.o
    0x0002b60e   0x0002b60e   0x00000014   Code   RO           13    i.idle_state_handle  main.o
    0x0002b622   0x0002b622   0x00000002   PAD
    0x0002b624   0x0002b624   0x00000028   Code   RO         1259    i.instance_get      ble_conn_params.o
    0x0002b64c   0x0002b64c   0x000000a4   Code   RO         4628    i.int_print         nrf_fprintf_format.o
    0x0002b6f0   0x0002b6f0   0x00000088   Code   RO         2864    i.interrupts_enable  nrfx_uarte.o
    0x0002b778   0x0002b778   0x00000078   Code   RO         7716    i.inv_check_accelgyro_self_test  icm20948selftest.o
    0x0002b7f0   0x0002b7f0   0x00000096   Code   RO         6703    i.inv_convert_androidSensor_to_control  icm20948databasecontrol.o
    0x0002b886   0x0002b886   0x00000014   Code   RO         7532    i.inv_decode_3_16bit_elements  icm20948mpufifocontrol.o
    0x0002b89a   0x0002b89a   0x0000002c   Code   RO         7533    i.inv_decode_3_32bit_elements  icm20948mpufifocontrol.o
    0x0002b8c6   0x0002b8c6   0x0000002c   Code   RO         6222    i.inv_device_icm20948_cleanup  deviceicm20948.o
    0x0002b8f2   0x0002b8f2   0x0000001c   Code   RO         6223    i.inv_device_icm20948_enable_sensor  deviceicm20948.o
    0x0002b90e   0x0002b90e   0x0000004e   Code   RO         6224    i.inv_device_icm20948_get_sensor_config  deviceicm20948.o
    0x0002b95c   0x0002b95c   0x00000050   Code   RO         6225    i.inv_device_icm20948_init  deviceicm20948.o
    0x0002b9ac   0x0002b9ac   0x000000a0   Code   RO         6226    i.inv_device_icm20948_init2  deviceicm20948.o
    0x0002ba4c   0x0002ba4c   0x00000008   Code   RO         6227    i.inv_device_icm20948_init_aux_compass  deviceicm20948.o
    0x0002ba54   0x0002ba54   0x0000000a   Code   RO         6228    i.inv_device_icm20948_load  deviceicm20948.o
    0x0002ba5e   0x0002ba5e   0x00000064   Code   RO         6229    i.inv_device_icm20948_ping_sensor  deviceicm20948.o
    0x0002bac2   0x0002bac2   0x00000002   PAD
    0x0002bac4   0x0002bac4   0x00000010   Code   RO         6230    i.inv_device_icm20948_poll  deviceicm20948.o
    0x0002bad4   0x0002bad4   0x00000012   Code   RO         6231    i.inv_device_icm20948_read_mems_register  deviceicm20948.o
    0x0002bae6   0x0002bae6   0x00000002   PAD
    0x0002bae8   0x0002bae8   0x00000064   Code   RO         6232    i.inv_device_icm20948_reset  deviceicm20948.o
    0x0002bb4c   0x0002bb4c   0x00000084   Code   RO         6233    i.inv_device_icm20948_self_test  deviceicm20948.o
    0x0002bbd0   0x0002bbd0   0x00000074   Code   RO         6234    i.inv_device_icm20948_set_sensor_config  deviceicm20948.o
    0x0002bc44   0x0002bc44   0x0000001c   Code   RO         6235    i.inv_device_icm20948_set_sensor_mounting_matrix  deviceicm20948.o
    0x0002bc60   0x0002bc60   0x00000022   Code   RO         6236    i.inv_device_icm20948_set_sensor_period_us  deviceicm20948.o
    0x0002bc82   0x0002bc82   0x00000008   Code   RO         6237    i.inv_device_icm20948_set_sensor_timeout  deviceicm20948.o
    0x0002bc8a   0x0002bc8a   0x00000002   PAD
    0x0002bc8c   0x0002bc8c   0x000001b8   Code   RO         6238    i.inv_device_icm20948_setup  deviceicm20948.o
    0x0002be44   0x0002be44   0x00000012   Code   RO         6239    i.inv_device_icm20948_whoami  deviceicm20948.o
    0x0002be56   0x0002be56   0x00000012   Code   RO         6240    i.inv_device_icm20948_write_mems_register  deviceicm20948.o
    0x0002be68   0x0002be68   0x00000090   Code   RO         7717    i.inv_do_test_accelgyro  icm20948selftest.o
    0x0002bef8   0x0002bef8   0x000003c4   Code   RO         6704    i.inv_enable_sensor_internal  icm20948databasecontrol.o
    0x0002c2bc   0x0002c2bc   0x0000000e   Code   RO         6897    i.inv_icm20948_allow_lpen_control  icm20948databasedriver.o
    0x0002c2ca   0x0002c2ca   0x0000003e   Code   RO         6550    i.inv_icm20948_apply_raw_compass_matrix  icm20948auxcompassakm.o
    0x0002c308   0x0002c308   0x00000030   Code   RO         6465    i.inv_icm20948_augmented_init  icm20948augmented.o
    0x0002c338   0x0002c338   0x00000090   Code   RO         6466    i.inv_icm20948_augmented_sensors_get_gravity  icm20948augmented.o
    0x0002c3c8   0x0002c3c8   0x0000002c   Code   RO         6467    i.inv_icm20948_augmented_sensors_get_linearacceleration  icm20948augmented.o
    0x0002c3f4   0x0002c3f4   0x0000009c   Code   RO         6468    i.inv_icm20948_augmented_sensors_get_orientation  icm20948augmented.o
    0x0002c490   0x0002c490   0x0000013c   Code   RO         6469    i.inv_icm20948_augmented_sensors_set_odr  icm20948augmented.o
    0x0002c5cc   0x0002c5cc   0x000000f2   Code   RO         6470    i.inv_icm20948_augmented_sensors_update_odr  icm20948augmented.o
    0x0002c6be   0x0002c6be   0x000000fc   Code   RO         6705    i.inv_icm20948_base_control_init  icm20948databasecontrol.o
    0x0002c7ba   0x0002c7ba   0x000001de   Code   RO         6551    i.inv_icm20948_check_akm_self_test  icm20948auxcompassakm.o
    0x0002c998   0x0002c998   0x0000012c   Code   RO         6552    i.inv_icm20948_compass_dmp_cal  icm20948auxcompassakm.o
    0x0002cac4   0x0002cac4   0x00000010   Code   RO         6554    i.inv_icm20948_compass_isconnected  icm20948auxcompassakm.o
    0x0002cad4   0x0002cad4   0x0000000e   Code   RO         7091    i.inv_icm20948_convert_big8_to_int32  icm20948dataconverter.o
    0x0002cae2   0x0002cae2   0x0000003c   Code   RO         7092    i.inv_icm20948_convert_compute_scalar_part_fxp  icm20948dataconverter.o
    0x0002cb1e   0x0002cb1e   0x0000004e   Code   RO         7094    i.inv_icm20948_convert_dmp3_to_body  icm20948dataconverter.o
    0x0002cb6c   0x0002cb6c   0x000000c4   Code   RO         7095    i.inv_icm20948_convert_fast_sqrt_fxp  icm20948dataconverter.o
    0x0002cc30   0x0002cc30   0x00000042   Code   RO         7096    i.inv_icm20948_convert_get_highest_bit_position  icm20948dataconverter.o
    0x0002cc72   0x0002cc72   0x0000000a   Code   RO         7097    i.inv_icm20948_convert_int16_to_big8  icm20948dataconverter.o
    0x0002cc7c   0x0002cc7c   0x00000012   Code   RO         7098    i.inv_icm20948_convert_int32_to_big8  icm20948dataconverter.o
    0x0002cc8e   0x0002cc8e   0x00000002   PAD
    0x0002cc90   0x0002cc90   0x00000210   Code   RO         7101    i.inv_icm20948_convert_matrix_to_quat_flt  icm20948dataconverter.o
    0x0002cea0   0x0002cea0   0x0000000c   Code   RO         7103    i.inv_icm20948_convert_mult_q30_fxp  icm20948dataconverter.o
    0x0002ceac   0x0002ceac   0x0000000c   Code   RO         7104    i.inv_icm20948_convert_mult_qfix_fxp  icm20948dataconverter.o
    0x0002ceb8   0x0002ceb8   0x0000004c   Code   RO         7105    i.inv_icm20948_convert_quat_rotate_fxp  icm20948dataconverter.o
    0x0002cf04   0x0002cf04   0x000000da   Code   RO         7106    i.inv_icm20948_convert_quat_to_col_major_matrix_fxp  icm20948dataconverter.o
    0x0002cfde   0x0002cfde   0x00000002   PAD
    0x0002cfe0   0x0002cfe0   0x000000b8   Code   RO         7107    i.inv_icm20948_convert_rotation_vector  icm20948dataconverter.o
    0x0002d098   0x0002d098   0x00000090   Code   RO         7111    i.inv_icm20948_convert_test_limits_and_scale_fxp  icm20948dataconverter.o
    0x0002d128   0x0002d128   0x00000016   Code   RO         6706    i.inv_icm20948_ctrl_androidSensor_enabled  icm20948databasecontrol.o
    0x0002d13e   0x0002d13e   0x0000004a   Code   RO         6707    i.inv_icm20948_ctrl_enable_activity_classifier  icm20948databasecontrol.o
    0x0002d188   0x0002d188   0x00000030   Code   RO         6708    i.inv_icm20948_ctrl_enable_batch  icm20948databasecontrol.o
    0x0002d1b8   0x0002d1b8   0x0000005a   Code   RO         6710    i.inv_icm20948_ctrl_enable_sensor  icm20948databasecontrol.o
    0x0002d212   0x0002d212   0x00000040   Code   RO         6711    i.inv_icm20948_ctrl_enable_tilt  icm20948databasecontrol.o
    0x0002d252   0x0002d252   0x00000004   Code   RO         6712    i.inv_icm20948_ctrl_get_acc_bias  icm20948databasecontrol.o
    0x0002d256   0x0002d256   0x00000006   Code   RO         6713    i.inv_icm20948_ctrl_get_activitiy_classifier_on_flag  icm20948databasecontrol.o
    0x0002d25c   0x0002d25c   0x00000006   Code   RO         6715    i.inv_icm20948_ctrl_get_batch_mode_status  icm20948databasecontrol.o
    0x0002d262   0x0002d262   0x00000004   Code   RO         6716    i.inv_icm20948_ctrl_get_gyr_bias  icm20948databasecontrol.o
    0x0002d266   0x0002d266   0x00000004   Code   RO         6717    i.inv_icm20948_ctrl_get_mag_bias  icm20948databasecontrol.o
    0x0002d26a   0x0002d26a   0x0000001a   Code   RO         6719    i.inv_icm20948_ctrl_set_acc_bias  icm20948databasecontrol.o
    0x0002d284   0x0002d284   0x00000098   Code   RO         6720    i.inv_icm20948_ctrl_set_accel_cal_params  icm20948databasecontrol.o
    0x0002d31c   0x0002d31c   0x00000030   Code   RO         6721    i.inv_icm20948_ctrl_set_accel_quaternion_gain  icm20948databasecontrol.o
    0x0002d34c   0x0002d34c   0x0000000a   Code   RO         6722    i.inv_icm20948_ctrl_set_batch_mode_status  icm20948databasecontrol.o
    0x0002d356   0x0002d356   0x0000009a   Code   RO         6724    i.inv_icm20948_ctrl_set_batch_timeout_ms  icm20948databasecontrol.o
    0x0002d3f0   0x0002d3f0   0x0000001a   Code   RO         6725    i.inv_icm20948_ctrl_set_gyr_bias  icm20948databasecontrol.o
    0x0002d40a   0x0002d40a   0x0000001a   Code   RO         6726    i.inv_icm20948_ctrl_set_mag_bias  icm20948databasecontrol.o
    0x0002d424   0x0002d424   0x00000018   Code   RO         7534    i.inv_icm20948_dmp_get_6quaternion  icm20948mpufifocontrol.o
    0x0002d43c   0x0002d43c   0x00000018   Code   RO         7535    i.inv_icm20948_dmp_get_9quaternion  icm20948mpufifocontrol.o
    0x0002d454   0x0002d454   0x00000018   Code   RO         7536    i.inv_icm20948_dmp_get_accel  icm20948mpufifocontrol.o
    0x0002d46c   0x0002d46c   0x00000018   Code   RO         7537    i.inv_icm20948_dmp_get_bac_state  icm20948mpufifocontrol.o
    0x0002d484   0x0002d484   0x00000018   Code   RO         7538    i.inv_icm20948_dmp_get_bac_ts  icm20948mpufifocontrol.o
    0x0002d49c   0x0002d49c   0x00000018   Code   RO         7539    i.inv_icm20948_dmp_get_calibrated_compass  icm20948mpufifocontrol.o
    0x0002d4b4   0x0002d4b4   0x0000002c   Code   RO         7540    i.inv_icm20948_dmp_get_calibrated_gyro  icm20948mpufifocontrol.o
    0x0002d4e0   0x0002d4e0   0x00000018   Code   RO         7541    i.inv_icm20948_dmp_get_flip_pickup_state  icm20948mpufifocontrol.o
    0x0002d4f8   0x0002d4f8   0x00000018   Code   RO         7542    i.inv_icm20948_dmp_get_gmrvquaternion  icm20948mpufifocontrol.o
    0x0002d510   0x0002d510   0x0000001c   Code   RO         7543    i.inv_icm20948_dmp_get_gyro_bias  icm20948mpufifocontrol.o
    0x0002d52c   0x0002d52c   0x00000018   Code   RO         7544    i.inv_icm20948_dmp_get_raw_compass  icm20948mpufifocontrol.o
    0x0002d544   0x0002d544   0x00000020   Code   RO         7545    i.inv_icm20948_dmp_get_raw_gyro  icm20948mpufifocontrol.o
    0x0002d564   0x0002d564   0x0000001a   Code   RO         7761    i.inv_icm20948_enable_batch_timeout  icm20948setup.o
    0x0002d57e   0x0002d57e   0x00000066   Code   RO         6898    i.inv_icm20948_enable_hw_sensors  icm20948databasedriver.o
    0x0002d5e4   0x0002d5e4   0x00000030   Code   RO         7762    i.inv_icm20948_enable_sensor  icm20948setup.o
    0x0002d614   0x0002d614   0x00000018   Code   RO         6899    i.inv_icm20948_enter_duty_cycle_mode  icm20948databasedriver.o
    0x0002d62c   0x0002d62c   0x00000018   Code   RO         6900    i.inv_icm20948_enter_low_noise_mode  icm20948databasedriver.o
    0x0002d644   0x0002d644   0x00000054   Code   RO         6627    i.inv_icm20948_execute_read_secondary  icm20948auxtransport.o
    0x0002d698   0x0002d698   0x0000003c   Code   RO         6628    i.inv_icm20948_execute_write_secondary  icm20948auxtransport.o
    0x0002d6d4   0x0002d6d4   0x00000070   Code   RO         7547    i.inv_icm20948_fifo_pop  icm20948mpufifocontrol.o
    0x0002d744   0x0002d744   0x00000054   Code   RO         7548    i.inv_icm20948_fifo_swmirror  icm20948mpufifocontrol.o
    0x0002d798   0x0002d798   0x000000b0   Code   RO         7514    i.inv_icm20948_firmware_load  icm20948loadfirmware.o
    0x0002d848   0x0002d848   0x0000000c   Code   RO         7549    i.inv_icm20948_get_accel_accuracy  icm20948mpufifocontrol.o
    0x0002d854   0x0002d854   0x00000006   Code   RO         6901    i.inv_icm20948_get_accel_divider  icm20948databasedriver.o
    0x0002d85a   0x0002d85a   0x00000006   Code   RO         6902    i.inv_icm20948_get_accel_fullscale  icm20948databasedriver.o
    0x0002d860   0x0002d860   0x00000082   Code   RO         7763    i.inv_icm20948_get_bias  icm20948setup.o
    0x0002d8e2   0x0002d8e2   0x00000004   Code   RO         6903    i.inv_icm20948_get_chip_power_state  icm20948databasedriver.o
    0x0002d8e6   0x0002d8e6   0x00000006   Code   RO         6904    i.inv_icm20948_get_compass_availability  icm20948databasedriver.o
    0x0002d8ec   0x0002d8ec   0x00000008   Code   RO         7317    i.inv_icm20948_get_dmp_start_address  icm20948dmp3driver.o
    0x0002d8f4   0x0002d8f4   0x00000078   Code   RO         7764    i.inv_icm20948_get_fsr  icm20948setup.o
    0x0002d96c   0x0002d96c   0x0000000c   Code   RO         7550    i.inv_icm20948_get_gmrv_accuracy  icm20948mpufifocontrol.o
    0x0002d978   0x0002d978   0x0000000c   Code   RO         7551    i.inv_icm20948_get_gyro_accuracy  icm20948mpufifocontrol.o
    0x0002d984   0x0002d984   0x00000004   Code   RO         6905    i.inv_icm20948_get_gyro_divider  icm20948databasedriver.o
    0x0002d988   0x0002d988   0x00000006   Code   RO         6906    i.inv_icm20948_get_gyro_fullscale  icm20948databasedriver.o
    0x0002d98e   0x0002d98e   0x00000008   Code   RO         7765    i.inv_icm20948_get_lowpower_or_highperformance  icm20948setup.o
    0x0002d996   0x0002d996   0x00000002   PAD
    0x0002d998   0x0002d998   0x0000000c   Code   RO         7552    i.inv_icm20948_get_mag_accuracy  icm20948mpufifocontrol.o
    0x0002d9a4   0x0002d9a4   0x0000000c   Code   RO         7553    i.inv_icm20948_get_rv_accuracy  icm20948mpufifocontrol.o
    0x0002d9b0   0x0002d9b0   0x00000004   Code   RO         6909    i.inv_icm20948_get_secondary_divider  icm20948databasedriver.o
    0x0002d9b4   0x0002d9b4   0x00000014   Code   RO         6096    i.inv_icm20948_get_time_us  imu.o
    0x0002d9c8   0x0002d9c8   0x0000000a   Code   RO         7766    i.inv_icm20948_get_whoami  icm20948setup.o
    0x0002d9d2   0x0002d9d2   0x0000003e   Code   RO         7554    i.inv_icm20948_identify_interrupt  icm20948mpufifocontrol.o
    0x0002da10   0x0002da10   0x00000050   Code   RO         7767    i.inv_icm20948_init_matrix  icm20948setup.o
    0x0002da60   0x0002da60   0x00000016   Code   RO         7768    i.inv_icm20948_init_scale  icm20948setup.o
    0x0002da76   0x0002da76   0x0000006e   Code   RO         6629    i.inv_icm20948_init_secondary  icm20948auxtransport.o
    0x0002dae4   0x0002dae4   0x0000003a   Code   RO         7769    i.inv_icm20948_init_structure  icm20948setup.o
    0x0002db1e   0x0002db1e   0x00000022   Code   RO         7770    i.inv_icm20948_initialize  icm20948setup.o
    0x0002db40   0x0002db40   0x00000014   Code   RO         7771    i.inv_icm20948_initialize_auxiliary  icm20948setup.o
    0x0002db54   0x0002db54   0x000001c4   Code   RO         6910    i.inv_icm20948_initialize_lower_driver  icm20948databasedriver.o
    0x0002dd18   0x0002dd18   0x00000188   Code   RO         7555    i.inv_icm20948_inv_decode_one_ivory_fifo_packet  icm20948mpufifocontrol.o
    0x0002dea0   0x0002dea0   0x00000028   Code   RO         7772    i.inv_icm20948_is_streamed_sensor  icm20948setup.o
    0x0002dec8   0x0002dec8   0x00000006   Code   RO         7773    i.inv_icm20948_load  icm20948setup.o
    0x0002dece   0x0002dece   0x00000008   Code   RO         7318    i.inv_icm20948_load_firmware  icm20948dmp3driver.o
    0x0002ded6   0x0002ded6   0x00000002   PAD
    0x0002ded8   0x0002ded8   0x000000cc   Code   RO         7113    i.inv_icm20948_math_atan2_q15_fxp  icm20948dataconverter.o
    0x0002dfa4   0x0002dfa4   0x00000030   Code   RO         7556    i.inv_icm20948_mpu_set_FIFO_RST_Diamond  icm20948mpufifocontrol.o
    0x0002dfd4   0x0002dfd4   0x0000093c   Code   RO         7774    i.inv_icm20948_poll_sensor  icm20948setup.o
    0x0002e910   0x0002e910   0x00000008   Code   RO         6911    i.inv_icm20948_prevent_lpen_control  icm20948databasedriver.o
    0x0002e918   0x0002e918   0x000000b2   Code   RO         7114    i.inv_icm20948_q_mult_q_qi  icm20948dataconverter.o
    0x0002e9ca   0x0002e9ca   0x00000118   Code   RO         7966    i.inv_icm20948_read_mems  icm20948transport.o
    0x0002eae2   0x0002eae2   0x000000ca   Code   RO         7967    i.inv_icm20948_read_mems_reg  icm20948transport.o
    0x0002ebac   0x0002ebac   0x00000026   Code   RO         7968    i.inv_icm20948_read_reg  icm20948transport.o
    0x0002ebd2   0x0002ebd2   0x00000054   Code   RO         6630    i.inv_icm20948_read_secondary  icm20948auxtransport.o
    0x0002ec26   0x0002ec26   0x0000002c   Code   RO         6556    i.inv_icm20948_register_aux_compass  icm20948auxcompassakm.o
    0x0002ec52   0x0002ec52   0x0000005a   Code   RO         6557    i.inv_icm20948_resume_akm  icm20948auxcompassakm.o
    0x0002ecac   0x0002ecac   0x00000096   Code   RO         7718    i.inv_icm20948_run_selftest  icm20948selftest.o
    0x0002ed42   0x0002ed42   0x0000000e   Code   RO         6631    i.inv_icm20948_secondary_disable_i2c  icm20948auxtransport.o
    0x0002ed50   0x0002ed50   0x0000000e   Code   RO         6632    i.inv_icm20948_secondary_enable_i2c  icm20948auxtransport.o
    0x0002ed5e   0x0002ed5e   0x00000020   Code   RO         6635    i.inv_icm20948_secondary_set_odr  icm20948auxtransport.o
    0x0002ed7e   0x0002ed7e   0x0000000c   Code   RO         6636    i.inv_icm20948_secondary_stop_channel  icm20948auxtransport.o
    0x0002ed8a   0x0002ed8a   0x0000009c   Code   RO         7775    i.inv_icm20948_sensor_android_2_sensor_type  icm20948setup.o
    0x0002ee26   0x0002ee26   0x00000020   Code   RO         6912    i.inv_icm20948_set_accel_divider  icm20948databasedriver.o
    0x0002ee46   0x0002ee46   0x00000032   Code   RO         6913    i.inv_icm20948_set_accel_fullscale  icm20948databasedriver.o
    0x0002ee78   0x0002ee78   0x0000009a   Code   RO         7776    i.inv_icm20948_set_bias  icm20948setup.o
    0x0002ef12   0x0002ef12   0x000000ac   Code   RO         6914    i.inv_icm20948_set_chip_power_state  icm20948databasedriver.o
    0x0002efbe   0x0002efbe   0x0000000c   Code   RO         7115    i.inv_icm20948_set_chip_to_body  icm20948dataconverter.o
    0x0002efca   0x0002efca   0x00000002   PAD
    0x0002efcc   0x0002efcc   0x000000f4   Code   RO         7116    i.inv_icm20948_set_chip_to_body_axis_quaternion  icm20948dataconverter.o
    0x0002f0c0   0x0002f0c0   0x0000002e   Code   RO         6915    i.inv_icm20948_set_dmp_address  icm20948databasedriver.o
    0x0002f0ee   0x0002f0ee   0x00000078   Code   RO         7777    i.inv_icm20948_set_fsr  icm20948setup.o
    0x0002f166   0x0002f166   0x00000014   Code   RO         6916    i.inv_icm20948_set_gyro_divider  icm20948databasedriver.o
    0x0002f17a   0x0002f17a   0x0000001e   Code   RO         6917    i.inv_icm20948_set_gyro_fullscale  icm20948databasedriver.o
    0x0002f198   0x0002f198   0x000000a8   Code   RO         6918    i.inv_icm20948_set_gyro_sf  icm20948databasedriver.o
    0x0002f240   0x0002f240   0x0000009e   Code   RO         6919    i.inv_icm20948_set_icm20948_accel_fullscale  icm20948databasedriver.o
    0x0002f2de   0x0002f2de   0x000000c0   Code   RO         6920    i.inv_icm20948_set_icm20948_gyro_fullscale  icm20948databasedriver.o
    0x0002f39e   0x0002f39e   0x00000010   Code   RO         7778    i.inv_icm20948_set_lowpower_or_highperformance  icm20948setup.o
    0x0002f3ae   0x0002f3ae   0x00000002   PAD
    0x0002f3b0   0x0002f3b0   0x000000b8   Code   RO         7779    i.inv_icm20948_set_matrix  icm20948setup.o
    0x0002f468   0x0002f468   0x00000232   Code   RO         6727    i.inv_icm20948_set_odr  icm20948databasecontrol.o
    0x0002f69a   0x0002f69a   0x00000002   PAD
    0x0002f69c   0x0002f69c   0x00000034   Code   RO         6922    i.inv_icm20948_set_secondary  icm20948databasedriver.o
    0x0002f6d0   0x0002f6d0   0x00000010   Code   RO         6923    i.inv_icm20948_set_secondary_divider  icm20948databasedriver.o
    0x0002f6e0   0x0002f6e0   0x0000003c   Code   RO         7780    i.inv_icm20948_set_sensor_period  icm20948setup.o
    0x0002f71c   0x0002f71c   0x0000004a   Code   RO         6925    i.inv_icm20948_set_slave_compass_id  icm20948databasedriver.o
    0x0002f766   0x0002f766   0x00000002   PAD
    0x0002f768   0x0002f768   0x0000008c   Code   RO         6558    i.inv_icm20948_setup_compass_akm  icm20948auxcompassakm.o
    0x0002f7f4   0x0002f7f4   0x00000008   Code   RO         7969    i.inv_icm20948_sleep_100us  icm20948transport.o
    0x0002f7fc   0x0002f7fc   0x00000026   Code   RO         6926    i.inv_icm20948_sleep_mems  icm20948databasedriver.o
    0x0002f822   0x0002f822   0x00000002   PAD
    0x0002f824   0x0002f824   0x00000010   Code   RO         6097    i.inv_icm20948_sleep_us  imu.o
    0x0002f834   0x0002f834   0x0000001c   Code   RO         7781    i.inv_icm20948_soft_reset  icm20948setup.o
    0x0002f850   0x0002f850   0x00000030   Code   RO         6559    i.inv_icm20948_suspend_akm  icm20948auxcompassakm.o
    0x0002f880   0x0002f880   0x0000000e   Code   RO         7970    i.inv_icm20948_transport_init  icm20948transport.o
    0x0002f88e   0x0002f88e   0x000001a6   Code   RO         7782    i.inv_icm20948_updateTs  icm20948setup.o
    0x0002fa34   0x0002fa34   0x00000064   Code   RO         6927    i.inv_icm20948_wakeup_mems  icm20948databasedriver.o
    0x0002fa98   0x0002fa98   0x000000c0   Code   RO         7971    i.inv_icm20948_write_mems  icm20948transport.o
    0x0002fb58   0x0002fb58   0x00000090   Code   RO         7972    i.inv_icm20948_write_mems_reg  icm20948transport.o
    0x0002fbe8   0x0002fbe8   0x00000026   Code   RO         7973    i.inv_icm20948_write_reg  icm20948transport.o
    0x0002fc0e   0x0002fc0e   0x00000060   Code   RO         6637    i.inv_icm20948_write_secondary  icm20948auxtransport.o
    0x0002fc6e   0x0002fc6e   0x0000006c   Code   RO         7974    i.inv_icm20948_write_single_mems_reg  icm20948transport.o
    0x0002fcda   0x0002fcda   0x00000022   Code   RO         7975    i.inv_icm20948_write_single_mems_reg_core  icm20948transport.o
    0x0002fcfc   0x0002fcfc   0x00000028   Code   RO         8707    i.inv_msg           message.o
    0x0002fd24   0x0002fd24   0x0000001c   Code   RO         8710    i.inv_msg_setup     message.o
    0x0002fd40   0x0002fd40   0x00000038   Code   RO         6728    i.inv_reGenerate_sensorControl  icm20948databasecontrol.o
    0x0002fd78   0x0002fd78   0x0000013a   Code   RO         7719    i.inv_recover_setting  icm20948selftest.o
    0x0002feb2   0x0002feb2   0x0000011a   Code   RO         7720    i.inv_save_setting  icm20948selftest.o
    0x0002ffcc   0x0002ffcc   0x0000006c   Code   RO         7721    i.inv_selftest_read_samples  icm20948selftest.o
    0x00030038   0x00030038   0x0000002c   Code   RO         6424    i.inv_sensor_str    sensor.o
    0x00030064   0x00030064   0x0000004a   Code   RO         7976    i.inv_set_bank      icm20948transport.o
    0x000300ae   0x000300ae   0x00000002   PAD
    0x000300b0   0x000300b0   0x00000374   Code   RO         6729    i.inv_set_hw_smplrt_dmp_odrs  icm20948databasecontrol.o
    0x00030424   0x00030424   0x0000015c   Code   RO         7722    i.inv_setup_selftest  icm20948selftest.o
    0x00030580   0x00030580   0x00000034   Code   RO         5191    i.invalid_packets_omit  nrf_log_frontend.o
    0x000305b4   0x000305b4   0x0000009c   Code   RO         7117    i.invn_convert_inv_sqrt_q15_fxp  icm20948dataconverter.o
    0x00030650   0x00030650   0x00000038   Code   RO         7118    i.invn_convert_inverse_q15_fxp  icm20948dataconverter.o
    0x00030688   0x00030688   0x0000000c   Code   RO         7119    i.invn_convert_mult_q15_fxp  icm20948dataconverter.o
    0x00030694   0x00030694   0x0000000c   Code   RO         7120    i.invn_convert_mult_q29_fxp  icm20948dataconverter.o
    0x000306a0   0x000306a0   0x000000b0   Code   RO         7121    i.invn_convert_quat_mult_fxp  icm20948dataconverter.o
    0x00030750   0x00030750   0x00000044   Code   RO         3277    i.irq_handler       nrfx_timer.o
    0x00030794   0x00030794   0x00000044   Code   RO         1260    i.is_conn_params_ok  ble_conn_params.o
    0x000307d8   0x000307d8   0x0000002c   Code   RO          773    i.leds_off          bsp.o
    0x00030804   0x00030804   0x00000014   Code   RO          774    i.leds_timer_handler  bsp.o
    0x00030818   0x00030818   0x00000018   Code   RO         1605    i.link_init         nrf_ble_gatt.o
    0x00030830   0x00030830   0x000000a4   Code   RO         5192    i.log_skip          nrf_log_frontend.o
    0x000308d4   0x000308d4   0x000005f0   Code   RO           15    i.main              main.o
    0x00030ec4   0x00030ec4   0x0000006c   Code   RO         9506    i.malloc            mc_w.l(malloc.o)
    0x00030f30   0x00030f30   0x00000064   Code   RO         1042    i.manuf_specific_data_encode  ble_advdata.o
    0x00030f94   0x00030f94   0x0000007c   Code   RO         4667    i.memobj_op         nrf_memobj.o
    0x00031010   0x00031010   0x00000030   Code   RO         5193    i.module_idx_get    nrf_log_frontend.o
    0x00031040   0x00031040   0x00000028   Code   RO         6098    i.msg_printer       imu.o
    0x00031068   0x00031068   0x00000004   Code   RO         6099    i.my_adapter_register_interrupt_callback  imu.o
    0x0003106c   0x0003106c   0x00000004   Code   RO         6100    i.my_serif_close_adapter  imu.o
    0x00031070   0x00031070   0x00000004   Code   RO         6101    i.my_serif_open_adapter  imu.o
    0x00031074   0x00031074   0x00000020   Code   RO         6102    i.my_serif_open_read_reg  imu.o
    0x00031094   0x00031094   0x00000020   Code   RO         6103    i.my_serif_open_write_reg  imu.o
    0x000310b4   0x000310b4   0x000000a6   Code   RO         1043    i.name_encode       ble_advdata.o
    0x0003115a   0x0003115a   0x00000002   PAD
    0x0003115c   0x0003115c   0x00000018   Code   RO         3735    i.next_index        app_scheduler.o
    0x00031174   0x00031174   0x00000026   Code   RO         4286    i.nrf_atfifo_init   nrf_atfifo.o
    0x0003119a   0x0003119a   0x00000016   Code   RO         4287    i.nrf_atfifo_item_alloc  nrf_atfifo.o
    0x000311b0   0x000311b0   0x00000016   Code   RO         4288    i.nrf_atfifo_item_free  nrf_atfifo.o
    0x000311c6   0x000311c6   0x00000016   Code   RO         4289    i.nrf_atfifo_item_get  nrf_atfifo.o
    0x000311dc   0x000311dc   0x00000016   Code   RO         4290    i.nrf_atfifo_item_put  nrf_atfifo.o
    0x000311f2   0x000311f2   0x00000016   Code   RO         4352    i.nrf_atflags_clear  nrf_atflags.o
    0x00031208   0x00031208   0x00000016   Code   RO         4357    i.nrf_atflags_get   nrf_atflags.o
    0x0003121e   0x0003121e   0x00000014   Code   RO         4359    i.nrf_atflags_set   nrf_atflags.o
    0x00031232   0x00031232   0x00000006   Code   RO         4420    i.nrf_atomic_flag_clear_fetch  nrf_atomic.o
    0x00031238   0x00031238   0x00000006   Code   RO         4421    i.nrf_atomic_flag_set  nrf_atomic.o
    0x0003123e   0x0003123e   0x0000000c   Code   RO         4423    i.nrf_atomic_u32_add  nrf_atomic.o
    0x0003124a   0x0003124a   0x0000000c   Code   RO         4424    i.nrf_atomic_u32_and  nrf_atomic.o
    0x00031256   0x00031256   0x0000000a   Code   RO         4427    i.nrf_atomic_u32_fetch_and  nrf_atomic.o
    0x00031260   0x00031260   0x0000000a   Code   RO         4429    i.nrf_atomic_u32_fetch_store  nrf_atomic.o
    0x0003126a   0x0003126a   0x0000000c   Code   RO         4433    i.nrf_atomic_u32_or  nrf_atomic.o
    0x00031276   0x00031276   0x0000000c   Code   RO         4435    i.nrf_atomic_u32_sub  nrf_atomic.o
    0x00031282   0x00031282   0x00000044   Code   RO         4554    i.nrf_balloc_alloc  nrf_balloc.o
    0x000312c6   0x000312c6   0x00000030   Code   RO         4555    i.nrf_balloc_free   nrf_balloc.o
    0x000312f6   0x000312f6   0x00000030   Code   RO         4556    i.nrf_balloc_init   nrf_balloc.o
    0x00031326   0x00031326   0x00000010   Code   RO         2320    i.nrf_bitmask_bit_is_set  nrfx_gpiote.o
    0x00031336   0x00031336   0x00000018   Code   RO         1607    i.nrf_ble_gatt_att_mtu_periph_set  nrf_ble_gatt.o
    0x0003134e   0x0003134e   0x0000002a   Code   RO         1611    i.nrf_ble_gatt_init  nrf_ble_gatt.o
    0x00031378   0x00031378   0x000000ec   Code   RO         1612    i.nrf_ble_gatt_on_ble_evt  nrf_ble_gatt.o
    0x00031464   0x00031464   0x00000016   Code   RO         1721    i.nrf_ble_qwr_conn_handle_assign  nrf_ble_qwr.o
    0x0003147a   0x0003147a   0x00000024   Code   RO         1722    i.nrf_ble_qwr_init  nrf_ble_qwr.o
    0x0003149e   0x0003149e   0x000000b6   Code   RO         1723    i.nrf_ble_qwr_on_ble_evt  nrf_ble_qwr.o
    0x00031554   0x00031554   0x0000000e   Code   RO         2178    i.nrf_clock_event_check  nrfx_clock.o
    0x00031562   0x00031562   0x00000010   Code   RO         2179    i.nrf_clock_event_clear  nrfx_clock.o
    0x00031572   0x00031572   0x00000002   PAD
    0x00031574   0x00031574   0x0000001c   Code   RO           16    i.nrf_delay_ms      main.o
    0x00031590   0x00031590   0x00000040   Code   RO         1834    i.nrf_drv_clock_init  nrf_drv_clock.o
    0x000315d0   0x000315d0   0x00000034   Code   RO         1838    i.nrf_drv_clock_lfclk_release  nrf_drv_clock.o
    0x00031604   0x00031604   0x00000040   Code   RO         3023    i.nrf_drv_twi_init  nrf_drv_twi.o
    0x00031644   0x00031644   0x0000002c   Code   RO         5913    i.nrf_drv_twi_xfer  usr_twi.o
    0x00031670   0x00031670   0x00000068   Code   RO         1986    i.nrf_drv_uart_init  nrf_drv_uart.o
    0x000316d8   0x000316d8   0x00000020   Code   RO         3928    i.nrf_drv_uart_rx   app_uart_fifo.o
    0x000316f8   0x000316f8   0x00000020   Code   RO         3929    i.nrf_drv_uart_tx   app_uart_fifo.o
    0x00031718   0x00031718   0x0000001a   Code   RO         4591    i.nrf_fprintf       nrf_fprintf.o
    0x00031732   0x00031732   0x00000018   Code   RO         4592    i.nrf_fprintf_buffer_flush  nrf_fprintf.o
    0x0003174a   0x0003174a   0x000001c2   Code   RO         4629    i.nrf_fprintf_fmt   nrf_fprintf_format.o
    0x0003190c   0x0003190c   0x00000024   Code   RO          628    i.nrf_gpio_cfg      boards.o
    0x00031930   0x00031930   0x00000024   Code   RO         2321    i.nrf_gpio_cfg      nrfx_gpiote.o
    0x00031954   0x00031954   0x00000024   Code   RO         2676    i.nrf_gpio_cfg      nrfx_uart.o
    0x00031978   0x00031978   0x00000024   Code   RO         2865    i.nrf_gpio_cfg      nrfx_uarte.o
    0x0003199c   0x0003199c   0x00000024   Code   RO         3114    i.nrf_gpio_cfg      nrfx_twim.o
    0x000319c0   0x000319c0   0x00000012   Code   RO         3115    i.nrf_gpio_cfg_default  nrfx_twim.o
    0x000319d2   0x000319d2   0x00000012   Code   RO         2678    i.nrf_gpio_cfg_input  nrfx_uart.o
    0x000319e4   0x000319e4   0x00000012   Code   RO         2867    i.nrf_gpio_cfg_input  nrfx_uarte.o
    0x000319f6   0x000319f6   0x00000010   Code   RO           17    i.nrf_gpio_cfg_output  main.o
    0x00031a06   0x00031a06   0x00000014   Code   RO         2679    i.nrf_gpio_cfg_output  nrfx_uart.o
    0x00031a1a   0x00031a1a   0x00000014   Code   RO         2868    i.nrf_gpio_cfg_output  nrfx_uarte.o
    0x00031a2e   0x00031a2e   0x00000022   Code   RO         2323    i.nrf_gpio_cfg_sense_set  nrfx_gpiote.o
    0x00031a50   0x00031a50   0x00000028   Code   RO         2324    i.nrf_gpio_latches_read_and_clear  nrfx_gpiote.o
    0x00031a78   0x00031a78   0x0000000e   Code   RO           18    i.nrf_gpio_pin_clear  main.o
    0x00031a86   0x00031a86   0x0000001e   Code   RO         2325    i.nrf_gpio_pin_present_check  nrfx_gpiote.o
    0x00031aa4   0x00031aa4   0x0000000e   Code   RO           19    i.nrf_gpio_pin_set  main.o
    0x00031ab2   0x00031ab2   0x0000000e   Code   RO         3024    i.nrf_gpio_pin_set  nrf_drv_twi.o
    0x00031ac0   0x00031ac0   0x0000001c   Code   RO           20    i.nrf_gpio_pin_toggle  main.o
    0x00031adc   0x00031adc   0x00000016   Code   RO          629    i.nrf_gpio_pin_write  boards.o
    0x00031af2   0x00031af2   0x00000002   PAD
    0x00031af4   0x00031af4   0x00000014   Code   RO         2326    i.nrf_gpiote_event_clear  nrfx_gpiote.o
    0x00031b08   0x00031b08   0x00000010   Code   RO         2327    i.nrf_gpiote_event_is_set  nrfx_gpiote.o
    0x00031b18   0x00031b18   0x0000005c   Code   RO         5194    i.nrf_log_backend_add  nrf_log_frontend.o
    0x00031b74   0x00031b74   0x00000002   Code   RO         5049    i.nrf_log_backend_rtt_flush  nrf_log_backend_rtt.o
    0x00031b76   0x00031b76   0x00000004   Code   RO         5050    i.nrf_log_backend_rtt_init  nrf_log_backend_rtt.o
    0x00031b7a   0x00031b7a   0x00000002   Code   RO         5051    i.nrf_log_backend_rtt_panic_set  nrf_log_backend_rtt.o
    0x00031b7c   0x00031b7c   0x00000018   Code   RO         5052    i.nrf_log_backend_rtt_put  nrf_log_backend_rtt.o
    0x00031b94   0x00031b94   0x000000c8   Code   RO         5118    i.nrf_log_backend_serial_put  nrf_log_backend_serial.o
    0x00031c5c   0x00031c5c   0x00000030   Code   RO         5196    i.nrf_log_color_id_get  nrf_log_frontend.o
    0x00031c8c   0x00031c8c   0x0000001c   Code   RO         5152    i.nrf_log_default_backends_init  nrf_log_default_backends.o
    0x00031ca8   0x00031ca8   0x00000250   Code   RO         5197    i.nrf_log_frontend_dequeue  nrf_log_frontend.o
    0x00031ef8   0x00031ef8   0x000000a8   Code   RO         5198    i.nrf_log_frontend_hexdump  nrf_log_frontend.o
    0x00031fa0   0x00031fa0   0x00000008   Code   RO         5199    i.nrf_log_frontend_std_0  nrf_log_frontend.o
    0x00031fa8   0x00031fa8   0x0000000e   Code   RO         5200    i.nrf_log_frontend_std_1  nrf_log_frontend.o
    0x00031fb6   0x00031fb6   0x00000010   Code   RO         5201    i.nrf_log_frontend_std_2  nrf_log_frontend.o
    0x00031fc6   0x00031fc6   0x00000012   Code   RO         5202    i.nrf_log_frontend_std_3  nrf_log_frontend.o
    0x00031fd8   0x00031fd8   0x0000001c   Code   RO         5204    i.nrf_log_frontend_std_5  nrf_log_frontend.o
    0x00031ff4   0x00031ff4   0x0000001c   Code   RO         5205    i.nrf_log_frontend_std_6  nrf_log_frontend.o
    0x00032010   0x00032010   0x000000ac   Code   RO         5375    i.nrf_log_hexdump_entry_process  nrf_log_str_formatter.o
    0x000320bc   0x000320bc   0x00000028   Code   RO         5206    i.nrf_log_init      nrf_log_frontend.o
    0x000320e4   0x000320e4   0x00000014   Code   RO         5207    i.nrf_log_module_cnt_get  nrf_log_frontend.o
    0x000320f8   0x000320f8   0x0000001c   Code   RO         5210    i.nrf_log_module_name_get  nrf_log_frontend.o
    0x00032114   0x00032114   0x00000028   Code   RO         5211    i.nrf_log_panic     nrf_log_frontend.o
    0x0003213c   0x0003213c   0x000000b6   Code   RO         5376    i.nrf_log_std_entry_process  nrf_log_str_formatter.o
    0x000321f2   0x000321f2   0x0000005e   Code   RO         4668    i.nrf_memobj_alloc  nrf_memobj.o
    0x00032250   0x00032250   0x00000032   Code   RO         4669    i.nrf_memobj_free   nrf_memobj.o
    0x00032282   0x00032282   0x00000008   Code   RO         4670    i.nrf_memobj_get    nrf_memobj.o
    0x0003228a   0x0003228a   0x00000004   Code   RO         4671    i.nrf_memobj_pool_init  nrf_memobj.o
    0x0003228e   0x0003228e   0x0000001e   Code   RO         4672    i.nrf_memobj_put    nrf_memobj.o
    0x000322ac   0x000322ac   0x00000010   Code   RO         4673    i.nrf_memobj_read   nrf_memobj.o
    0x000322bc   0x000322bc   0x00000010   Code   RO         4674    i.nrf_memobj_write  nrf_memobj.o
    0x000322cc   0x000322cc   0x00000028   Code   RO         4746    i.nrf_pwr_mgmt_init  nrf_pwr_mgmt.o
    0x000322f4   0x000322f4   0x00000044   Code   RO         4747    i.nrf_pwr_mgmt_run  nrf_pwr_mgmt.o
    0x00032338   0x00032338   0x00000004   Code   RO           21    i.nrf_qwr_error_handler  main.o
    0x0003233c   0x0003233c   0x0000001c   Code   RO         4829    i.nrf_ringbuf_init  nrf_ringbuf.o
    0x00032358   0x00032358   0x0000000c   Code   RO         4092    i.nrf_rtc_event_clear  drv_rtc.o
    0x00032364   0x00032364   0x00000014   Code   RO         5821    i.nrf_sdh_ble_app_ram_start_get  nrf_sdh_ble.o
    0x00032378   0x00032378   0x00000134   Code   RO         5822    i.nrf_sdh_ble_default_cfg_set  nrf_sdh_ble.o
    0x000324ac   0x000324ac   0x00000130   Code   RO         5823    i.nrf_sdh_ble_enable  nrf_sdh_ble.o
    0x000325dc   0x000325dc   0x00000060   Code   RO         5824    i.nrf_sdh_ble_evts_poll  nrf_sdh_ble.o
    0x0003263c   0x0003263c   0x00000074   Code   RO         5706    i.nrf_sdh_enable_request  nrf_sdh.o
    0x000326b0   0x000326b0   0x00000024   Code   RO         5707    i.nrf_sdh_evts_poll  nrf_sdh.o
    0x000326d4   0x000326d4   0x0000000c   Code   RO         5708    i.nrf_sdh_is_enabled  nrf_sdh.o
    0x000326e0   0x000326e0   0x0000003c   Code   RO         5875    i.nrf_sdh_soc_evts_poll  nrf_sdh_soc.o
    0x0003271c   0x0003271c   0x0000000a   Code   RO         4887    i.nrf_section_iter_init  nrf_section_iter.o
    0x00032726   0x00032726   0x00000024   Code   RO         4888    i.nrf_section_iter_item_set  nrf_section_iter.o
    0x0003274a   0x0003274a   0x00000020   Code   RO         4889    i.nrf_section_iter_next  nrf_section_iter.o
    0x0003276a   0x0003276a   0x00000022   Code   RO         4922    i.nrf_sortlist_add  nrf_sortlist.o
    0x0003278c   0x0003278c   0x00000006   Code   RO         4924    i.nrf_sortlist_peek  nrf_sortlist.o
    0x00032792   0x00032792   0x0000000e   Code   RO         4925    i.nrf_sortlist_pop  nrf_sortlist.o
    0x000327a0   0x000327a0   0x0000001e   Code   RO         4926    i.nrf_sortlist_remove  nrf_sortlist.o
    0x000327be   0x000327be   0x00000002   PAD
    0x000327c0   0x000327c0   0x00000038   Code   RO         4978    i.nrf_strerror_find  nrf_strerror.o
    0x000327f8   0x000327f8   0x00000014   Code   RO         4979    i.nrf_strerror_get  nrf_strerror.o
    0x0003280c   0x0003280c   0x0000000c   Code   RO         3278    i.nrf_timer_compare_event_get  nrfx_timer.o
    0x00032818   0x00032818   0x0000000c   Code   RO         3279    i.nrf_timer_event_clear  nrfx_timer.o
    0x00032824   0x00032824   0x0000000a   Code   RO         3116    i.nrf_twim_event_check  nrfx_twim.o
    0x0003282e   0x0003282e   0x0000000c   Code   RO         3117    i.nrf_twim_event_clear  nrfx_twim.o
    0x0003283a   0x0003283a   0x0000000a   Code   RO         2680    i.nrf_uart_event_check  nrfx_uart.o
    0x00032844   0x00032844   0x0000000c   Code   RO         2681    i.nrf_uart_event_clear  nrfx_uart.o
    0x00032850   0x00032850   0x0000000c   Code   RO         2682    i.nrf_uart_int_enable_check  nrfx_uart.o
    0x0003285c   0x0003285c   0x0000000a   Code   RO         2869    i.nrf_uarte_event_check  nrfx_uarte.o
    0x00032866   0x00032866   0x0000000c   Code   RO         2870    i.nrf_uarte_event_clear  nrfx_uarte.o
    0x00032872   0x00032872   0x00000002   PAD
    0x00032874   0x00032874   0x00000010   Code   RO         1841    i.nrf_wdt_started   nrf_drv_clock.o
    0x00032884   0x00032884   0x0000002c   Code   RO         2184    i.nrfx_clock_enable  nrfx_clock.o
    0x000328b0   0x000328b0   0x00000020   Code   RO         2187    i.nrfx_clock_init   nrfx_clock.o
    0x000328d0   0x000328d0   0x00000030   Code   RO         2190    i.nrfx_clock_lfclk_stop  nrfx_clock.o
    0x00032900   0x00032900   0x00000010   Code   RO         3025    i.nrfx_coredep_delay_us  nrf_drv_twi.o
    0x00032910   0x00032910   0x00000010   Code   RO         4093    i.nrfx_coredep_delay_us  drv_rtc.o
    0x00032920   0x00032920   0x000000a0   Code   RO         2333    i.nrfx_gpiote_in_event_enable  nrfx_gpiote.o
    0x000329c0   0x000329c0   0x000000cc   Code   RO         2335    i.nrfx_gpiote_in_init  nrfx_gpiote.o
    0x00032a8c   0x00032a8c   0x00000014   Code   RO         2336    i.nrfx_gpiote_in_is_set  nrfx_gpiote.o
    0x00032aa0   0x00032aa0   0x00000074   Code   RO         2338    i.nrfx_gpiote_init  nrfx_gpiote.o
    0x00032b14   0x00032b14   0x00000014   Code   RO         2339    i.nrfx_gpiote_is_init  nrfx_gpiote.o
    0x00032b28   0x00032b28   0x00000010   Code   RO         2871    i.nrfx_is_in_ram    nrfx_uarte.o
    0x00032b38   0x00032b38   0x00000010   Code   RO         3118    i.nrfx_is_in_ram    nrfx_twim.o
    0x00032b48   0x00032b48   0x00000038   Code   RO         2622    i.nrfx_prs_acquire  nrfx_prs.o
    0x00032b80   0x00032b80   0x00000012   Code   RO         2623    i.nrfx_prs_release  nrfx_prs.o
    0x00032b92   0x00032b92   0x0000001c   Code   RO         3280    i.nrfx_timer_capture  nrfx_timer.o
    0x00032bae   0x00032bae   0x00000008   Code   RO         3281    i.nrfx_timer_clear  nrfx_timer.o
    0x00032bb6   0x00032bb6   0x0000003c   Code   RO         3282    i.nrfx_timer_compare  nrfx_timer.o
    0x00032bf2   0x00032bf2   0x00000002   PAD
    0x00032bf4   0x00032bf4   0x0000001c   Code   RO         3286    i.nrfx_timer_enable  nrfx_timer.o
    0x00032c10   0x00032c10   0x0000002a   Code   RO         3287    i.nrfx_timer_extended_compare  nrfx_timer.o
    0x00032c3a   0x00032c3a   0x00000002   PAD
    0x00032c3c   0x00032c3c   0x000000c0   Code   RO         3289    i.nrfx_timer_init   nrfx_timer.o
    0x00032cfc   0x00032cfc   0x00000038   Code   RO         3119    i.nrfx_twim_disable  nrfx_twim.o
    0x00032d34   0x00032d34   0x00000020   Code   RO         3120    i.nrfx_twim_enable  nrfx_twim.o
    0x00032d54   0x00032d54   0x000000e4   Code   RO         3121    i.nrfx_twim_init    nrfx_twim.o
    0x00032e38   0x00032e38   0x00000036   Code   RO         3126    i.nrfx_twim_tx      nrfx_twim.o
    0x00032e6e   0x00032e6e   0x00000002   PAD
    0x00032e70   0x00032e70   0x0000006c   Code   RO         3127    i.nrfx_twim_uninit  nrfx_twim.o
    0x00032edc   0x00032edc   0x00000024   Code   RO         3128    i.nrfx_twim_xfer    nrfx_twim.o
    0x00032f00   0x00032f00   0x00000010   Code   RO         2683    i.nrfx_uart_0_irq_handler  nrfx_uart.o
    0x00032f10   0x00032f10   0x000000d4   Code   RO         2685    i.nrfx_uart_init    nrfx_uart.o
    0x00032fe4   0x00032fe4   0x000000ec   Code   RO         2686    i.nrfx_uart_rx      nrfx_uart.o
    0x000330d0   0x000330d0   0x000000a8   Code   RO         2691    i.nrfx_uart_tx      nrfx_uart.o
    0x00033178   0x00033178   0x00000020   Code   RO         2693    i.nrfx_uart_tx_in_progress  nrfx_uart.o
    0x00033198   0x00033198   0x00000010   Code   RO         2872    i.nrfx_uarte_0_irq_handler  nrfx_uarte.o
    0x000331a8   0x000331a8   0x0000006c   Code   RO         2874    i.nrfx_uarte_init   nrfx_uarte.o
    0x00033214   0x00033214   0x00000100   Code   RO         2875    i.nrfx_uarte_rx     nrfx_uarte.o
    0x00033314   0x00033314   0x000000ac   Code   RO         2878    i.nrfx_uarte_tx     nrfx_uarte.o
    0x000333c0   0x000333c0   0x0000001c   Code   RO         2880    i.nrfx_uarte_tx_in_progress  nrfx_uarte.o
    0x000333dc   0x000333dc   0x000000f0   Code   RO           22    i.nus_data_handler  main.o
    0x000334cc   0x000334cc   0x00000050   Code   RO           23    i.nus_printf_custom  main.o
    0x0003351c   0x0003351c   0x00000024   Code   RO           26    i.on_adv_evt        main.o
    0x00033540   0x00033540   0x0000001c   Code   RO           27    i.on_conn_params_evt  main.o
    0x0003355c   0x0003355c   0x0000006a   Code   RO         1768    i.on_connect        ble_nus.o
    0x000335c6   0x000335c6   0x00000002   PAD
    0x000335c8   0x000335c8   0x00000108   Code   RO         1613    i.on_connected_evt  nrf_ble_gatt.o
    0x000336d0   0x000336d0   0x00000114   Code   RO         1614    i.on_data_length_update_evt  nrf_ble_gatt.o
    0x000337e4   0x000337e4   0x00000080   Code   RO         1615    i.on_data_length_update_request_evt  nrf_ble_gatt.o
    0x00033864   0x00033864   0x0000014c   Code   RO         1616    i.on_exchange_mtu_request_evt  nrf_ble_gatt.o
    0x000339b0   0x000339b0   0x000000ac   Code   RO         1617    i.on_exchange_mtu_rsp_evt  nrf_ble_gatt.o
    0x00033a5c   0x00033a5c   0x00000084   Code   RO         1769    i.on_write          ble_nus.o
    0x00033ae0   0x00033ae0   0x00000012   Code   RO         1154    i.phy_is_valid      ble_advertising.o
    0x00033af2   0x00033af2   0x00000002   PAD
    0x00033af4   0x00033af4   0x0000001c   Code   RO         2357    i.pin_configured_set  nrfx_gpiote.o
    0x00033b10   0x00033b10   0x00000018   Code   RO         2358    i.pin_in_use_by_port  nrfx_gpiote.o
    0x00033b28   0x00033b28   0x00000018   Code   RO         2359    i.pin_in_use_by_te  nrfx_gpiote.o
    0x00033b40   0x00033b40   0x000000b0   Code   RO         2360    i.port_event_handle  nrfx_gpiote.o
    0x00033bf0   0x00033bf0   0x00000010   Code   RO         2361    i.port_handler_polarity_get  nrfx_gpiote.o
    0x00033c00   0x00033c00   0x0000003c   Code   RO         5378    i.postfix_process   nrf_log_str_formatter.o
    0x00033c3c   0x00033c3c   0x00000088   Code   RO         8957    i.ppi_sync_timer_adjust_configure  time_sync.o
    0x00033cc4   0x00033cc4   0x00000098   Code   RO         5379    i.prefix_process    nrf_log_str_formatter.o
    0x00033d5c   0x00033d5c   0x00000018   Code   RO         2624    i.prs_box_get       nrfx_prs.o
    0x00033d74   0x00033d74   0x00000178   Code   RO         8958    i.radio_callback    time_sync.o
    0x00033eec   0x00033eec   0x0000005c   Code   RO         3795    i.rtc_irq           app_timer2.o
    0x00033f48   0x00033f48   0x00000064   Code   RO         3796    i.rtc_schedule      app_timer2.o
    0x00033fac   0x00033fac   0x00000074   Code   RO         3797    i.rtc_update        app_timer2.o
    0x00034020   0x00034020   0x00000032   Code   RO         2695    i.rx_byte           nrfx_uart.o
    0x00034052   0x00034052   0x00000016   Code   RO         2696    i.rx_done_event     nrfx_uart.o
    0x00034068   0x00034068   0x00000016   Code   RO         2882    i.rx_done_event     nrfx_uarte.o
    0x0003407e   0x0003407e   0x00000020   Code   RO         2697    i.rx_enable         nrfx_uart.o
    0x0003409e   0x0003409e   0x00000002   PAD
    0x000340a0   0x000340a0   0x00000058   Code   RO         1842    i.sd_state_evt_handler  nrf_drv_clock.o
    0x000340f8   0x000340f8   0x00000030   Code   RO         5713    i.sdh_request_observer_notify  nrf_sdh.o
    0x00034128   0x00034128   0x00000028   Code   RO         5714    i.sdh_state_observer_notify  nrf_sdh.o
    0x00034150   0x00034150   0x00000010   Code   RO         1261    i.send_error_evt    ble_conn_params.o
    0x00034160   0x00034160   0x0000042c   Code   RO         6104    i.sensor_event_cb   imu.o
    0x0003458c   0x0003458c   0x0000002c   Code   RO         6730    i.sensor_needs_compass  icm20948databasecontrol.o
    0x000345b8   0x000345b8   0x00000070   Code   RO         7783    i.sensor_type_2_android_sensor  icm20948setup.o
    0x00034628   0x00034628   0x00000064   Code   RO         5053    i.serial_tx         nrf_log_backend_rtt.o
    0x0003468c   0x0003468c   0x00000082   Code   RO         1044    i.service_data_encode  ble_advdata.o
    0x0003470e   0x0003470e   0x00000030   Code   RO         1544    i.set_security_req  ble_srv_common.o
    0x0003473e   0x0003473e   0x0000001c   Code   RO         7784    i.skip_sensor       icm20948setup.o
    0x0003475a   0x0003475a   0x00000028   Code   RO           28    i.sleep_mode_enter  main.o
    0x00034782   0x00034782   0x00000002   PAD
    0x00034784   0x00034784   0x00000018   Code   RO         1843    i.soc_evt_handler   nrf_drv_clock.o
    0x0003479c   0x0003479c   0x00000060   Code   RO         5716    i.softdevices_evt_irq_enable  nrf_sdh.o
    0x000347fc   0x000347fc   0x0000000c   Code   RO         3798    i.sortlist_pop      app_timer2.o
    0x00034808   0x00034808   0x00000030   Code   RO         3451    i.state_set         app_button.o
    0x00034838   0x00034838   0x00000090   Code   RO         5213    i.std_n             nrf_log_frontend.o
    0x000348c8   0x000348c8   0x00000140   Code   RO           29    i.sync_timer_button_init  main.o
    0x00034a08   0x00034a08   0x0000012c   Code   RO         8959    i.sync_timer_offset_compensate  time_sync.o
    0x00034b34   0x00034b34   0x00000058   Code   RO         8960    i.sync_timer_start  time_sync.o
    0x00034b8c   0x00034b8c   0x00000060   Code   RO         5991    i.timer_datasend_event_handler  usr_tmr.o
    0x00034bec   0x00034bec   0x0000005c   Code   RO         5992    i.timer_datasend_init  usr_tmr.o
    0x00034c48   0x00034c48   0x00000070   Code   RO         5993    i.timer_event_handler  usr_tmr.o
    0x00034cb8   0x00034cb8   0x00000058   Code   RO         3799    i.timer_expire      app_timer2.o
    0x00034d10   0x00034d10   0x0000002c   Code   RO         5994    i.timer_init        usr_tmr.o
    0x00034d3c   0x00034d3c   0x00000078   Code   RO         3800    i.timer_req_process  app_timer2.o
    0x00034db4   0x00034db4   0x00000038   Code   RO         3801    i.timer_req_schedule  app_timer2.o
    0x00034dec   0x00034dec   0x00000018   Code   RO         3452    i.timer_start       app_button.o
    0x00034e04   0x00034e04   0x0000016c   Code   RO         8962    i.timeslot_begin_handler  time_sync.o
    0x00034f70   0x00034f70   0x000000ec   Code   RO         8964    i.ts_enable         time_sync.o
    0x0003505c   0x0003505c   0x0000006c   Code   RO         8965    i.ts_init           time_sync.o
    0x000350c8   0x000350c8   0x0000013c   Code   RO         8966    i.ts_on_sys_evt     time_sync.o
    0x00035204   0x00035204   0x00000028   Code   RO         8969    i.ts_tx_start       time_sync.o
    0x0003522c   0x0003522c   0x0000000c   Code   RO         8970    i.ts_tx_stop        time_sync.o
    0x00035238   0x00035238   0x000000aa   Code   RO         3026    i.twi_clear_bus     nrf_drv_twi.o
    0x000352e2   0x000352e2   0x00000002   PAD
    0x000352e4   0x000352e4   0x00000018   Code   RO         5914    i.twi_close         usr_twi.o
    0x000352fc   0x000352fc   0x00000068   Code   RO         5915    i.twi_handler       usr_twi.o
    0x00035364   0x00035364   0x00000034   Code   RO         5916    i.twi_open          usr_twi.o
    0x00035398   0x00035398   0x00000044   Code   RO         3027    i.twim_evt_handler  nrf_drv_twi.o
    0x000353dc   0x000353dc   0x000001e4   Code   RO         3129    i.twim_irq_handler  nrfx_twim.o
    0x000355c0   0x000355c0   0x00000028   Code   RO         3130    i.twim_list_enable_handle  nrfx_twim.o
    0x000355e8   0x000355e8   0x000002b4   Code   RO         3131    i.twim_xfer         nrfx_twim.o
    0x0003589c   0x0003589c   0x00000020   Code   RO         2698    i.tx_byte           nrfx_uart.o
    0x000358bc   0x000358bc   0x0000001a   Code   RO         2699    i.tx_done_event     nrfx_uart.o
    0x000358d6   0x000358d6   0x0000001a   Code   RO         2883    i.tx_done_event     nrfx_uarte.o
    0x000358f0   0x000358f0   0x000000c4   Code   RO           30    i.uart_event_handle  main.o
    0x000359b4   0x000359b4   0x000000a4   Code   RO         3930    i.uart_event_handler  app_uart_fifo.o
    0x00035a58   0x00035a58   0x00000030   Code   RO         1987    i.uart_evt_handler  nrf_drv_uart.o
    0x00035a88   0x00035a88   0x0000012a   Code   RO         2700    i.uart_irq_handler  nrfx_uart.o
    0x00035bb2   0x00035bb2   0x00000002   PAD
    0x00035bb4   0x00035bb4   0x00000030   Code   RO         1988    i.uarte_evt_handler  nrf_drv_uart.o
    0x00035be4   0x00035be4   0x00000112   Code   RO         2884    i.uarte_irq_handler  nrfx_uarte.o
    0x00035cf6   0x00035cf6   0x0000000a   Code   RO         1045    i.uint16_encode     ble_advdata.o
    0x00035d00   0x00035d00   0x000000ac   Code   RO         4630    i.unsigned_print    nrf_fprintf_format.o
    0x00035dac   0x00035dac   0x000000a4   Code   RO         8971    i.update_radio_parameters  time_sync.o
    0x00035e50   0x00035e50   0x0000006c   Code   RO         1262    i.update_timeout_handler  ble_conn_params.o
    0x00035ebc   0x00035ebc   0x00000018   Code   RO         1155    i.use_whitelist     ble_advertising.o
    0x00035ed4   0x00035ed4   0x00000024   Code   RO         1724    i.user_mem_reply    nrf_ble_qwr.o
    0x00035ef8   0x00035ef8   0x00000020   Code   RO         3453    i.usr_event         app_button.o
    0x00035f18   0x00035f18   0x00000030   Code   RO         1046    i.uuid_list_encode  ble_advdata.o
    0x00035f48   0x00035f48   0x000000a0   Code   RO         1047    i.uuid_list_sized_encode  ble_advdata.o
    0x00035fe8   0x00035fe8   0x0000003a   Code   RO          775    i.wakeup_button_cfg  bsp.o
    0x00036022   0x00036022   0x00000064   Code   RO         3132    i.xfer_completeness_check  nrfx_twim.o
    0x00036086   0x00036086   0x0000000a   PAD
    0x00036090   0x00036090   0x000000b8   Data   RO           32    .constdata          main.o
    0x00036148   0x00036148   0x00000008   Data   RO          630    .constdata          boards.o
    0x00036150   0x00036150   0x0000002c   Data   RO          780    .constdata          bsp.o
    0x0003617c   0x0003617c   0x00000016   Data   RO         1618    .constdata          nrf_ble_gatt.o
    0x00036192   0x00036192   0x00000002   PAD
    0x00036194   0x00036194   0x00000010   Data   RO         1770    .constdata          ble_nus.o
    0x000361a4   0x000361a4   0x00000004   Data   RO         2363    .constdata          nrfx_gpiote.o
    0x000361a8   0x000361a8   0x00000004   Data   RO         2703    .constdata          nrfx_uart.o
    0x000361ac   0x000361ac   0x00000004   Data   RO         2887    .constdata          nrfx_uarte.o
    0x000361b0   0x000361b0   0x00000006   Data   RO         3028    .constdata          nrf_drv_twi.o
    0x000361b6   0x000361b6   0x00000002   PAD
    0x000361b8   0x000361b8   0x00000018   Data   RO         3135    .constdata          nrfx_twim.o
    0x000361d0   0x000361d0   0x00000008   Data   RO         3456    .constdata          app_button.o
    0x000361d8   0x000361d8   0x00000014   Data   RO         3804    .constdata          app_timer2.o
    0x000361ec   0x000361ec   0x00000020   Data   RO         3932    .constdata          app_uart_fifo.o
    0x0003620c   0x0003620c   0x00000004   PAD
    0x00036210   0x00036210   0x00000006   Data   RO         4094    .constdata          drv_rtc.o
    0x00036216   0x00036216   0x00000010   Data   RO         4631    .constdata          nrf_fprintf_format.o
    0x00036226   0x00036226   0x00000002   PAD
    0x00036228   0x00036228   0x00000018   Data   RO         4751    .constdata          nrf_pwr_mgmt.o
    0x00036240   0x00036240   0x0000000c   Data   RO         4752    .constdata          nrf_pwr_mgmt.o
    0x0003624c   0x0003624c   0x0000013c   Data   RO         4980    .constdata          nrf_strerror.o
    0x00036388   0x00036388   0x0000000c   Data   RO         5055    .constdata          nrf_log_backend_rtt.o
    0x00036394   0x00036394   0x0000000c   PAD
    0x000363a0   0x000363a0   0x00000006   Data   RO         5056    .constdata          nrf_log_backend_rtt.o
    0x000363a6   0x000363a6   0x00000002   PAD
    0x000363a8   0x000363a8   0x0000000c   Data   RO         5218    .constdata          nrf_log_frontend.o
    0x000363b4   0x000363b4   0x00000010   Data   RO         5717    .constdata          nrf_sdh.o
    0x000363c4   0x000363c4   0x00000028   Data   RO         5718    .constdata          nrf_sdh.o
    0x000363ec   0x000363ec   0x00000010   Data   RO         5719    .constdata          nrf_sdh.o
    0x000363fc   0x000363fc   0x00000010   Data   RO         5720    .constdata          nrf_sdh.o
    0x0003640c   0x0003640c   0x00000020   Data   RO         5825    .constdata          nrf_sdh_ble.o
    0x0003642c   0x0003642c   0x00000010   Data   RO         5826    .constdata          nrf_sdh_ble.o
    0x0003643c   0x0003643c   0x00000010   Data   RO         5876    .constdata          nrf_sdh_soc.o
    0x0003644c   0x0003644c   0x0000000c   Data   RO         5877    .constdata          nrf_sdh_soc.o
    0x00036458   0x00036458   0x00000020   Data   RO         5917    .constdata          usr_twi.o
    0x00036478   0x00036478   0x00000020   Data   RO         5995    .constdata          usr_tmr.o
    0x00036498   0x00036498   0x00000003   Data   RO         6059    .constdata          usr_gpio.o
    0x0003649b   0x0003649b   0x00000001   PAD
    0x0003649c   0x0003649c   0x00000020   Data   RO         6107    .constdata          imu.o
    0x000364bc   0x000364bc   0x00000004   PAD
    0x000364c0   0x000364c0   0x00000006   Data   RO         6108    .constdata          imu.o
    0x000364c6   0x000364c6   0x00000002   PAD
    0x000364c8   0x000364c8   0x00000070   Data   RO         6241    .constdata          deviceicm20948.o
    0x00036538   0x00036538   0x0000000c   Data   RO         6561    .constdata          icm20948auxcompassakm.o
    0x00036544   0x00036544   0x00000108   Data   RO         6731    .constdata          icm20948databasecontrol.o
    0x0003664c   0x0003664c   0x00000200   Data   RO         7723    .constdata          icm20948selftest.o
    0x0003684c   0x0003684c   0x0000000c   Data   RO         7785    .constdata          icm20948setup.o
    0x00036858   0x00036858   0x00000081   Data   RO         9195    .constdata          mc_w.l(ctype_o.o)
    0x000368d9   0x000368d9   0x00000003   PAD
    0x000368dc   0x000368dc   0x00000004   Data   RO         9196    .constdata          mc_w.l(ctype_o.o)
    0x000368e0   0x000368e0   0x00000020   Data   RO         9550    .constdata          m_wm.l(rredf.o)
    0x00036900   0x00036900   0x0000013e   Data   RO         1619    .conststring        nrf_ble_gatt.o
    0x00036a3e   0x00036a3e   0x00000002   PAD
    0x00036a40   0x00036a40   0x000003eb   Data   RO         4981    .conststring        nrf_strerror.o
    0x00036e2b   0x00036e2b   0x00000001   PAD
    0x00036e2c   0x00036e2c   0x00000066   Data   RO         5380    .conststring        nrf_log_str_formatter.o
    0x00036e92   0x00036e92   0x00000002   PAD
    0x00036e94   0x00036e94   0x000001cf   Data   RO         5827    .conststring        nrf_sdh_ble.o
    0x00037063   0x00037063   0x00000001   PAD
    0x00037064   0x00037064   0x00000af7   Data   RO         6425    .conststring        sensor.o
    0x00037b5b   0x00037b5b   0x00000001   PAD
    0x00037b5c   0x00037b5c   0x0000000d   Data   RO         1620    .conststrlit        nrf_ble_gatt.o
    0x00037b69   0x00037b69   0x00000003   PAD
    0x00037b6c   0x00037b6c   0x00000008   Data   RO         1771    .conststrlit        ble_nus.o
    0x00037b74   0x00037b74   0x00000006   Data   RO         1849    .conststrlit        nrf_drv_clock.o
    0x00037b7a   0x00037b7a   0x00000002   PAD
    0x00037b7c   0x00037b7c   0x00000006   Data   RO         2194    .conststrlit        nrfx_clock.o
    0x00037b82   0x00037b82   0x00000002   PAD
    0x00037b84   0x00037b84   0x00000007   Data   RO         2367    .conststrlit        nrfx_gpiote.o
    0x00037b8b   0x00037b8b   0x00000001   PAD
    0x00037b8c   0x00037b8c   0x00000004   Data   RO         2626    .conststrlit        nrfx_prs.o
    0x00037b90   0x00037b90   0x00000005   Data   RO         2706    .conststrlit        nrfx_uart.o
    0x00037b95   0x00037b95   0x00000003   PAD
    0x00037b98   0x00037b98   0x00000006   Data   RO         2890    .conststrlit        nrfx_uarte.o
    0x00037b9e   0x00037b9e   0x00000002   PAD
    0x00037ba0   0x00037ba0   0x00000005   Data   RO         3138    .conststrlit        nrfx_twim.o
    0x00037ba5   0x00037ba5   0x00000003   PAD
    0x00037ba8   0x00037ba8   0x00000006   Data   RO         3296    .conststrlit        nrfx_timer.o
    0x00037bae   0x00037bae   0x00000002   PAD
    0x00037bb0   0x00037bb0   0x0000000b   Data   RO         3457    .conststrlit        app_button.o
    0x00037bbb   0x00037bbb   0x00000001   PAD
    0x00037bbc   0x00037bbc   0x0000000a   Data   RO         3805    .conststrlit        app_timer2.o
    0x00037bc6   0x00037bc6   0x00000002   PAD
    0x00037bc8   0x00037bc8   0x00000009   Data   RO         4753    .conststrlit        nrf_pwr_mgmt.o
    0x00037bd1   0x00037bd1   0x00000003   PAD
    0x00037bd4   0x00037bd4   0x00000009   Data   RO         4927    .conststrlit        nrf_sortlist.o
    0x00037bdd   0x00037bdd   0x00000003   PAD
    0x00037be0   0x00037be0   0x00000010   Data   RO         5153    .conststrlit        nrf_log_default_backends.o
    0x00037bf0   0x00037bf0   0x00000004   Data   RO         5219    .conststrlit        nrf_log_frontend.o
    0x00037bf4   0x00037bf4   0x00000008   Data   RO         5721    .conststrlit        nrf_sdh.o
    0x00037bfc   0x00037bfc   0x0000000c   Data   RO         5828    .conststrlit        nrf_sdh_ble.o
    0x00037c08   0x00037c08   0x0000000c   Data   RO         5878    .conststrlit        nrf_sdh_soc.o
    0x00037c14   0x00037c14   0x0000000a   Data   RO         8975    .conststrlit        time_sync.o
    0x00037c1e   0x00037c1e   0x00000002   PAD
    0x00037c20   0x00037c20   0x00000020   Data   RO         9592    Region$$Table       anon$$obj.o
    0x00037c40   0x00037c40   0x00000010   Data   RO         5155    log_backends        nrf_log_default_backends.o
    0x00037c50   0x00037c50   0x00000008   Data   RO         1621    log_const_data      nrf_ble_gatt.o
    0x00037c58   0x00037c58   0x00000008   Data   RO         1772    log_const_data      ble_nus.o
    0x00037c60   0x00037c60   0x00000008   Data   RO         1850    log_const_data      nrf_drv_clock.o
    0x00037c68   0x00037c68   0x00000008   Data   RO         2196    log_const_data      nrfx_clock.o
    0x00037c70   0x00037c70   0x00000008   Data   RO         2368    log_const_data      nrfx_gpiote.o
    0x00037c78   0x00037c78   0x00000008   Data   RO         2628    log_const_data      nrfx_prs.o
    0x00037c80   0x00037c80   0x00000008   Data   RO         2707    log_const_data      nrfx_uart.o
    0x00037c88   0x00037c88   0x00000008   Data   RO         2891    log_const_data      nrfx_uarte.o
    0x00037c90   0x00037c90   0x00000008   Data   RO         3139    log_const_data      nrfx_twim.o
    0x00037c98   0x00037c98   0x00000008   Data   RO         3297    log_const_data      nrfx_timer.o
    0x00037ca0   0x00037ca0   0x00000008   Data   RO         3459    log_const_data      app_button.o
    0x00037ca8   0x00037ca8   0x00000008   Data   RO         3808    log_const_data      app_timer2.o
    0x00037cb0   0x00037cb0   0x00000008   Data   RO         4755    log_const_data      nrf_pwr_mgmt.o
    0x00037cb8   0x00037cb8   0x00000008   Data   RO         4928    log_const_data      nrf_sortlist.o
    0x00037cc0   0x00037cc0   0x00000008   Data   RO         5223    log_const_data      nrf_log_frontend.o
    0x00037cc8   0x00037cc8   0x00000008   Data   RO         5723    log_const_data      nrf_sdh.o
    0x00037cd0   0x00037cd0   0x00000008   Data   RO         5830    log_const_data      nrf_sdh_ble.o
    0x00037cd8   0x00037cd8   0x00000008   Data   RO         5879    log_const_data      nrf_sdh_soc.o
    0x00037ce0   0x00037ce0   0x00000008   Data   RO         8978    log_const_data      time_sync.o
    0x00037ce8   0x00037ce8   0x00000014   Data   RO         5224    nrf_balloc          nrf_log_frontend.o
    0x00037cfc   0x00037cfc   0x00000014   Data   RO         8979    nrf_balloc          time_sync.o
    0x00037d10   0x00037d10   0x00000008   Data   RO         1364    sdh_ble_observers0  ble_conn_state.o
    0x00037d18   0x00037d18   0x00000010   Data   RO           37    sdh_ble_observers1  main.o
    0x00037d28   0x00037d28   0x00000008   Data   RO          899    sdh_ble_observers1  bsp_btn_ble.o
    0x00037d30   0x00037d30   0x00000008   Data   RO         1265    sdh_ble_observers1  ble_conn_params.o
    0x00037d38   0x00037d38   0x00000010   Data   RO           38    sdh_ble_observers2  main.o
    0x00037d48   0x00037d48   0x00000008   Data   RO           39    sdh_ble_observers3  main.o
    0x00037d50   0x00037d50   0x00000008   Data   RO         1851    sdh_soc_observers0  nrf_drv_clock.o
    0x00037d58   0x00037d58   0x00000008   Data   RO         8980    sdh_soc_observers0  time_sync.o
    0x00037d60   0x00037d60   0x00000008   Data   RO         5831    sdh_stack_observers0  nrf_sdh_ble.o
    0x00037d68   0x00037d68   0x00000008   Data   RO         5880    sdh_stack_observers0  nrf_sdh_soc.o
    0x00037d70   0x00037d70   0x00000008   Data   RO         1852    sdh_state_observers0  nrf_drv_clock.o


    Execution Region RW_IRAM1 (Exec base: 0x20002be0, Load base: 0x00037d78, Size: 0x0000a5e8, Max: 0x0000d420, ABSOLUTE, COMPRESSED[0x00002a4c])

    Exec Addr    Load Addr    Size         Type   Attr      Idx    E Section Name        Object

    0x20002be0   COMPRESSED   0x00003814   Data   RW           33    .data               main.o
    0x200063f4   COMPRESSED   0x00000008   Data   RW           34    .data               main.o
    0x200063fc   COMPRESSED   0x00000001   Data   RW           35    .data               main.o
    0x200063fd   COMPRESSED   0x00000003   PAD
    0x20006400   COMPRESSED   0x00000004   Data   RW           36    .data               main.o
    0x20006404   COMPRESSED   0x00000010   Data   RW          781    .data               bsp.o
    0x20006414   COMPRESSED   0x00000008   Data   RW          898    .data               bsp_btn_ble.o
    0x2000641c   COMPRESSED   0x00000008   Data   RW         1264    .data               ble_conn_params.o
    0x20006424   COMPRESSED   0x0000000c   Data   RW         1989    .data               nrf_drv_uart.o
    0x20006430   COMPRESSED   0x00000008   Data   RW         2195    .data               nrfx_clock.o
    0x20006438   COMPRESSED   0x00000008   Data   RW         2627    .data               nrfx_prs.o
    0x20006440   COMPRESSED   0x00000010   Data   RW         3029    .data               nrf_drv_twi.o
    0x20006450   COMPRESSED   0x00000018   Data   RW         3458    .data               app_button.o
    0x20006468   COMPRESSED   0x00000010   Data   RW         3736    .data               app_scheduler.o
    0x20006478   COMPRESSED   0x00000020   Data   RW         3806    .data               app_timer2.o
    0x20006498   COMPRESSED   0x00000004   Data   RW         3807    .data               app_timer2.o
    0x2000649c   COMPRESSED   0x0000001c   Data   RW         3933    .data               app_uart_fifo.o
    0x200064b8   COMPRESSED   0x0000000c   Data   RW         4095    .data               drv_rtc.o
    0x200064c4   COMPRESSED   0x00000008   Data   RW         4754    .data               nrf_pwr_mgmt.o
    0x200064cc   COMPRESSED   0x00000004   Data   RW         5013    .data               retarget.o
    0x200064d0   COMPRESSED   0x00000001   Data   RW         5057    .data               nrf_log_backend_rtt.o
    0x200064d1   COMPRESSED   0x00000003   PAD
    0x200064d4   COMPRESSED   0x00000008   Data   RW         5154    .data               nrf_log_default_backends.o
    0x200064dc   COMPRESSED   0x00000004   Data   RW         5220    .data               nrf_log_frontend.o
    0x200064e0   COMPRESSED   0x00000008   Data   RW         5221    .data               nrf_log_frontend.o
    0x200064e8   COMPRESSED   0x00000008   Data   RW         5222    .data               nrf_log_frontend.o
    0x200064f0   COMPRESSED   0x00000040   Data   RW         5381    .data               nrf_log_str_formatter.o
    0x20006530   COMPRESSED   0x00000003   Data   RW         5722    .data               nrf_sdh.o
    0x20006533   COMPRESSED   0x00000001   Data   RW         5829    .data               nrf_sdh_ble.o
    0x20006534   COMPRESSED   0x00000002   Data   RW         5918    .data               usr_twi.o
    0x20006536   COMPRESSED   0x00000002   PAD
    0x20006538   COMPRESSED   0x00000004   Data   RW         6109    .data               imu.o
    0x2000653c   COMPRESSED   0x00000008   Data   RW         6110    .data               imu.o
    0x20006544   COMPRESSED   0x00000208   Data   RW         6426    .data               sensor.o
    0x2000674c   COMPRESSED   0x00000008   Data   RW         6928    .data               icm20948databasedriver.o
    0x20006754   COMPRESSED   0x00000014   Data   RW         7122    .data               icm20948dataconverter.o
    0x20006768   COMPRESSED   0x00000002   Data   RW         7319    .data               icm20948dmp3driver.o
    0x2000676a   COMPRESSED   0x00000002   PAD
    0x2000676c   COMPRESSED   0x00000004   Data   RW         7977    .data               icm20948transport.o
    0x20006770   COMPRESSED   0x00000008   Data   RW         8713    .data               message.o
    0x20006778   COMPRESSED   0x00000060   Data   RW         8976    .data               time_sync.o
    0x200067d8   COMPRESSED   0x00000008   Data   RW         8977    .data               time_sync.o
    0x200067e0   COMPRESSED   0x00000004   Data   RW         9098    .data               system_nrf52.o
    0x200067e4   COMPRESSED   0x00000004   Data   RW         9568    .data               mc_w.l(mvars.o)
    0x200067e8   COMPRESSED   0x00000004   Data   RW         9569    .data               mc_w.l(mvars.o)
    0x200067ec   COMPRESSED   0x00000004   Data   RW         9573    .data               mc_w.l(errno.o)
    0x200067f0        -       0x00001924   Zero   RW           31    .bss                main.o
    0x20008114   COMPRESSED   0x00000004   PAD
    0x20008118        -       0x00000020   Zero   RW          776    .bss                bsp.o
    0x20008138        -       0x00000020   Zero   RW          777    .bss                bsp.o
    0x20008158        -       0x0000000c   Zero   RW          778    .bss                bsp.o
    0x20008164   COMPRESSED   0x00000004   PAD
    0x20008168        -       0x00000020   Zero   RW          779    .bss                bsp.o
    0x20008188        -       0x00000050   Zero   RW         1263    .bss                ble_conn_params.o
    0x200081d8        -       0x0000007c   Zero   RW         1363    .bss                ble_conn_state.o
    0x20008254        -       0x00000014   Zero   RW         1844    .bss                nrf_drv_clock.o
    0x20008268        -       0x0000005c   Zero   RW         2362    .bss                nrfx_gpiote.o
    0x200082c4        -       0x0000002c   Zero   RW         2701    .bss                nrfx_uart.o
    0x200082f0        -       0x00000024   Zero   RW         2885    .bss                nrfx_uarte.o
    0x20008314        -       0x00000038   Zero   RW         3133    .bss                nrfx_twim.o
    0x2000834c        -       0x00000024   Zero   RW         3294    .bss                nrfx_timer.o
    0x20008370        -       0x00000020   Zero   RW         3454    .bss                app_button.o
    0x20008390        -       0x00000010   Zero   RW         3455    .bss                app_button.o
    0x200083a0        -       0x00000010   Zero   RW         3802    .bss                app_timer2.o
    0x200083b0        -       0x00000058   Zero   RW         3803    .bss                app_timer2.o
    0x20008408        -       0x00000020   Zero   RW         3931    .bss                app_uart_fifo.o
    0x20008428        -       0x0000000c   Zero   RW         4009    .bss                app_util_platform.o
    0x20008434        -       0x0000000c   Zero   RW         4750    .bss                nrf_pwr_mgmt.o
    0x20008440        -       0x00000040   Zero   RW         5054    .bss                nrf_log_backend_rtt.o
    0x20008480        -       0x000000c0   Zero   RW         5214    .bss                nrf_log_frontend.o
    0x20008540        -       0x00000080   Zero   RW         5215    .bss                nrf_log_frontend.o
    0x200085c0        -       0x00000018   Zero   RW         5216    .bss                nrf_log_frontend.o
    0x200085d8        -       0x00000420   Zero   RW         5217    .bss                nrf_log_frontend.o
    0x200089f8        -       0x00000288   Zero   RW         5475    .bss                segger_rtt.o
    0x20008c80        -       0x000004a4   Zero   RW         7557    .bss                icm20948mpufifocontrol.o
    0x20009124        -       0x0000000a   Zero   RW         8972    .bss                time_sync.o
    0x2000912e   COMPRESSED   0x00000002   PAD
    0x20009130        -       0x00000078   Zero   RW         8973    .bss                time_sync.o
    0x200091a8        -       0x00000020   Zero   RW         8974    .bss                time_sync.o
    0x200091c8        -       0x00002000   Zero   RW         9087    HEAP                arm_startup_nrf52.o
    0x2000b1c8        -       0x00002000   Zero   RW         9086    STACK               arm_startup_nrf52.o


==============================================================================

Image component sizes


      Code (inc. data)   RO Data    RW Data    ZI Data      Debug   Object Name

       664         70         27         24         48      18062   app_button.o
        22          0          0          0          0       3789   app_error.o
        26          0          0          0          0        588   app_error_handler_keil.o
       128         44          0          0          0      42742   app_error_weak.o
       118          0          0          0          0       5138   app_fifo.o
       260         22          0         16          0      42645   app_scheduler.o
       846         90         38         36        104      16997   app_timer2.o
       528         60         32         28         32      18162   app_uart_fifo.o
       120         14          0          0         12      10766   app_util_platform.o
        36          8        512          0      16384        944   arm_startup_nrf52.o
      1358          0          0          0          0      61000   ble_advdata.o
      1092          6          0          0          0      18315   ble_advertising.o
       684         42          8          8         80      13079   ble_conn_params.o
       394          8          8          0        124       7855   ble_conn_state.o
        72          0          0          0          0       2868   ble_link_ctx_manager.o
       670          6         32          0          0       9084   ble_nus.o
       456          6          0          0          0      40733   ble_srv_common.o
       358         38          8          0          0      67709   boards.o
       994         86         44         16        108      23555   bsp.o
       256         10          8          8          0      55692   bsp_btn_ble.o
      2068        504        112          0          0      43957   deviceicm20948.o
       704         76          6         12          0      48713   drv_rtc.o
       950          4          0          0          0      23681   icm20948augmented.o
      1178         12         12          0          0      10803   icm20948auxcompassakm.o
       506          0          0          0          0       8568   icm20948auxtransport.o
      4180        128        264          0          0      30581   icm20948databasecontrol.o
      1808         22          0          8          0      23968   icm20948databasedriver.o
      2666         52          0         20          0      23004   icm20948dataconverter.o
      1986         18          0          2          0      24447   icm20948dmp3driver.o
       176          0          0          0          0       1429   icm20948loadfirmware.o
      1864         82          0          0       1188      27941   icm20948mpufifocontrol.o
      1466         12        512          0          0       9484   icm20948selftest.o
      4266         96         12          0          0      52140   icm20948setup.o
      1208          0          0          4          0      18155   icm20948transport.o
      1492        582         38         12          0      28231   imu.o
      3632       1080        224      14369       6436     212949   main.o
        68         10          0          8          0       3026   message.o
       326          0          0          0          0       6075   nrf_atfifo.o
        64          0          0          0          0       3128   nrf_atflags.o
       306          0          0          0          0       8199   nrf_atomic.o
       164          0          0          0          0       3704   nrf_balloc.o
      1754        786        361          0          0      40141   nrf_ble_gatt.o
       276          0          0          0          0       6317   nrf_ble_qwr.o
       312         34         30          0         20      47880   nrf_drv_clock.o
       332         18          6         16          0      26351   nrf_drv_twi.o
       200         22          0         12          0      17996   nrf_drv_uart.o
        50          0          0          0          0       3041   nrf_fprintf.o
       832          4         16          0          0       6826   nrf_fprintf_format.o
       132         16         18          1         64       6449   nrf_log_backend_rtt.o
       200          0          0          0          0      11073   nrf_log_backend_serial.o
        28          4         32          8          0       3397   nrf_log_default_backends.o
      1748        138         44         20       1400      34284   nrf_log_frontend.o
       566        108        102         64          0       5804   nrf_log_str_formatter.o
       342          0          0          0          0       9803   nrf_memobj.o
       108         16         53          8         12      44182   nrf_pwr_mgmt.o
        28          0          0          0          0       2423   nrf_ringbuf.o
       388         46        104          3          0      41679   nrf_sdh.o
       728        236        539          1          0       6197   nrf_sdh_ble.o
        60          4         56          0          0       2664   nrf_sdh_soc.o
        78          0          0          0          0       2852   nrf_section_iter.o
        84          0         17          0          0       4217   nrf_sortlist.o
        76         10       1319          0          0       2815   nrf_strerror.o
       242         32         14          8          0      47392   nrfx_clock.o
      1272        104         19          0         92      66593   nrfx_gpiote.o
       110         16         12          8          0       4632   nrfx_prs.o
       510         38         14          0         36      18660   nrfx_timer.o
      1964         50         37          0         56      65744   nrfx_twim.o
      1368         38         17          0         44      31005   nrfx_uart.o
      1286         36         18          0         36      25655   nrfx_uarte.o
        14          0          0          4          0       2950   retarget.o
       378         34          0          0        648       9233   segger_rtt.o
        44         10       2807        520          0        761   sensor.o
       828         74          0          4          0      13791   system_nrf52.o
      2382        684         46        104        162      15681   time_sync.o
        48          8          3          0          0      10020   usr_gpio.o
       344        134         32          0          0      12575   usr_tmr.o
       476         68         32          2          0      23219   usr_twi.o

    ----------------------------------------------------------------------
     59850       5956       7744      15364      27096    1746208   Object Totals
         0          0         32          0          0          0   (incl. Generated)
       102          0         67         10         10          0   (incl. Padding)

    ----------------------------------------------------------------------

      Code (inc. data)   RO Data    RW Data    ZI Data      Debug   Library Member Name

       336         56          0          0          0        136   cosf.o
        38          0          0          0          0        116   fpclassifyf.o
        38         12          0          0          0        348   funder.o
       340         24         32          0          0        160   rredf.o
       400         56          0          0          0        212   sinf.o
        58          0          0          0          0        136   sqrtf.o
        86          0          0          0          0          0   __dczerorl2.o
         8          4        133          0          0         68   ctype_o.o
         0          0          0          0          0          0   entry.o
         0          0          0          0          0          0   entry10a.o
         0          0          0          0          0          0   entry11a.o
         8          4          0          0          0          0   entry2.o
         4          0          0          0          0          0   entry5.o
         0          0          0          0          0          0   entry7b.o
         0          0          0          0          0          0   entry8b.o
         8          4          0          0          0          0   entry9a.o
        12          6          0          4          0         68   errno.o
        30          0          0          0          0          0   handlers.o
        36          8          0          0          0         68   init.o
         0          0          0          0          0          0   iusefp.o
        30          0          0          0          0         68   llshl.o
        36          0          0          0          0         68   llsshr.o
        32          0          0          0          0         68   llushr.o
       188         20          0          0          0        160   malloc.o
        26          0          0          0          0         80   memcmp.o
        64          0          0          0          0         76   memmovea.o
        36          0          0          0          0        108   memseta.o
         0          0          0          8          0          0   mvars.o
      2258         90          0          0          0        452   printfa.o
        18          0          0          0          0         68   strcpy.o
        14          0          0          0          0         68   strlen.o
        44          0          0          0          0         80   uidiv.o
        98          0          0          0          0         92   uldiv.o
        48          0          0          0          0         68   cdrcmple.o
       334          0          0          0          0        148   dadd.o
       222          0          0          0          0        100   ddiv.o
       186          0          0          0          0        176   depilogue.o
        48          0          0          0          0         68   dfixul.o
       228          0          0          0          0         96   dmul.o

    ----------------------------------------------------------------------
      5318        284        168         12          0       3356   Library Totals
         6          0          3          0          0          0   (incl. Padding)

    ----------------------------------------------------------------------

      Code (inc. data)   RO Data    RW Data    ZI Data      Debug   Library Name

      1210        148         32          0          0       1108   m_wm.l
      3036        136        133         12          0       1592   mc_w.l
      1066          0          0          0          0        656   mf_w.l

    ----------------------------------------------------------------------
      5318        284        168         12          0       3356   Library Totals

    ----------------------------------------------------------------------

==============================================================================


      Code (inc. data)   RO Data    RW Data    ZI Data      Debug   

     65168       6240       7912      15376      27096    1684256   Grand Totals
     65168       6240       7912      10828      27096    1684256   ELF Image Totals (compressed)
     65168       6240       7912      10828          0          0   ROM Totals

==============================================================================

    Total RO  Size (Code + RO Data)                73080 (  71.37kB)
    Total RW  Size (RW Data + ZI Data)             42472 (  41.48kB)
    Total ROM Size (Code + RO Data + RW Data)      83908 (  81.94kB)

==============================================================================

